[zincheis@localhost ~]$ sudo dnf update -y
[sudo] password for zincheis:
Last metadata expiration check: 0:48:59 ago on Sat 15 Mar 2025 02:01:28 PM EET.
Dependencies resolved.
Nothing to do.
Complete!
[zincheis@localhost ~]$ sudo dnf install httpd -y
Last metadata expiration check: 0:49:11 ago on Sat 15 Mar 2025 02:01:28 PM EET.
Dependencies resolved.
================================================================================================
 Package                  Architecture Version                    Repository               Size
================================================================================================
Installing:
 httpd                    x86_64       2.4.62-1.0.1.el9_5.2       ol9_appstream            65 k
Installing dependencies:
 apr                      x86_64       1.7.0-12.el9_3             ol9_appstream           131 k
 apr-util                 x86_64       1.6.1-23.el9               ol9_appstream            99 k
 apr-util-bdb             x86_64       1.6.1-23.el9               ol9_appstream            12 k
 httpd-core               x86_64       2.4.62-1.0.1.el9_5.2       ol9_appstream           1.8 M
 httpd-filesystem         noarch       2.4.62-1.0.1.el9_5.2       ol9_appstream            12 k
 httpd-tools              x86_64       2.4.62-1.0.1.el9_5.2       ol9_appstream            94 k
 oracle-logos-httpd       noarch       90.2-1.0.4.el9             ol9_baseos_latest        37 k
Installing weak dependencies:
 apr-util-openssl         x86_64       1.6.1-23.el9               ol9_appstream            14 k
 mod_http2                x86_64       2.0.26-2.el9_4.1           ol9_appstream           171 k
 mod_lua                  x86_64       2.4.62-1.0.1.el9_5.2       ol9_appstream            59 k

Transaction Summary
================================================================================================
Install  11 Packages

Total download size: 2.5 M
Installed size: 6.1 M
Downloading Packages:
(1/11): oracle-logos-httpd-90.2-1.0.4.el9.noarch.rpm            170 kB/s |  37 kB     00:00
(2/11): apr-util-1.6.1-23.el9.x86_64.rpm                        428 kB/s |  99 kB     00:00
(3/11): apr-util-bdb-1.6.1-23.el9.x86_64.rpm                    460 kB/s |  12 kB     00:00
(4/11): apr-util-openssl-1.6.1-23.el9.x86_64.rpm                548 kB/s |  14 kB     00:00
(5/11): apr-1.7.0-12.el9_3.x86_64.rpm                           492 kB/s | 131 kB     00:00
(6/11): httpd-filesystem-2.4.62-1.0.1.el9_5.2.noarch.rpm        225 kB/s |  12 kB     00:00
(7/11): httpd-2.4.62-1.0.1.el9_5.2.x86_64.rpm                   730 kB/s |  65 kB     00:00
(8/11): httpd-tools-2.4.62-1.0.1.el9_5.2.x86_64.rpm             2.8 MB/s |  94 kB     00:00
(9/11): mod_lua-2.4.62-1.0.1.el9_5.2.x86_64.rpm                 2.2 MB/s |  59 kB     00:00
(10/11): mod_http2-2.0.26-2.el9_4.1.x86_64.rpm                  2.9 MB/s | 171 kB     00:00
(11/11): httpd-core-2.4.62-1.0.1.el9_5.2.x86_64.rpm              11 MB/s | 1.8 MB     00:00
------------------------------------------------------------------------------------------------
Total                                                           5.8 MB/s | 2.5 MB     00:00
Oracle Linux 9 BaseOS Latest (x86_64)                           6.1 MB/s | 6.2 kB     00:00
Importing GPG key 0x8D8B756F:
 Userid     : "Oracle Linux (release key 1) <secalert_us@oracle.com>"
 Fingerprint: 3E6D 826D 3FBA B389 C2F3 8E34 BC4D 06A0 8D8B 756F
 From       : /etc/pki/rpm-gpg/RPM-GPG-KEY-oracle
Key imported successfully
Importing GPG key 0x8B4EFBE6:
 Userid     : "Oracle Linux (backup key 1) <secalert_us@oracle.com>"
 Fingerprint: 9822 3175 9C74 6706 5D0C E9B2 A7DD 0708 8B4E FBE6
 From       : /etc/pki/rpm-gpg/RPM-GPG-KEY-oracle
Key imported successfully
Running transaction check
Transaction check succeeded.
Running transaction test
Transaction test succeeded.
Running transaction
  Preparing        :                                                                        1/1
  Installing       : apr-1.7.0-12.el9_3.x86_64                                             1/11
  Installing       : apr-util-bdb-1.6.1-23.el9.x86_64                                      2/11
  Installing       : apr-util-openssl-1.6.1-23.el9.x86_64                                  3/11
  Installing       : apr-util-1.6.1-23.el9.x86_64                                          4/11
  Installing       : httpd-tools-2.4.62-1.0.1.el9_5.2.x86_64                               5/11
  Running scriptlet: httpd-filesystem-2.4.62-1.0.1.el9_5.2.noarch                          6/11
  Installing       : httpd-filesystem-2.4.62-1.0.1.el9_5.2.noarch                          6/11
  Installing       : httpd-core-2.4.62-1.0.1.el9_5.2.x86_64                                7/11
  Installing       : mod_lua-2.4.62-1.0.1.el9_5.2.x86_64                                   8/11
  Installing       : oracle-logos-httpd-90.2-1.0.4.el9.noarch                              9/11
  Installing       : mod_http2-2.0.26-2.el9_4.1.x86_64                                    10/11
  Installing       : httpd-2.4.62-1.0.1.el9_5.2.x86_64                                    11/11
  Running scriptlet: httpd-2.4.62-1.0.1.el9_5.2.x86_64                                    11/11
  Verifying        : oracle-logos-httpd-90.2-1.0.4.el9.noarch                              1/11
  Verifying        : apr-1.7.0-12.el9_3.x86_64                                             2/11
  Verifying        : apr-util-1.6.1-23.el9.x86_64                                          3/11
  Verifying        : apr-util-bdb-1.6.1-23.el9.x86_64                                      4/11
  Verifying        : apr-util-openssl-1.6.1-23.el9.x86_64                                  5/11
  Verifying        : httpd-2.4.62-1.0.1.el9_5.2.x86_64                                     6/11
  Verifying        : httpd-core-2.4.62-1.0.1.el9_5.2.x86_64                                7/11
  Verifying        : httpd-filesystem-2.4.62-1.0.1.el9_5.2.noarch                          8/11
  Verifying        : httpd-tools-2.4.62-1.0.1.el9_5.2.x86_64                               9/11
  Verifying        : mod_http2-2.0.26-2.el9_4.1.x86_64                                    10/11
  Verifying        : mod_lua-2.4.62-1.0.1.el9_5.2.x86_64                                  11/11

Installed:
  apr-1.7.0-12.el9_3.x86_64                         apr-util-1.6.1-23.el9.x86_64
  apr-util-bdb-1.6.1-23.el9.x86_64                  apr-util-openssl-1.6.1-23.el9.x86_64
  httpd-2.4.62-1.0.1.el9_5.2.x86_64                 httpd-core-2.4.62-1.0.1.el9_5.2.x86_64
  httpd-filesystem-2.4.62-1.0.1.el9_5.2.noarch      httpd-tools-2.4.62-1.0.1.el9_5.2.x86_64
  mod_http2-2.0.26-2.el9_4.1.x86_64                 mod_lua-2.4.62-1.0.1.el9_5.2.x86_64
  oracle-logos-httpd-90.2-1.0.4.el9.noarch

Complete!
[zincheis@localhost ~]$

[zincheis@localhost ~]$ sudo systemctl start httpd
[zincheis@localhost ~]$ sudo systemctl status httpd
● httpd.service - The Apache HTTP Server
     Loaded: loaded (/usr/lib/systemd/system/httpd.service; disabled; preset: disabled)
     Active: active (running) since Sat 2025-03-15 14:51:11 EET; 5s ago
       Docs: man:httpd.service(8)
   Main PID: 35743 (httpd)
     Status: "Started, listening on: port 80"
      Tasks: 177 (limit: 9260)
     Memory: 22.0M
        CPU: 36ms
     CGroup: /system.slice/httpd.service
             ├─35743 /usr/sbin/httpd -DFOREGROUND
             ├─35744 /usr/sbin/httpd -DFOREGROUND
             ├─35745 /usr/sbin/httpd -DFOREGROUND
             ├─35746 /usr/sbin/httpd -DFOREGROUND
             └─35747 /usr/sbin/httpd -DFOREGROUND

Mar 15 14:51:11 localhost.localdomain systemd[1]: Starting The Apache HTTP Server...
Mar 15 14:51:11 localhost.localdomain httpd[35743]: AH00558: httpd: Could not reliably determin>
Mar 15 14:51:11 localhost.localdomain systemd[1]: Started The Apache HTTP Server.
Mar 15 14:51:11 localhost.localdomain httpd[35743]: Server configured, listening on: port 80

[zincheis@localhost ~]$ sudo systemctl enable httpd
Created symlink /etc/systemd/system/multi-user.target.wants/httpd.service → /usr/lib/systemd/system/httpd.service.
[zincheis@localhost ~]$


[zincheis@localhost ~]$ sudo dnf install php php-mysqli php-gd php-xml php-xmlrpc php-mbstring php-json php-opcache -y
Last metadata expiration check: 0:52:04 ago on Sat 15 Mar 2025 02:01:28 PM EET.
No match for argument: php-xmlrpc
Error: Unable to find a match: php-xmlrpc
[zincheis@localhost ~]$ sudo dnf install epel-release
Last metadata expiration check: 0:52:44 ago on Sat 15 Mar 2025 02:01:28 PM EET.
Dependencies resolved.
================================================================================================
 Package                      Arch        Version                  Repository              Size
================================================================================================
Installing:
 oracle-epel-release-el9      x86_64      1.0-1.el9                ol9_baseos_latest       14 k
Installing dependencies:
 yum-utils                    noarch      4.3.0-16.0.1.el9         ol9_baseos_latest       53 k

Transaction Summary
================================================================================================
Install  2 Packages

Total download size: 67 k
Installed size: 41 k
Is this ok [y/N]: y
Downloading Packages:
(1/2): oracle-epel-release-el9-1.0-1.el9.x86_64.rpm              51 kB/s |  14 kB     00:00
(2/2): yum-utils-4.3.0-16.0.1.el9.noarch.rpm                    174 kB/s |  53 kB     00:00
------------------------------------------------------------------------------------------------
Total                                                           216 kB/s |  67 kB     00:00
Running transaction check
Transaction check succeeded.
Running transaction test
Transaction test succeeded.
Running transaction
  Preparing        :                                                                        1/1
  Installing       : yum-utils-4.3.0-16.0.1.el9.noarch                                      1/2
  Installing       : oracle-epel-release-el9-1.0-1.el9.x86_64                               2/2
  Running scriptlet: oracle-epel-release-el9-1.0-1.el9.x86_64                               2/2
  Verifying        : oracle-epel-release-el9-1.0-1.el9.x86_64                               1/2
  Verifying        : yum-utils-4.3.0-16.0.1.el9.noarch                                      2/2

Installed:
  oracle-epel-release-el9-1.0-1.el9.x86_64           yum-utils-4.3.0-16.0.1.el9.noarch

Complete!
[zincheis@localhost ~]$ sudo dnf install php php-mysqli php-gd php-xml php-xmlrpc php-mbstring php-json php-opcache -y
Oracle Linux 9 EPEL Packages for Development (x86_64)            31 MB/s |  29 MB     00:00
Last metadata expiration check: 0:00:10 ago on Sat 15 Mar 2025 02:54:32 PM EET.
No match for argument: php-xmlrpc
Error: Unable to find a match: php-xmlrpc
[zincheis@localhost ~]$ sudo dnf install https://rpms.remirepo.net/enterprise/remi-release-9.rpm
Last metadata expiration check: 0:00:49 ago on Sat 15 Mar 2025 02:54:32 PM EET.
remi-release-9.rpm                                               84 kB/s |  32 kB     00:00
Dependencies resolved.
================================================================================================
 Package                Architecture     Version                   Repository              Size
================================================================================================
Installing:
 remi-release           noarch           9.5-2.el9.remi            @commandline            32 k

Transaction Summary
================================================================================================
Install  1 Package

Total size: 32 k
Installed size: 34 k
Is this ok [y/N]: y
Downloading Packages:
Running transaction check
Transaction check succeeded.
Running transaction test
Transaction test succeeded.
Running transaction
  Preparing        :                                                                        1/1
  Installing       : remi-release-9.5-2.el9.remi.noarch                                     1/1
  Verifying        : remi-release-9.5-2.el9.remi.noarch                                     1/1

Installed:
  remi-release-9.5-2.el9.remi.noarch

Complete!
[zincheis@localhost ~]$ sudo dnf module enable php:remi-8.0 -y
Remi's Modular repository for Enterprise Linux 9 - x86_64       1.3 MB/s | 798 kB     00:00
Safe Remi's RPM repository for Enterprise Linux 9 - x86_64      1.7 MB/s | 1.2 MB     00:00
Last metadata expiration check: 0:00:01 ago on Sat 15 Mar 2025 02:55:37 PM EET.
Dependencies resolved.
================================================================================================
 Package               Architecture         Version                 Repository             Size
================================================================================================
Enabling module streams:
 php                                        remi-8.0

Transaction Summary
================================================================================================

Complete!
[zincheis@localhost ~]$ sudo dnf install php php-mysqli php-gd php-xml php-xmlrpc php-mbstring php-json php-opcache -y
Last metadata expiration check: 0:00:15 ago on Sat 15 Mar 2025 02:55:37 PM EET.
Dependencies resolved.
================================================================================================
 Package               Arch        Version                        Repository               Size
================================================================================================
Installing:
 php                   x86_64      8.0.30-13.el9.remi             remi-modular            1.5 M
 php-common            x86_64      8.0.30-13.el9.remi             remi-modular            823 k
 php-gd                x86_64      8.0.30-13.el9.remi             remi-modular             59 k
 php-mbstring          x86_64      8.0.30-13.el9.remi             remi-modular            512 k
 php-mysqlnd           x86_64      8.0.30-13.el9.remi             remi-modular            224 k
 php-opcache           x86_64      8.0.30-13.el9.remi             remi-modular            738 k
 php-pecl-xmlrpc       x86_64      1.0.0~rc3-1.el9.remi.8.0       remi-modular             64 k
 php-xml               x86_64      8.0.30-13.el9.remi             remi-modular            195 k
Installing dependencies:
 gd3php                x86_64      2.3.3-9.el9.remi               remi-safe               136 k
 highway               x86_64      1.2.0-2.el9                    ol9_developer_EPEL       35 k
 libaom                x86_64      3.12.0-1.el9                   ol9_developer_EPEL      1.8 M
 libavif               x86_64      0.11.1-5.el9                   ol9_developer_EPEL       80 k
 libdav1d              x86_64      1.5.0-2.el9                    ol9_developer_EPEL      601 k
 libimagequant         x86_64      2.17.0-1.el9                   ol9_developer_EPEL       66 k
 libjxl                x86_64      0.7.0-1.el9                    ol9_developer_EPEL      963 k
 libraqm               x86_64      0.8.0-1.el9                    ol9_developer_EPEL       19 k
 libsodium             x86_64      1.0.18-8.el9                   ol9_developer_EPEL      161 k
 libvmaf               x86_64      2.3.0-2.el9                    ol9_developer_EPEL      177 k
 oniguruma5php         x86_64      6.9.10-1.el9.remi              remi-safe               222 k
 php-pdo               x86_64      8.0.30-13.el9.remi             remi-modular            110 k
 rav1e-libs            x86_64      0.7.1-3.el9                    ol9_developer_EPEL      1.0 M
 svt-av1-libs          x86_64      0.9.0-1.el9                    ol9_developer_EPEL      1.7 M
Installing weak dependencies:
 nginx-filesystem      noarch      2:1.20.1-20.0.1.el9            ol9_appstream           8.5 k
 php-cli               x86_64      8.0.30-13.el9.remi             remi-modular            4.7 M
 php-fpm               x86_64      8.0.30-13.el9.remi             remi-modular            1.6 M
 php-sodium            x86_64      8.0.30-13.el9.remi             remi-modular             50 k

Transaction Summary
================================================================================================
Install  26 Packages

Total download size: 17 M
Installed size: 81 M
Downloading Packages:
(1/26): highway-1.2.0-2.el9.x86_64.rpm                          196 kB/s |  35 kB     00:00
(2/26): libavif-0.11.1-5.el9.x86_64.rpm                         409 kB/s |  80 kB     00:00
(3/26): libimagequant-2.17.0-1.el9.x86_64.rpm                   2.0 MB/s |  66 kB     00:00
(4/26): libaom-3.12.0-1.el9.x86_64.rpm                          5.1 MB/s | 1.8 MB     00:00
(5/26): libdav1d-1.5.0-2.el9.x86_64.rpm                         3.3 MB/s | 601 kB     00:00
(6/26): libraqm-0.8.0-1.el9.x86_64.rpm                          562 kB/s |  19 kB     00:00
(7/26): libsodium-1.0.18-8.el9.x86_64.rpm                       4.9 MB/s | 161 kB     00:00
(8/26): libjxl-0.7.0-1.el9.x86_64.rpm                           5.8 MB/s | 963 kB     00:00
(9/26): libvmaf-2.3.0-2.el9.x86_64.rpm                          7.5 MB/s | 177 kB     00:00
(10/26): nginx-filesystem-1.20.1-20.0.1.el9.noarch.rpm          361 kB/s | 8.5 kB     00:00
(11/26): rav1e-libs-0.7.1-3.el9.x86_64.rpm                       14 MB/s | 1.0 MB     00:00
(12/26): svt-av1-libs-0.9.0-1.el9.x86_64.rpm                     22 MB/s | 1.7 MB     00:00
(13/26): php-common-8.0.30-13.el9.remi.x86_64.rpm               2.0 MB/s | 823 kB     00:00
(14/26): php-fpm-8.0.30-13.el9.remi.x86_64.rpm                   12 MB/s | 1.6 MB     00:00
(15/26): php-gd-8.0.30-13.el9.remi.x86_64.rpm                   972 kB/s |  59 kB     00:00
(16/26): php-8.0.30-13.el9.remi.x86_64.rpm                      2.4 MB/s | 1.5 MB     00:00
(17/26): php-mbstring-8.0.30-13.el9.remi.x86_64.rpm             7.8 MB/s | 512 kB     00:00
(18/26): php-mysqlnd-8.0.30-13.el9.remi.x86_64.rpm              3.7 MB/s | 224 kB     00:00
(19/26): php-pdo-8.0.30-13.el9.remi.x86_64.rpm                  1.6 MB/s | 110 kB     00:00
(20/26): php-opcache-8.0.30-13.el9.remi.x86_64.rpm              9.7 MB/s | 738 kB     00:00
(21/26): php-pecl-xmlrpc-1.0.0~rc3-1.el9.remi.8.0.x86_64.rpm    1.1 MB/s |  64 kB     00:00
(22/26): php-sodium-8.0.30-13.el9.remi.x86_64.rpm               919 kB/s |  50 kB     00:00
(23/26): php-xml-8.0.30-13.el9.remi.x86_64.rpm                  3.3 MB/s | 195 kB     00:00
(24/26): gd3php-2.3.3-9.el9.remi.x86_64.rpm                     2.3 MB/s | 136 kB     00:00
(25/26): oniguruma5php-6.9.10-1.el9.remi.x86_64.rpm             3.1 MB/s | 222 kB     00:00
(26/26): php-cli-8.0.30-13.el9.remi.x86_64.rpm                  3.4 MB/s | 4.7 MB     00:01
------------------------------------------------------------------------------------------------
Total                                                           8.6 MB/s |  17 MB     00:02
Remi's Modular repository for Enterprise Linux 9 - x86_64       933 kB/s | 3.1 kB     00:00
Importing GPG key 0x478F8947:
 Userid     : "Remi's RPM repository (https://rpms.remirepo.net/) <remi@remirepo.net>"
 Fingerprint: B1AB F71E 14C9 D748 97E1 98A8 B195 27F1 478F 8947
 From       : /etc/pki/rpm-gpg/RPM-GPG-KEY-remi.el9
Key imported successfully
Running transaction check
Transaction check succeeded.
Running transaction test
Transaction test succeeded.
Running transaction
  Preparing        :                                                                        1/1
  Running scriptlet: php-common-8.0.30-13.el9.remi.x86_64                                  1/26
  Installing       : php-common-8.0.30-13.el9.remi.x86_64                                  1/26
  Installing       : php-pdo-8.0.30-13.el9.remi.x86_64                                     2/26
  Installing       : php-xml-8.0.30-13.el9.remi.x86_64                                     3/26
  Installing       : php-cli-8.0.30-13.el9.remi.x86_64                                     4/26
  Installing       : php-opcache-8.0.30-13.el9.remi.x86_64                                 5/26
  Installing       : oniguruma5php-6.9.10-1.el9.remi.x86_64                                6/26
  Installing       : php-mbstring-8.0.30-13.el9.remi.x86_64                                7/26
  Running scriptlet: nginx-filesystem-2:1.20.1-20.0.1.el9.noarch                           8/26
  Installing       : nginx-filesystem-2:1.20.1-20.0.1.el9.noarch                           8/26
  Installing       : php-fpm-8.0.30-13.el9.remi.x86_64                                     9/26
  Running scriptlet: php-fpm-8.0.30-13.el9.remi.x86_64                                     9/26
  Installing       : svt-av1-libs-0.9.0-1.el9.x86_64                                      10/26
  Installing       : rav1e-libs-0.7.1-3.el9.x86_64                                        11/26
  Installing       : libvmaf-2.3.0-2.el9.x86_64                                           12/26
  Installing       : libsodium-1.0.18-8.el9.x86_64                                        13/26
  Installing       : php-sodium-8.0.30-13.el9.remi.x86_64                                 14/26
  Installing       : libraqm-0.8.0-1.el9.x86_64                                           15/26
  Installing       : libimagequant-2.17.0-1.el9.x86_64                                    16/26
  Installing       : libdav1d-1.5.0-2.el9.x86_64                                          17/26
  Installing       : highway-1.2.0-2.el9.x86_64                                           18/26
  Installing       : libjxl-0.7.0-1.el9.x86_64                                            19/26
  Installing       : libaom-3.12.0-1.el9.x86_64                                           20/26
  Installing       : libavif-0.11.1-5.el9.x86_64                                          21/26
  Installing       : gd3php-2.3.3-9.el9.remi.x86_64                                       22/26
  Installing       : php-gd-8.0.30-13.el9.remi.x86_64                                     23/26
  Installing       : php-8.0.30-13.el9.remi.x86_64                                        24/26
  Installing       : php-pecl-xmlrpc-1.0.0~rc3-1.el9.remi.8.0.x86_64                      25/26
  Installing       : php-mysqlnd-8.0.30-13.el9.remi.x86_64                                26/26
  Running scriptlet: php-common-8.0.30-13.el9.remi.x86_64                                 26/26
=====================================================================

  WARNING : PHP 8.0 have reached its "End of Life" in
  November 2023. Even, if this package includes some of
  the important security fixes, backported from 8.1, the
  UPGRADE to a maintained version is very strongly RECOMMENDED.

=====================================================================

  Running scriptlet: php-mysqlnd-8.0.30-13.el9.remi.x86_64                                26/26
  Verifying        : highway-1.2.0-2.el9.x86_64                                            1/26
  Verifying        : libaom-3.12.0-1.el9.x86_64                                            2/26
  Verifying        : libavif-0.11.1-5.el9.x86_64                                           3/26
  Verifying        : libdav1d-1.5.0-2.el9.x86_64                                           4/26
  Verifying        : libimagequant-2.17.0-1.el9.x86_64                                     5/26
  Verifying        : libjxl-0.7.0-1.el9.x86_64                                             6/26
  Verifying        : libraqm-0.8.0-1.el9.x86_64                                            7/26
  Verifying        : libsodium-1.0.18-8.el9.x86_64                                         8/26
  Verifying        : libvmaf-2.3.0-2.el9.x86_64                                            9/26
  Verifying        : rav1e-libs-0.7.1-3.el9.x86_64                                        10/26
  Verifying        : svt-av1-libs-0.9.0-1.el9.x86_64                                      11/26
  Verifying        : nginx-filesystem-2:1.20.1-20.0.1.el9.noarch                          12/26
  Verifying        : php-8.0.30-13.el9.remi.x86_64                                        13/26
  Verifying        : php-cli-8.0.30-13.el9.remi.x86_64                                    14/26
  Verifying        : php-common-8.0.30-13.el9.remi.x86_64                                 15/26
  Verifying        : php-fpm-8.0.30-13.el9.remi.x86_64                                    16/26
  Verifying        : php-gd-8.0.30-13.el9.remi.x86_64                                     17/26
  Verifying        : php-mbstring-8.0.30-13.el9.remi.x86_64                               18/26
  Verifying        : php-mysqlnd-8.0.30-13.el9.remi.x86_64                                19/26
  Verifying        : php-opcache-8.0.30-13.el9.remi.x86_64                                20/26
  Verifying        : php-pdo-8.0.30-13.el9.remi.x86_64                                    21/26
  Verifying        : php-pecl-xmlrpc-1.0.0~rc3-1.el9.remi.8.0.x86_64                      22/26
  Verifying        : php-sodium-8.0.30-13.el9.remi.x86_64                                 23/26
  Verifying        : php-xml-8.0.30-13.el9.remi.x86_64                                    24/26
  Verifying        : gd3php-2.3.3-9.el9.remi.x86_64                                       25/26
  Verifying        : oniguruma5php-6.9.10-1.el9.remi.x86_64                               26/26

Installed:
  gd3php-2.3.3-9.el9.remi.x86_64               highway-1.2.0-2.el9.x86_64
  libaom-3.12.0-1.el9.x86_64                   libavif-0.11.1-5.el9.x86_64
  libdav1d-1.5.0-2.el9.x86_64                  libimagequant-2.17.0-1.el9.x86_64
  libjxl-0.7.0-1.el9.x86_64                    libraqm-0.8.0-1.el9.x86_64
  libsodium-1.0.18-8.el9.x86_64                libvmaf-2.3.0-2.el9.x86_64
  nginx-filesystem-2:1.20.1-20.0.1.el9.noarch  oniguruma5php-6.9.10-1.el9.remi.x86_64
  php-8.0.30-13.el9.remi.x86_64                php-cli-8.0.30-13.el9.remi.x86_64
  php-common-8.0.30-13.el9.remi.x86_64         php-fpm-8.0.30-13.el9.remi.x86_64
  php-gd-8.0.30-13.el9.remi.x86_64             php-mbstring-8.0.30-13.el9.remi.x86_64
  php-mysqlnd-8.0.30-13.el9.remi.x86_64        php-opcache-8.0.30-13.el9.remi.x86_64
  php-pdo-8.0.30-13.el9.remi.x86_64            php-pecl-xmlrpc-1.0.0~rc3-1.el9.remi.8.0.x86_64
  php-sodium-8.0.30-13.el9.remi.x86_64         php-xml-8.0.30-13.el9.remi.x86_64
  rav1e-libs-0.7.1-3.el9.x86_64                svt-av1-libs-0.9.0-1.el9.x86_64

Complete!
[zincheis@localhost ~]$

[zincheis@localhost ~]$ sudo dnf install mariadb-server mariadb -y
Last metadata expiration check: 0:01:05 ago on Sat 15 Mar 2025 02:55:37 PM EET.
Dependencies resolved.
================================================================================================
 Package                         Arch        Version                   Repository          Size
================================================================================================
Installing:
 mariadb                         x86_64      3:10.5.27-1.el9_5         ol9_appstream      1.6 M
 mariadb-server                  x86_64      3:10.5.27-1.el9_5         ol9_appstream      9.8 M
Installing dependencies:
 mariadb-common                  x86_64      3:10.5.27-1.el9_5         ol9_appstream       54 k
 mariadb-connector-c             x86_64      3.2.6-1.el9_0             ol9_appstream      205 k
 mariadb-connector-c-config      noarch      3.2.6-1.el9_0             ol9_appstream      9.7 k
 mariadb-errmsg                  x86_64      3:10.5.27-1.el9_5         ol9_appstream      239 k
 mysql-selinux                   noarch      1.0.13-1.el9_5            ol9_appstream       36 k
 perl-DBD-MariaDB                x86_64      1.21-16.el9_0             ol9_appstream      160 k
 perl-File-Copy                  noarch      2.34-481.el9              ol9_appstream       19 k
 perl-Sys-Hostname               x86_64      1.23-481.el9              ol9_appstream       16 k
Installing weak dependencies:
 mariadb-backup                  x86_64      3:10.5.27-1.el9_5         ol9_appstream      6.5 M
 mariadb-gssapi-server           x86_64      3:10.5.27-1.el9_5         ol9_appstream       14 k
 mariadb-server-utils            x86_64      3:10.5.27-1.el9_5         ol9_appstream      234 k

Transaction Summary
================================================================================================
Install  13 Packages

Total download size: 19 M
Installed size: 110 M
Downloading Packages:
(1/13): mariadb-common-10.5.27-1.el9_5.x86_64.rpm               357 kB/s |  54 kB     00:00
(2/13): mariadb-10.5.27-1.el9_5.x86_64.rpm                      6.8 MB/s | 1.6 MB     00:00
(3/13): mariadb-connector-c-3.2.6-1.el9_0.x86_64.rpm            2.0 MB/s | 205 kB     00:00
(4/13): mariadb-connector-c-config-3.2.6-1.el9_0.noarch.rpm     392 kB/s | 9.7 kB     00:00
(5/13): mariadb-errmsg-10.5.27-1.el9_5.x86_64.rpm               3.5 MB/s | 239 kB     00:00
(6/13): mariadb-gssapi-server-10.5.27-1.el9_5.x86_64.rpm        293 kB/s |  14 kB     00:00
(7/13): mariadb-server-utils-10.5.27-1.el9_5.x86_64.rpm         4.8 MB/s | 234 kB     00:00
(8/13): mysql-selinux-1.0.13-1.el9_5.noarch.rpm                 1.3 MB/s |  36 kB     00:00
(9/13): perl-DBD-MariaDB-1.21-16.el9_0.x86_64.rpm               2.5 MB/s | 160 kB     00:00
(10/13): perl-File-Copy-2.34-481.el9.noarch.rpm                 916 kB/s |  19 kB     00:00
(11/13): perl-Sys-Hostname-1.23-481.el9.x86_64.rpm              488 kB/s |  16 kB     00:00
(12/13): mariadb-server-10.5.27-1.el9_5.x86_64.rpm               35 MB/s | 9.8 MB     00:00
(13/13): mariadb-backup-10.5.27-1.el9_5.x86_64.rpm              9.2 MB/s | 6.5 MB     00:00
------------------------------------------------------------------------------------------------
Total                                                            27 MB/s |  19 MB     00:00
Running transaction check
Transaction check succeeded.
Running transaction test
Transaction test succeeded.
Running transaction
  Preparing        :                                                                        1/1
  Installing       : mariadb-connector-c-config-3.2.6-1.el9_0.noarch                       1/13
  Installing       : mariadb-common-3:10.5.27-1.el9_5.x86_64                               2/13
  Installing       : mariadb-connector-c-3.2.6-1.el9_0.x86_64                              3/13
  Installing       : perl-Sys-Hostname-1.23-481.el9.x86_64                                 4/13
  Installing       : perl-DBD-MariaDB-1.21-16.el9_0.x86_64                                 5/13
  Installing       : mariadb-errmsg-3:10.5.27-1.el9_5.x86_64                               6/13
  Installing       : perl-File-Copy-2.34-481.el9.noarch                                    7/13
  Running scriptlet: mysql-selinux-1.0.13-1.el9_5.noarch                                   8/13
  Installing       : mysql-selinux-1.0.13-1.el9_5.noarch                                   8/13
  Running scriptlet: mysql-selinux-1.0.13-1.el9_5.noarch                                   8/13
libsemanage.semanage_direct_install_info: Overriding mysql module at lower priority 100 with module at priority 200.

  Installing       : mariadb-backup-3:10.5.27-1.el9_5.x86_64                               9/13
  Installing       : mariadb-gssapi-server-3:10.5.27-1.el9_5.x86_64                       10/13
  Installing       : mariadb-server-utils-3:10.5.27-1.el9_5.x86_64                        11/13
  Running scriptlet: mariadb-server-3:10.5.27-1.el9_5.x86_64                              12/13
  Installing       : mariadb-server-3:10.5.27-1.el9_5.x86_64                              12/13
  Running scriptlet: mariadb-server-3:10.5.27-1.el9_5.x86_64                              12/13
  Installing       : mariadb-3:10.5.27-1.el9_5.x86_64                                     13/13
  Running scriptlet: mysql-selinux-1.0.13-1.el9_5.noarch                                  13/13
  Running scriptlet: mariadb-3:10.5.27-1.el9_5.x86_64                                     13/13
  Verifying        : mariadb-3:10.5.27-1.el9_5.x86_64                                      1/13
  Verifying        : mariadb-backup-3:10.5.27-1.el9_5.x86_64                               2/13
  Verifying        : mariadb-common-3:10.5.27-1.el9_5.x86_64                               3/13
  Verifying        : mariadb-connector-c-3.2.6-1.el9_0.x86_64                              4/13
  Verifying        : mariadb-connector-c-config-3.2.6-1.el9_0.noarch                       5/13
  Verifying        : mariadb-errmsg-3:10.5.27-1.el9_5.x86_64                               6/13
  Verifying        : mariadb-gssapi-server-3:10.5.27-1.el9_5.x86_64                        7/13
  Verifying        : mariadb-server-3:10.5.27-1.el9_5.x86_64                               8/13
  Verifying        : mariadb-server-utils-3:10.5.27-1.el9_5.x86_64                         9/13
  Verifying        : mysql-selinux-1.0.13-1.el9_5.noarch                                  10/13
  Verifying        : perl-DBD-MariaDB-1.21-16.el9_0.x86_64                                11/13
  Verifying        : perl-File-Copy-2.34-481.el9.noarch                                   12/13
  Verifying        : perl-Sys-Hostname-1.23-481.el9.x86_64                                13/13

Installed:
  mariadb-3:10.5.27-1.el9_5.x86_64                   mariadb-backup-3:10.5.27-1.el9_5.x86_64
  mariadb-common-3:10.5.27-1.el9_5.x86_64            mariadb-connector-c-3.2.6-1.el9_0.x86_64
  mariadb-connector-c-config-3.2.6-1.el9_0.noarch    mariadb-errmsg-3:10.5.27-1.el9_5.x86_64
  mariadb-gssapi-server-3:10.5.27-1.el9_5.x86_64     mariadb-server-3:10.5.27-1.el9_5.x86_64
  mariadb-server-utils-3:10.5.27-1.el9_5.x86_64      mysql-selinux-1.0.13-1.el9_5.noarch
  perl-DBD-MariaDB-1.21-16.el9_0.x86_64              perl-File-Copy-2.34-481.el9.noarch
  perl-Sys-Hostname-1.23-481.el9.x86_64

Complete!
[zincheis@localhost ~]$ sudo systemctl start mariadb
[zincheis@localhost ~]$ sudo systemctl status mariadb
● mariadb.service - MariaDB 10.5 database server
     Loaded: loaded (/usr/lib/systemd/system/mariadb.service; disabled; preset: disabled)
     Active: active (running) since Sat 2025-03-15 14:57:01 EET; 4s ago
       Docs: man:mariadbd(8)
             https://mariadb.com/kb/en/library/systemd/
    Process: 38293 ExecStartPre=/usr/libexec/mariadb-check-socket (code=exited, status=0/SUCCES>
    Process: 38315 ExecStartPre=/usr/libexec/mariadb-prepare-db-dir mariadb.service (code=exite>
    Process: 38418 ExecStartPost=/usr/libexec/mariadb-check-upgrade (code=exited, status=0/SUCC>
   Main PID: 38406 (mariadbd)
     Status: "Taking your SQL requests now..."
      Tasks: 11 (limit: 9260)
     Memory: 79.1M
        CPU: 226ms
     CGroup: /system.slice/mariadb.service
             └─38406 /usr/libexec/mariadbd --basedir=/usr

Mar 15 14:57:00 localhost.localdomain mariadb-prepare-db-dir[38361]: The second is mysql@localh>
Mar 15 14:57:00 localhost.localdomain mariadb-prepare-db-dir[38361]: you need to be the system >
Mar 15 14:57:00 localhost.localdomain mariadb-prepare-db-dir[38361]: After connecting you can s>
Mar 15 14:57:00 localhost.localdomain mariadb-prepare-db-dir[38361]: able to connect as any of >
Mar 15 14:57:00 localhost.localdomain mariadb-prepare-db-dir[38361]: See the MariaDB Knowledgeb>
Mar 15 14:57:00 localhost.localdomain mariadb-prepare-db-dir[38361]: Please report any problems>
Mar 15 14:57:00 localhost.localdomain mariadb-prepare-db-dir[38361]: The latest information abo>
Mar 15 14:57:00 localhost.localdomain mariadb-prepare-db-dir[38361]: Consider joining MariaDB's>
Mar 15 14:57:00 localhost.localdomain mariadb-prepare-db-dir[38361]: https://mariadb.org/get-in>
Mar 15 14:57:01 localhost.localdomain systemd[1]: Started MariaDB 10.5 database server.
lines 1-26/26 (END)
[zincheis@localhost ~]$
[zincheis@localhost ~]$ sudo systemctl enable mariadb
Created symlink /etc/systemd/system/mysql.service → /usr/lib/systemd/system/mariadb.service.
Created symlink /etc/systemd/system/mysqld.service → /usr/lib/systemd/system/mariadb.service.
Created symlink /etc/systemd/system/multi-user.target.wants/mariadb.service → /usr/lib/systemd/system/mariadb.service.
[zincheis@localhost ~]$ sudo mysql_secure_installation

NOTE: RUNNING ALL PARTS OF THIS SCRIPT IS RECOMMENDED FOR ALL MariaDB
      SERVERS IN PRODUCTION USE!  PLEASE READ EACH STEP CAREFULLY!

In order to log into MariaDB to secure it, we'll need the current
password for the root user. If you've just installed MariaDB, and
haven't set the root password yet, you should just press enter here.

Enter current password for root (enter for none):
OK, successfully used password, moving on...

Setting the root password or using the unix_socket ensures that nobody
can log into the MariaDB root user without the proper authorisation.

You already have your root account protected, so you can safely answer 'n'.

Switch to unix_socket authentication [Y/n] Y
Enabled successfully!
Reloading privilege tables..
 ... Success!


You already have your root account protected, so you can safely answer 'n'.

Change the root password? [Y/n] n
 ... skipping.

By default, a MariaDB installation has an anonymous user, allowing anyone
to log into MariaDB without having to have a user account created for
them.  This is intended only for testing, and to make the installation
go a bit smoother.  You should remove them before moving into a
production environment.

Remove anonymous users? [Y/n] Y
 ... Success!

Normally, root should only be allowed to connect from 'localhost'.  This
ensures that someone cannot guess at the root password from the network.

Disallow root login remotely? [Y/n] n
 ... skipping.

By default, MariaDB comes with a database named 'test' that anyone can
access.  This is also intended only for testing, and should be removed
before moving into a production environment.

Remove test database and access to it? [Y/n] Y
 - Dropping test database...
 ... Success!
 - Removing privileges on test database...
 ... Success!

Reloading the privilege tables will ensure that all changes made so far
will take effect immediately.

Reload privilege tables now? [Y/n] Y
 ... Success!

Cleaning up...

All done!  If you've completed all of the above steps, your MariaDB
installation should now be secure.

Thanks for using MariaDB!
[zincheis@localhost ~]$

[zincheis@localhost ~]$ sudo mysql -u root -p
Enter password:
Welcome to the MariaDB monitor.  Commands end with ; or \g.
Your MariaDB connection id is 10
Server version: 10.5.27-MariaDB MariaDB Server

Copyright (c) 2000, 2018, Oracle, MariaDB Corporation Ab and others.

Type 'help;' or '\h' for help. Type '\c' to clear the current input statement.

MariaDB [(none)]> CREATE DATABASE wordpress;
Query OK, 1 row affected (0.000 sec)

MariaDB [(none)]> CREATE USER 'wp_user'@'localhost' IDENTIFIED BY 'password';
Query OK, 0 rows affected (0.001 sec)

MariaDB [(none)]> GRANT ALL PRIVILEGES ON wordpress.* TO 'wp_user'@'localhost';
Query OK, 0 rows affected (0.001 sec)

MariaDB [(none)]> FLUSH PRIVILEGES;
Query OK, 0 rows affected (0.000 sec)

MariaDB [(none)]> EXIT;
Bye
[zincheis@localhost ~]$


[zincheis@localhost ~]$ cd /var/www/html
[zincheis@localhost html]$ sudo wget https://wordpress.org/latest.tar.gz
--2025-03-15 15:01:06--  https://wordpress.org/latest.tar.gz
Resolving wordpress.org (wordpress.org)... 198.143.164.252
Connecting to wordpress.org (wordpress.org)|198.143.164.252|:443... connected.
HTTP request sent, awaiting response... 200 OK
Length: 26780969 (26M) [application/octet-stream]
Saving to: ‘latest.tar.gz’

latest.tar.gz           100%[===============================>]  25.54M  7.60MB/s    in 3.8s

2025-03-15 15:01:11 (6.69 MB/s) - ‘latest.tar.gz’ saved [26780969/26780969]

[zincheis@localhost html]$ sudo tar -xvzf latest.tar.gz
wordpress/
wordpress/index.php
wordpress/license.txt
wordpress/readme.html
wordpress/wp-activate.php
wordpress/wp-admin/
wordpress/wp-admin/about.php
wordpress/wp-admin/admin-ajax.php
wordpress/wp-admin/admin-footer.php
wordpress/wp-admin/admin-functions.php
wordpress/wp-admin/admin-header.php
wordpress/wp-admin/admin-post.php
wordpress/wp-admin/admin.php
wordpress/wp-admin/async-upload.php
wordpress/wp-admin/authorize-application.php
wordpress/wp-admin/comment.php
wordpress/wp-admin/contribute.php
wordpress/wp-admin/credits.php
wordpress/wp-admin/css/
wordpress/wp-admin/css/about-rtl.css
wordpress/wp-admin/css/about-rtl.min.css
wordpress/wp-admin/css/about.css
wordpress/wp-admin/css/about.min.css
wordpress/wp-admin/css/admin-menu-rtl.css
wordpress/wp-admin/css/admin-menu-rtl.min.css
wordpress/wp-admin/css/admin-menu.css
wordpress/wp-admin/css/admin-menu.min.css
wordpress/wp-admin/css/code-editor-rtl.css
wordpress/wp-admin/css/code-editor-rtl.min.css
wordpress/wp-admin/css/code-editor.css
wordpress/wp-admin/css/code-editor.min.css
wordpress/wp-admin/css/color-picker-rtl.css
wordpress/wp-admin/css/color-picker-rtl.min.css
wordpress/wp-admin/css/color-picker.css
wordpress/wp-admin/css/color-picker.min.css
wordpress/wp-admin/css/colors/
wordpress/wp-admin/css/colors/_admin.scss
wordpress/wp-admin/css/colors/_mixins.scss
wordpress/wp-admin/css/colors/_variables.scss
wordpress/wp-admin/css/colors/blue/
wordpress/wp-admin/css/colors/blue/colors-rtl.css
wordpress/wp-admin/css/colors/blue/colors-rtl.min.css
wordpress/wp-admin/css/colors/blue/colors.css
wordpress/wp-admin/css/colors/blue/colors.min.css
wordpress/wp-admin/css/colors/blue/colors.scss
wordpress/wp-admin/css/colors/coffee/
wordpress/wp-admin/css/colors/coffee/colors-rtl.css
wordpress/wp-admin/css/colors/coffee/colors-rtl.min.css
wordpress/wp-admin/css/colors/coffee/colors.css
wordpress/wp-admin/css/colors/coffee/colors.min.css
wordpress/wp-admin/css/colors/coffee/colors.scss
wordpress/wp-admin/css/colors/ectoplasm/
wordpress/wp-admin/css/colors/ectoplasm/colors-rtl.css
wordpress/wp-admin/css/colors/ectoplasm/colors-rtl.min.css
wordpress/wp-admin/css/colors/ectoplasm/colors.css
wordpress/wp-admin/css/colors/ectoplasm/colors.min.css
wordpress/wp-admin/css/colors/ectoplasm/colors.scss
wordpress/wp-admin/css/colors/light/
wordpress/wp-admin/css/colors/light/colors-rtl.css
wordpress/wp-admin/css/colors/light/colors-rtl.min.css
wordpress/wp-admin/css/colors/light/colors.css
wordpress/wp-admin/css/colors/light/colors.min.css
wordpress/wp-admin/css/colors/light/colors.scss
wordpress/wp-admin/css/colors/midnight/
wordpress/wp-admin/css/colors/midnight/colors-rtl.css
wordpress/wp-admin/css/colors/midnight/colors-rtl.min.css
wordpress/wp-admin/css/colors/midnight/colors.css
wordpress/wp-admin/css/colors/midnight/colors.min.css
wordpress/wp-admin/css/colors/midnight/colors.scss
wordpress/wp-admin/css/colors/modern/
wordpress/wp-admin/css/colors/modern/colors-rtl.css
wordpress/wp-admin/css/colors/modern/colors-rtl.min.css
wordpress/wp-admin/css/colors/modern/colors.css
wordpress/wp-admin/css/colors/modern/colors.min.css
wordpress/wp-admin/css/colors/modern/colors.scss
wordpress/wp-admin/css/colors/ocean/
wordpress/wp-admin/css/colors/ocean/colors-rtl.css
wordpress/wp-admin/css/colors/ocean/colors-rtl.min.css
wordpress/wp-admin/css/colors/ocean/colors.css
wordpress/wp-admin/css/colors/ocean/colors.min.css
wordpress/wp-admin/css/colors/ocean/colors.scss
wordpress/wp-admin/css/colors/sunrise/
wordpress/wp-admin/css/colors/sunrise/colors-rtl.css
wordpress/wp-admin/css/colors/sunrise/colors-rtl.min.css
wordpress/wp-admin/css/colors/sunrise/colors.css
wordpress/wp-admin/css/colors/sunrise/colors.min.css
wordpress/wp-admin/css/colors/sunrise/colors.scss
wordpress/wp-admin/css/common-rtl.css
wordpress/wp-admin/css/common-rtl.min.css
wordpress/wp-admin/css/common.css
wordpress/wp-admin/css/common.min.css
wordpress/wp-admin/css/customize-controls-rtl.css
wordpress/wp-admin/css/customize-controls-rtl.min.css
wordpress/wp-admin/css/customize-controls.css
wordpress/wp-admin/css/customize-controls.min.css
wordpress/wp-admin/css/customize-nav-menus-rtl.css
wordpress/wp-admin/css/customize-nav-menus-rtl.min.css
wordpress/wp-admin/css/customize-nav-menus.css
wordpress/wp-admin/css/customize-nav-menus.min.css
wordpress/wp-admin/css/customize-widgets-rtl.css
wordpress/wp-admin/css/customize-widgets-rtl.min.css
wordpress/wp-admin/css/customize-widgets.css
wordpress/wp-admin/css/customize-widgets.min.css
wordpress/wp-admin/css/dashboard-rtl.css
wordpress/wp-admin/css/dashboard-rtl.min.css
wordpress/wp-admin/css/dashboard.css
wordpress/wp-admin/css/dashboard.min.css
wordpress/wp-admin/css/deprecated-media-rtl.css
wordpress/wp-admin/css/deprecated-media-rtl.min.css
wordpress/wp-admin/css/deprecated-media.css
wordpress/wp-admin/css/deprecated-media.min.css
wordpress/wp-admin/css/edit-rtl.css
wordpress/wp-admin/css/edit-rtl.min.css
wordpress/wp-admin/css/edit.css
wordpress/wp-admin/css/edit.min.css
wordpress/wp-admin/css/farbtastic-rtl.css
wordpress/wp-admin/css/farbtastic-rtl.min.css
wordpress/wp-admin/css/farbtastic.css
wordpress/wp-admin/css/farbtastic.min.css
wordpress/wp-admin/css/forms-rtl.css
wordpress/wp-admin/css/forms-rtl.min.css
wordpress/wp-admin/css/forms.css
wordpress/wp-admin/css/forms.min.css
wordpress/wp-admin/css/install-rtl.css
wordpress/wp-admin/css/install-rtl.min.css
wordpress/wp-admin/css/install.css
wordpress/wp-admin/css/install.min.css
wordpress/wp-admin/css/l10n-rtl.css
wordpress/wp-admin/css/l10n-rtl.min.css
wordpress/wp-admin/css/l10n.css
wordpress/wp-admin/css/l10n.min.css
wordpress/wp-admin/css/list-tables-rtl.css
wordpress/wp-admin/css/list-tables-rtl.min.css
wordpress/wp-admin/css/list-tables.css
wordpress/wp-admin/css/list-tables.min.css
wordpress/wp-admin/css/login-rtl.css
wordpress/wp-admin/css/login-rtl.min.css
wordpress/wp-admin/css/login.css
wordpress/wp-admin/css/login.min.css
wordpress/wp-admin/css/media-rtl.css
wordpress/wp-admin/css/media-rtl.min.css
wordpress/wp-admin/css/media.css
wordpress/wp-admin/css/media.min.css
wordpress/wp-admin/css/nav-menus-rtl.css
wordpress/wp-admin/css/nav-menus-rtl.min.css
wordpress/wp-admin/css/nav-menus.css
wordpress/wp-admin/css/nav-menus.min.css
wordpress/wp-admin/css/revisions-rtl.css
wordpress/wp-admin/css/revisions-rtl.min.css
wordpress/wp-admin/css/revisions.css
wordpress/wp-admin/css/revisions.min.css
wordpress/wp-admin/css/site-health-rtl.css
wordpress/wp-admin/css/site-health-rtl.min.css
wordpress/wp-admin/css/site-health.css
wordpress/wp-admin/css/site-health.min.css
wordpress/wp-admin/css/site-icon-rtl.css
wordpress/wp-admin/css/site-icon-rtl.min.css
wordpress/wp-admin/css/site-icon.css
wordpress/wp-admin/css/site-icon.min.css
wordpress/wp-admin/css/themes-rtl.css
wordpress/wp-admin/css/themes-rtl.min.css
wordpress/wp-admin/css/themes.css
wordpress/wp-admin/css/themes.min.css
wordpress/wp-admin/css/widgets-rtl.css
wordpress/wp-admin/css/widgets-rtl.min.css
wordpress/wp-admin/css/widgets.css
wordpress/wp-admin/css/widgets.min.css
wordpress/wp-admin/css/wp-admin-rtl.css
wordpress/wp-admin/css/wp-admin-rtl.min.css
wordpress/wp-admin/css/wp-admin.css
wordpress/wp-admin/css/wp-admin.min.css
wordpress/wp-admin/custom-background.php
wordpress/wp-admin/custom-header.php
wordpress/wp-admin/customize.php
wordpress/wp-admin/edit-comments.php
wordpress/wp-admin/edit-form-advanced.php
wordpress/wp-admin/edit-form-blocks.php
wordpress/wp-admin/edit-form-comment.php
wordpress/wp-admin/edit-link-form.php
wordpress/wp-admin/edit-tag-form.php
wordpress/wp-admin/edit-tags.php
wordpress/wp-admin/edit.php
wordpress/wp-admin/erase-personal-data.php
wordpress/wp-admin/export-personal-data.php
wordpress/wp-admin/export.php
wordpress/wp-admin/freedoms.php
wordpress/wp-admin/images/
wordpress/wp-admin/images/about-release-badge.svg
wordpress/wp-admin/images/about-texture.png
wordpress/wp-admin/images/align-center-2x.png
wordpress/wp-admin/images/align-center.png
wordpress/wp-admin/images/align-left-2x.png
wordpress/wp-admin/images/align-left.png
wordpress/wp-admin/images/align-none-2x.png
wordpress/wp-admin/images/align-none.png
wordpress/wp-admin/images/align-right-2x.png
wordpress/wp-admin/images/align-right.png
wordpress/wp-admin/images/arrows-2x.png
wordpress/wp-admin/images/arrows.png
wordpress/wp-admin/images/browser-rtl.png
wordpress/wp-admin/images/browser.png
wordpress/wp-admin/images/bubble_bg-2x.gif
wordpress/wp-admin/images/bubble_bg.gif
wordpress/wp-admin/images/comment-grey-bubble-2x.png
wordpress/wp-admin/images/comment-grey-bubble.png
wordpress/wp-admin/images/contribute-code.svg
wordpress/wp-admin/images/contribute-main.svg
wordpress/wp-admin/images/contribute-no-code.svg
wordpress/wp-admin/images/dashboard-background.svg
wordpress/wp-admin/images/date-button-2x.gif
wordpress/wp-admin/images/date-button.gif
wordpress/wp-admin/images/freedom-1.svg
wordpress/wp-admin/images/freedom-2.svg
wordpress/wp-admin/images/freedom-3.svg
wordpress/wp-admin/images/freedom-4.svg
wordpress/wp-admin/images/generic.png
wordpress/wp-admin/images/icons32-2x.png
wordpress/wp-admin/images/icons32-vs-2x.png
wordpress/wp-admin/images/icons32-vs.png
wordpress/wp-admin/images/icons32.png
wordpress/wp-admin/images/imgedit-icons-2x.png
wordpress/wp-admin/images/imgedit-icons.png
wordpress/wp-admin/images/list-2x.png
wordpress/wp-admin/images/list.png
wordpress/wp-admin/images/loading.gif
wordpress/wp-admin/images/marker.png
wordpress/wp-admin/images/mask.png
wordpress/wp-admin/images/media-button-2x.png
wordpress/wp-admin/images/media-button-image.gif
wordpress/wp-admin/images/media-button-music.gif
wordpress/wp-admin/images/media-button-other.gif
wordpress/wp-admin/images/media-button-video.gif
wordpress/wp-admin/images/media-button.png
wordpress/wp-admin/images/menu-2x.png
wordpress/wp-admin/images/menu-vs-2x.png
wordpress/wp-admin/images/menu-vs.png
wordpress/wp-admin/images/menu.png
wordpress/wp-admin/images/no.png
wordpress/wp-admin/images/post-formats-vs.png
wordpress/wp-admin/images/post-formats.png
wordpress/wp-admin/images/post-formats32-vs.png
wordpress/wp-admin/images/post-formats32.png
wordpress/wp-admin/images/privacy.svg
wordpress/wp-admin/images/resize-2x.gif
wordpress/wp-admin/images/resize-rtl-2x.gif
wordpress/wp-admin/images/resize-rtl.gif
wordpress/wp-admin/images/resize.gif
wordpress/wp-admin/images/se.png
wordpress/wp-admin/images/sort-2x.gif
wordpress/wp-admin/images/sort.gif
wordpress/wp-admin/images/spinner-2x.gif
wordpress/wp-admin/images/spinner.gif
wordpress/wp-admin/images/stars-2x.png
wordpress/wp-admin/images/stars.png
wordpress/wp-admin/images/w-logo-blue.png
wordpress/wp-admin/images/w-logo-white.png
wordpress/wp-admin/images/wheel.png
wordpress/wp-admin/images/wordpress-logo-white.svg
wordpress/wp-admin/images/wordpress-logo.png
wordpress/wp-admin/images/wordpress-logo.svg
wordpress/wp-admin/images/wpspin_light-2x.gif
wordpress/wp-admin/images/wpspin_light.gif
wordpress/wp-admin/images/xit-2x.gif
wordpress/wp-admin/images/xit.gif
wordpress/wp-admin/images/yes.png
wordpress/wp-admin/import.php
wordpress/wp-admin/includes/
wordpress/wp-admin/includes/admin-filters.php
wordpress/wp-admin/includes/admin.php
wordpress/wp-admin/includes/ajax-actions.php
wordpress/wp-admin/includes/bookmark.php
wordpress/wp-admin/includes/class-automatic-upgrader-skin.php
wordpress/wp-admin/includes/class-bulk-plugin-upgrader-skin.php
wordpress/wp-admin/includes/class-bulk-theme-upgrader-skin.php
wordpress/wp-admin/includes/class-bulk-upgrader-skin.php
wordpress/wp-admin/includes/class-core-upgrader.php
wordpress/wp-admin/includes/class-custom-background.php
wordpress/wp-admin/includes/class-custom-image-header.php
wordpress/wp-admin/includes/class-file-upload-upgrader.php
wordpress/wp-admin/includes/class-ftp-pure.php
wordpress/wp-admin/includes/class-ftp-sockets.php
wordpress/wp-admin/includes/class-ftp.php
wordpress/wp-admin/includes/class-language-pack-upgrader-skin.php
wordpress/wp-admin/includes/class-language-pack-upgrader.php
wordpress/wp-admin/includes/class-pclzip.php
wordpress/wp-admin/includes/class-plugin-installer-skin.php
wordpress/wp-admin/includes/class-plugin-upgrader-skin.php
wordpress/wp-admin/includes/class-plugin-upgrader.php
wordpress/wp-admin/includes/class-theme-installer-skin.php
wordpress/wp-admin/includes/class-theme-upgrader-skin.php
wordpress/wp-admin/includes/class-theme-upgrader.php
wordpress/wp-admin/includes/class-walker-category-checklist.php
wordpress/wp-admin/includes/class-walker-nav-menu-checklist.php
wordpress/wp-admin/includes/class-walker-nav-menu-edit.php
wordpress/wp-admin/includes/class-wp-ajax-upgrader-skin.php
wordpress/wp-admin/includes/class-wp-application-passwords-list-table.php
wordpress/wp-admin/includes/class-wp-automatic-updater.php
wordpress/wp-admin/includes/class-wp-comments-list-table.php
wordpress/wp-admin/includes/class-wp-community-events.php
wordpress/wp-admin/includes/class-wp-debug-data.php
wordpress/wp-admin/includes/class-wp-filesystem-base.php
wordpress/wp-admin/includes/class-wp-filesystem-direct.php
wordpress/wp-admin/includes/class-wp-filesystem-ftpext.php
wordpress/wp-admin/includes/class-wp-filesystem-ftpsockets.php
wordpress/wp-admin/includes/class-wp-filesystem-ssh2.php
wordpress/wp-admin/includes/class-wp-importer.php
wordpress/wp-admin/includes/class-wp-internal-pointers.php
wordpress/wp-admin/includes/class-wp-links-list-table.php
wordpress/wp-admin/includes/class-wp-list-table-compat.php
wordpress/wp-admin/includes/class-wp-list-table.php
wordpress/wp-admin/includes/class-wp-media-list-table.php
wordpress/wp-admin/includes/class-wp-ms-sites-list-table.php
wordpress/wp-admin/includes/class-wp-ms-themes-list-table.php
wordpress/wp-admin/includes/class-wp-ms-users-list-table.php
wordpress/wp-admin/includes/class-wp-plugin-install-list-table.php
wordpress/wp-admin/includes/class-wp-plugins-list-table.php
wordpress/wp-admin/includes/class-wp-post-comments-list-table.php
wordpress/wp-admin/includes/class-wp-posts-list-table.php
wordpress/wp-admin/includes/class-wp-privacy-data-export-requests-list-table.php
wordpress/wp-admin/includes/class-wp-privacy-data-removal-requests-list-table.php
wordpress/wp-admin/includes/class-wp-privacy-policy-content.php
wordpress/wp-admin/includes/class-wp-privacy-requests-table.php
wordpress/wp-admin/includes/class-wp-screen.php
wordpress/wp-admin/includes/class-wp-site-health-auto-updates.php
wordpress/wp-admin/includes/class-wp-site-health.php
wordpress/wp-admin/includes/class-wp-site-icon.php
wordpress/wp-admin/includes/class-wp-terms-list-table.php
wordpress/wp-admin/includes/class-wp-theme-install-list-table.php
wordpress/wp-admin/includes/class-wp-themes-list-table.php
wordpress/wp-admin/includes/class-wp-upgrader-skin.php
wordpress/wp-admin/includes/class-wp-upgrader-skins.php
wordpress/wp-admin/includes/class-wp-upgrader.php
wordpress/wp-admin/includes/class-wp-users-list-table.php
wordpress/wp-admin/includes/comment.php
wordpress/wp-admin/includes/continents-cities.php
wordpress/wp-admin/includes/credits.php
wordpress/wp-admin/includes/dashboard.php
wordpress/wp-admin/includes/deprecated.php
wordpress/wp-admin/includes/edit-tag-messages.php
wordpress/wp-admin/includes/export.php
wordpress/wp-admin/includes/file.php
wordpress/wp-admin/includes/image-edit.php
wordpress/wp-admin/includes/image.php
wordpress/wp-admin/includes/import.php
wordpress/wp-admin/includes/list-table.php
wordpress/wp-admin/includes/media.php
wordpress/wp-admin/includes/menu.php
wordpress/wp-admin/includes/meta-boxes.php
wordpress/wp-admin/includes/misc.php
wordpress/wp-admin/includes/ms-admin-filters.php
wordpress/wp-admin/includes/ms-deprecated.php
wordpress/wp-admin/includes/ms.php
wordpress/wp-admin/includes/nav-menu.php
wordpress/wp-admin/includes/network.php
wordpress/wp-admin/includes/noop.php
wordpress/wp-admin/includes/options.php
wordpress/wp-admin/includes/plugin-install.php
wordpress/wp-admin/includes/plugin.php
wordpress/wp-admin/includes/post.php
wordpress/wp-admin/includes/privacy-tools.php
wordpress/wp-admin/includes/revision.php
wordpress/wp-admin/includes/schema.php
wordpress/wp-admin/includes/screen.php
wordpress/wp-admin/includes/taxonomy.php
wordpress/wp-admin/includes/template.php
wordpress/wp-admin/includes/theme-install.php
wordpress/wp-admin/includes/theme.php
wordpress/wp-admin/includes/translation-install.php
wordpress/wp-admin/includes/update-core.php
wordpress/wp-admin/includes/update.php
wordpress/wp-admin/includes/upgrade.php
wordpress/wp-admin/includes/user.php
wordpress/wp-admin/includes/widgets.php
wordpress/wp-admin/index.php
wordpress/wp-admin/install-helper.php
wordpress/wp-admin/install.php
wordpress/wp-admin/js/
wordpress/wp-admin/js/accordion.js
wordpress/wp-admin/js/accordion.min.js
wordpress/wp-admin/js/application-passwords.js
wordpress/wp-admin/js/application-passwords.min.js
wordpress/wp-admin/js/auth-app.js
wordpress/wp-admin/js/auth-app.min.js
wordpress/wp-admin/js/code-editor.js
wordpress/wp-admin/js/code-editor.min.js
wordpress/wp-admin/js/color-picker.js
wordpress/wp-admin/js/color-picker.min.js
wordpress/wp-admin/js/comment.js
wordpress/wp-admin/js/comment.min.js
wordpress/wp-admin/js/common.js
wordpress/wp-admin/js/common.min.js
wordpress/wp-admin/js/custom-background.js
wordpress/wp-admin/js/custom-background.min.js
wordpress/wp-admin/js/custom-header.js
wordpress/wp-admin/js/customize-controls.js
wordpress/wp-admin/js/customize-controls.min.js
wordpress/wp-admin/js/customize-nav-menus.js
wordpress/wp-admin/js/customize-nav-menus.min.js
wordpress/wp-admin/js/customize-widgets.js
wordpress/wp-admin/js/customize-widgets.min.js
wordpress/wp-admin/js/dashboard.js
wordpress/wp-admin/js/dashboard.min.js
wordpress/wp-admin/js/edit-comments.js
wordpress/wp-admin/js/edit-comments.min.js
wordpress/wp-admin/js/editor-expand.js
wordpress/wp-admin/js/editor-expand.min.js
wordpress/wp-admin/js/editor.js
wordpress/wp-admin/js/editor.min.js
wordpress/wp-admin/js/farbtastic.js
wordpress/wp-admin/js/gallery.js
wordpress/wp-admin/js/gallery.min.js
wordpress/wp-admin/js/image-edit.js
wordpress/wp-admin/js/image-edit.min.js
wordpress/wp-admin/js/inline-edit-post.js
wordpress/wp-admin/js/inline-edit-post.min.js
wordpress/wp-admin/js/inline-edit-tax.js
wordpress/wp-admin/js/inline-edit-tax.min.js
wordpress/wp-admin/js/iris.min.js
wordpress/wp-admin/js/language-chooser.js
wordpress/wp-admin/js/language-chooser.min.js
wordpress/wp-admin/js/link.js
wordpress/wp-admin/js/link.min.js
wordpress/wp-admin/js/media-gallery.js
wordpress/wp-admin/js/media-gallery.min.js
wordpress/wp-admin/js/media-upload.js
wordpress/wp-admin/js/media-upload.min.js
wordpress/wp-admin/js/media.js
wordpress/wp-admin/js/media.min.js
wordpress/wp-admin/js/nav-menu.js
wordpress/wp-admin/js/nav-menu.min.js
wordpress/wp-admin/js/password-strength-meter.js
wordpress/wp-admin/js/password-strength-meter.min.js
wordpress/wp-admin/js/password-toggle.js
wordpress/wp-admin/js/password-toggle.min.js
wordpress/wp-admin/js/plugin-install.js
wordpress/wp-admin/js/plugin-install.min.js
wordpress/wp-admin/js/post.js
wordpress/wp-admin/js/post.min.js
wordpress/wp-admin/js/postbox.js
wordpress/wp-admin/js/postbox.min.js
wordpress/wp-admin/js/privacy-tools.js
wordpress/wp-admin/js/privacy-tools.min.js
wordpress/wp-admin/js/revisions.js
wordpress/wp-admin/js/revisions.min.js
wordpress/wp-admin/js/set-post-thumbnail.js
wordpress/wp-admin/js/set-post-thumbnail.min.js
wordpress/wp-admin/js/site-health.js
wordpress/wp-admin/js/site-health.min.js
wordpress/wp-admin/js/site-icon.js
wordpress/wp-admin/js/site-icon.min.js
wordpress/wp-admin/js/svg-painter.js
wordpress/wp-admin/js/svg-painter.min.js
wordpress/wp-admin/js/tags-box.js
wordpress/wp-admin/js/tags-box.min.js
wordpress/wp-admin/js/tags-suggest.js
wordpress/wp-admin/js/tags-suggest.min.js
wordpress/wp-admin/js/tags.js
wordpress/wp-admin/js/tags.min.js
wordpress/wp-admin/js/theme-plugin-editor.js
wordpress/wp-admin/js/theme-plugin-editor.min.js
wordpress/wp-admin/js/theme.js
wordpress/wp-admin/js/theme.min.js
wordpress/wp-admin/js/updates.js
wordpress/wp-admin/js/updates.min.js
wordpress/wp-admin/js/user-profile.js
wordpress/wp-admin/js/user-profile.min.js
wordpress/wp-admin/js/user-suggest.js
wordpress/wp-admin/js/user-suggest.min.js
wordpress/wp-admin/js/widgets/
wordpress/wp-admin/js/widgets/custom-html-widgets.js
wordpress/wp-admin/js/widgets/custom-html-widgets.min.js
wordpress/wp-admin/js/widgets/media-audio-widget.js
wordpress/wp-admin/js/widgets/media-audio-widget.min.js
wordpress/wp-admin/js/widgets/media-gallery-widget.js
wordpress/wp-admin/js/widgets/media-gallery-widget.min.js
wordpress/wp-admin/js/widgets/media-image-widget.js
wordpress/wp-admin/js/widgets/media-image-widget.min.js
wordpress/wp-admin/js/widgets/media-video-widget.js
wordpress/wp-admin/js/widgets/media-video-widget.min.js
wordpress/wp-admin/js/widgets/media-widgets.js
wordpress/wp-admin/js/widgets/media-widgets.min.js
wordpress/wp-admin/js/widgets/text-widgets.js
wordpress/wp-admin/js/widgets/text-widgets.min.js
wordpress/wp-admin/js/widgets.js
wordpress/wp-admin/js/widgets.min.js
wordpress/wp-admin/js/word-count.js
wordpress/wp-admin/js/word-count.min.js
wordpress/wp-admin/js/xfn.js
wordpress/wp-admin/js/xfn.min.js
wordpress/wp-admin/link-add.php
wordpress/wp-admin/link-manager.php
wordpress/wp-admin/link-parse-opml.php
wordpress/wp-admin/link.php
wordpress/wp-admin/load-scripts.php
wordpress/wp-admin/load-styles.php
wordpress/wp-admin/maint/
wordpress/wp-admin/maint/repair.php
wordpress/wp-admin/media-new.php
wordpress/wp-admin/media-upload.php
wordpress/wp-admin/media.php
wordpress/wp-admin/menu-header.php
wordpress/wp-admin/menu.php
wordpress/wp-admin/moderation.php
wordpress/wp-admin/ms-admin.php
wordpress/wp-admin/ms-delete-site.php
wordpress/wp-admin/ms-edit.php
wordpress/wp-admin/ms-options.php
wordpress/wp-admin/ms-sites.php
wordpress/wp-admin/ms-themes.php
wordpress/wp-admin/ms-upgrade-network.php
wordpress/wp-admin/ms-users.php
wordpress/wp-admin/my-sites.php
wordpress/wp-admin/nav-menus.php
wordpress/wp-admin/network/
wordpress/wp-admin/network/about.php
wordpress/wp-admin/network/admin.php
wordpress/wp-admin/network/contribute.php
wordpress/wp-admin/network/credits.php
wordpress/wp-admin/network/edit.php
wordpress/wp-admin/network/freedoms.php
wordpress/wp-admin/network/index.php
wordpress/wp-admin/network/menu.php
wordpress/wp-admin/network/plugin-editor.php
wordpress/wp-admin/network/plugin-install.php
wordpress/wp-admin/network/plugins.php
wordpress/wp-admin/network/privacy.php
wordpress/wp-admin/network/profile.php
wordpress/wp-admin/network/settings.php
wordpress/wp-admin/network/setup.php
wordpress/wp-admin/network/site-info.php
wordpress/wp-admin/network/site-new.php
wordpress/wp-admin/network/site-settings.php
wordpress/wp-admin/network/site-themes.php
wordpress/wp-admin/network/site-users.php
wordpress/wp-admin/network/sites.php
wordpress/wp-admin/network/theme-editor.php
wordpress/wp-admin/network/theme-install.php
wordpress/wp-admin/network/themes.php
wordpress/wp-admin/network/update-core.php
wordpress/wp-admin/network/update.php
wordpress/wp-admin/network/upgrade.php
wordpress/wp-admin/network/user-edit.php
wordpress/wp-admin/network/user-new.php
wordpress/wp-admin/network/users.php
wordpress/wp-admin/network.php
wordpress/wp-admin/options-discussion.php
wordpress/wp-admin/options-general.php
wordpress/wp-admin/options-head.php
wordpress/wp-admin/options-media.php
wordpress/wp-admin/options-permalink.php
wordpress/wp-admin/options-privacy.php
wordpress/wp-admin/options-reading.php
wordpress/wp-admin/options-writing.php
wordpress/wp-admin/options.php
wordpress/wp-admin/plugin-editor.php
wordpress/wp-admin/plugin-install.php
wordpress/wp-admin/plugins.php
wordpress/wp-admin/post-new.php
wordpress/wp-admin/post.php
wordpress/wp-admin/press-this.php
wordpress/wp-admin/privacy-policy-guide.php
wordpress/wp-admin/privacy.php
wordpress/wp-admin/profile.php
wordpress/wp-admin/revision.php
wordpress/wp-admin/setup-config.php
wordpress/wp-admin/site-editor.php
wordpress/wp-admin/site-health-info.php
wordpress/wp-admin/site-health.php
wordpress/wp-admin/term.php
wordpress/wp-admin/theme-editor.php
wordpress/wp-admin/theme-install.php
wordpress/wp-admin/themes.php
wordpress/wp-admin/tools.php
wordpress/wp-admin/update-core.php
wordpress/wp-admin/update.php
wordpress/wp-admin/upgrade-functions.php
wordpress/wp-admin/upgrade.php
wordpress/wp-admin/upload.php
wordpress/wp-admin/user/
wordpress/wp-admin/user/about.php
wordpress/wp-admin/user/admin.php
wordpress/wp-admin/user/contribute.php
wordpress/wp-admin/user/credits.php
wordpress/wp-admin/user/freedoms.php
wordpress/wp-admin/user/index.php
wordpress/wp-admin/user/menu.php
wordpress/wp-admin/user/privacy.php
wordpress/wp-admin/user/profile.php
wordpress/wp-admin/user/user-edit.php
wordpress/wp-admin/user-edit.php
wordpress/wp-admin/user-new.php
wordpress/wp-admin/users.php
wordpress/wp-admin/widgets-form-blocks.php
wordpress/wp-admin/widgets-form.php
wordpress/wp-admin/widgets.php
wordpress/wp-blog-header.php
wordpress/wp-comments-post.php
wordpress/wp-config-sample.php
wordpress/wp-content/
wordpress/wp-content/index.php
wordpress/wp-content/plugins/
wordpress/wp-content/plugins/akismet/
wordpress/wp-content/plugins/akismet/.htaccess
wordpress/wp-content/plugins/akismet/LICENSE.txt
wordpress/wp-content/plugins/akismet/_inc/
wordpress/wp-content/plugins/akismet/_inc/akismet-admin.css
wordpress/wp-content/plugins/akismet/_inc/akismet-admin.js
wordpress/wp-content/plugins/akismet/_inc/akismet-frontend.js
wordpress/wp-content/plugins/akismet/_inc/akismet.css
wordpress/wp-content/plugins/akismet/_inc/akismet.js
wordpress/wp-content/plugins/akismet/_inc/fonts/
wordpress/wp-content/plugins/akismet/_inc/fonts/inter.css
wordpress/wp-content/plugins/akismet/_inc/img/
wordpress/wp-content/plugins/akismet/_inc/img/akismet-activation-banner-elements.png
wordpress/wp-content/plugins/akismet/_inc/img/akismet-refresh-logo.svg
wordpress/wp-content/plugins/akismet/_inc/img/akismet-refresh-logo@2x.png
wordpress/wp-content/plugins/akismet/_inc/img/arrow-left.svg
wordpress/wp-content/plugins/akismet/_inc/img/icon-external.svg
wordpress/wp-content/plugins/akismet/_inc/img/logo-a-2x.png
wordpress/wp-content/plugins/akismet/_inc/rtl/
wordpress/wp-content/plugins/akismet/_inc/rtl/akismet-admin-rtl.css
wordpress/wp-content/plugins/akismet/_inc/rtl/akismet-rtl.css
wordpress/wp-content/plugins/akismet/akismet.php
wordpress/wp-content/plugins/akismet/changelog.txt
wordpress/wp-content/plugins/akismet/class.akismet-admin.php
wordpress/wp-content/plugins/akismet/class.akismet-cli.php
wordpress/wp-content/plugins/akismet/class.akismet-rest-api.php
wordpress/wp-content/plugins/akismet/class.akismet-widget.php
wordpress/wp-content/plugins/akismet/class.akismet.php
wordpress/wp-content/plugins/akismet/index.php
wordpress/wp-content/plugins/akismet/readme.txt
wordpress/wp-content/plugins/akismet/views/
wordpress/wp-content/plugins/akismet/views/activate.php
wordpress/wp-content/plugins/akismet/views/config.php
wordpress/wp-content/plugins/akismet/views/connect-jp.php
wordpress/wp-content/plugins/akismet/views/enter.php
wordpress/wp-content/plugins/akismet/views/get.php
wordpress/wp-content/plugins/akismet/views/logo.php
wordpress/wp-content/plugins/akismet/views/notice.php
wordpress/wp-content/plugins/akismet/views/predefined.php
wordpress/wp-content/plugins/akismet/views/setup.php
wordpress/wp-content/plugins/akismet/views/start.php
wordpress/wp-content/plugins/akismet/views/stats.php
wordpress/wp-content/plugins/akismet/views/title.php
wordpress/wp-content/plugins/akismet/wrapper.php
wordpress/wp-content/plugins/hello.php
wordpress/wp-content/plugins/index.php
wordpress/wp-content/themes/
wordpress/wp-content/themes/index.php
wordpress/wp-content/themes/twentytwentyfive/
wordpress/wp-content/themes/twentytwentyfive/assets/
wordpress/wp-content/themes/twentytwentyfive/assets/css/
wordpress/wp-content/themes/twentytwentyfive/assets/css/editor-style.css
wordpress/wp-content/themes/twentytwentyfive/assets/fonts/
wordpress/wp-content/themes/twentytwentyfive/assets/fonts/beiruti/
wordpress/wp-content/themes/twentytwentyfive/assets/fonts/beiruti/Beiruti-VariableFont_wght.woff2
wordpress/wp-content/themes/twentytwentyfive/assets/fonts/fira-code/
wordpress/wp-content/themes/twentytwentyfive/assets/fonts/fira-code/FiraCode-VariableFont_wght.woff2
wordpress/wp-content/themes/twentytwentyfive/assets/fonts/fira-sans/
wordpress/wp-content/themes/twentytwentyfive/assets/fonts/fira-sans/FiraSans-Black.woff2
wordpress/wp-content/themes/twentytwentyfive/assets/fonts/fira-sans/FiraSans-BlackItalic.woff2
wordpress/wp-content/themes/twentytwentyfive/assets/fonts/fira-sans/FiraSans-Bold.woff2
wordpress/wp-content/themes/twentytwentyfive/assets/fonts/fira-sans/FiraSans-BoldItalic.woff2
wordpress/wp-content/themes/twentytwentyfive/assets/fonts/fira-sans/FiraSans-ExtraBold.woff2
wordpress/wp-content/themes/twentytwentyfive/assets/fonts/fira-sans/FiraSans-ExtraBoldItalic.woff2
wordpress/wp-content/themes/twentytwentyfive/assets/fonts/fira-sans/FiraSans-ExtraLight.woff2
wordpress/wp-content/themes/twentytwentyfive/assets/fonts/fira-sans/FiraSans-ExtraLightItalic.woff2
wordpress/wp-content/themes/twentytwentyfive/assets/fonts/fira-sans/FiraSans-Italic.woff2
wordpress/wp-content/themes/twentytwentyfive/assets/fonts/fira-sans/FiraSans-Light.woff2
wordpress/wp-content/themes/twentytwentyfive/assets/fonts/fira-sans/FiraSans-LightItalic.woff2
wordpress/wp-content/themes/twentytwentyfive/assets/fonts/fira-sans/FiraSans-Medium.woff2
wordpress/wp-content/themes/twentytwentyfive/assets/fonts/fira-sans/FiraSans-MediumItalic.woff2
wordpress/wp-content/themes/twentytwentyfive/assets/fonts/fira-sans/FiraSans-Regular.woff2
wordpress/wp-content/themes/twentytwentyfive/assets/fonts/fira-sans/FiraSans-SemiBold.woff2
wordpress/wp-content/themes/twentytwentyfive/assets/fonts/fira-sans/FiraSans-SemiBoldItalic.woff2
wordpress/wp-content/themes/twentytwentyfive/assets/fonts/fira-sans/FiraSans-Thin.woff2
wordpress/wp-content/themes/twentytwentyfive/assets/fonts/fira-sans/FiraSans-ThinItalic.woff2
wordpress/wp-content/themes/twentytwentyfive/assets/fonts/literata/
wordpress/wp-content/themes/twentytwentyfive/assets/fonts/literata/Literata72pt-Black.woff2
wordpress/wp-content/themes/twentytwentyfive/assets/fonts/literata/Literata72pt-BlackItalic.woff2
wordpress/wp-content/themes/twentytwentyfive/assets/fonts/literata/Literata72pt-Bold.woff2
wordpress/wp-content/themes/twentytwentyfive/assets/fonts/literata/Literata72pt-BoldItalic.woff2
wordpress/wp-content/themes/twentytwentyfive/assets/fonts/literata/Literata72pt-ExtraBold.woff2
wordpress/wp-content/themes/twentytwentyfive/assets/fonts/literata/Literata72pt-ExtraBoldItalic.woff2
wordpress/wp-content/themes/twentytwentyfive/assets/fonts/literata/Literata72pt-ExtraLight.woff2
wordpress/wp-content/themes/twentytwentyfive/assets/fonts/literata/Literata72pt-ExtraLightItalic.woff2
wordpress/wp-content/themes/twentytwentyfive/assets/fonts/literata/Literata72pt-Light.woff2
wordpress/wp-content/themes/twentytwentyfive/assets/fonts/literata/Literata72pt-LightItalic.woff2
wordpress/wp-content/themes/twentytwentyfive/assets/fonts/literata/Literata72pt-Medium.woff2
wordpress/wp-content/themes/twentytwentyfive/assets/fonts/literata/Literata72pt-MediumItalic.woff2
wordpress/wp-content/themes/twentytwentyfive/assets/fonts/literata/Literata72pt-Regular.woff2
wordpress/wp-content/themes/twentytwentyfive/assets/fonts/literata/Literata72pt-RegularItalic.woff2
wordpress/wp-content/themes/twentytwentyfive/assets/fonts/literata/Literata72pt-SemiBold.woff2
wordpress/wp-content/themes/twentytwentyfive/assets/fonts/literata/Literata72pt-SemiBoldItalic.woff2
wordpress/wp-content/themes/twentytwentyfive/assets/fonts/manrope/
wordpress/wp-content/themes/twentytwentyfive/assets/fonts/manrope/Manrope-VariableFont_wght.woff2
wordpress/wp-content/themes/twentytwentyfive/assets/fonts/platypi/
wordpress/wp-content/themes/twentytwentyfive/assets/fonts/platypi/Platypi-Italic-VariableFont_wght.woff2
wordpress/wp-content/themes/twentytwentyfive/assets/fonts/platypi/Platypi-VariableFont_wght.woff2
wordpress/wp-content/themes/twentytwentyfive/assets/fonts/roboto-slab/
wordpress/wp-content/themes/twentytwentyfive/assets/fonts/roboto-slab/RobotoSlab-VariableFont_wght.woff2
wordpress/wp-content/themes/twentytwentyfive/assets/fonts/vollkorn/
wordpress/wp-content/themes/twentytwentyfive/assets/fonts/vollkorn/Vollkorn-Italic-VariableFont_wght.woff2
wordpress/wp-content/themes/twentytwentyfive/assets/fonts/vollkorn/Vollkorn-VariableFont_wght.woff2
wordpress/wp-content/themes/twentytwentyfive/assets/fonts/ysabeau-office/
wordpress/wp-content/themes/twentytwentyfive/assets/fonts/ysabeau-office/YsabeauOffice-Italic-VariableFont_wght.woff2
wordpress/wp-content/themes/twentytwentyfive/assets/fonts/ysabeau-office/YsabeauOffice-VariableFont_wght.woff2
wordpress/wp-content/themes/twentytwentyfive/assets/images/
wordpress/wp-content/themes/twentytwentyfive/assets/images/404-image.webp
wordpress/wp-content/themes/twentytwentyfive/assets/images/agenda-img-4.webp
wordpress/wp-content/themes/twentytwentyfive/assets/images/akaka-falls-state-park-flora.webp
wordpress/wp-content/themes/twentytwentyfive/assets/images/book-image-landing.webp
wordpress/wp-content/themes/twentytwentyfive/assets/images/book-image.webp
wordpress/wp-content/themes/twentytwentyfive/assets/images/botany-flowers-closeup.webp
wordpress/wp-content/themes/twentytwentyfive/assets/images/botany-flowers.webp
wordpress/wp-content/themes/twentytwentyfive/assets/images/campanula-alliariifolia-flower.webp
wordpress/wp-content/themes/twentytwentyfive/assets/images/category-anthuriums.webp
wordpress/wp-content/themes/twentytwentyfive/assets/images/category-cactus.webp
wordpress/wp-content/themes/twentytwentyfive/assets/images/category-sunflowers.webp
wordpress/wp-content/themes/twentytwentyfive/assets/images/coming-soon-bg-image.webp
wordpress/wp-content/themes/twentytwentyfive/assets/images/coral-square.webp
wordpress/wp-content/themes/twentytwentyfive/assets/images/dallas-creek-square.webp
wordpress/wp-content/themes/twentytwentyfive/assets/images/delphinium-flowers.webp
wordpress/wp-content/themes/twentytwentyfive/assets/images/flower-meadow-square.webp
wordpress/wp-content/themes/twentytwentyfive/assets/images/grid-flower-1.webp
wordpress/wp-content/themes/twentytwentyfive/assets/images/grid-flower-2.webp
wordpress/wp-content/themes/twentytwentyfive/assets/images/hero-podcast.webp
wordpress/wp-content/themes/twentytwentyfive/assets/images/link-in-bio-background.webp
wordpress/wp-content/themes/twentytwentyfive/assets/images/link-in-bio-image.webp
wordpress/wp-content/themes/twentytwentyfive/assets/images/location.webp
wordpress/wp-content/themes/twentytwentyfive/assets/images/malibu-plantlife.webp
wordpress/wp-content/themes/twentytwentyfive/assets/images/man-in-hat.webp
wordpress/wp-content/themes/twentytwentyfive/assets/images/marshland-birds-square.webp
wordpress/wp-content/themes/twentytwentyfive/assets/images/northern-buttercups-flowers.webp
wordpress/wp-content/themes/twentytwentyfive/assets/images/nurse.webp
wordpress/wp-content/themes/twentytwentyfive/assets/images/parthenon-square.webp
wordpress/wp-content/themes/twentytwentyfive/assets/images/poster-image-background.webp
wordpress/wp-content/themes/twentytwentyfive/assets/images/red-hibiscus-closeup.webp
wordpress/wp-content/themes/twentytwentyfive/assets/images/ruins-image.webp
wordpress/wp-content/themes/twentytwentyfive/assets/images/services-subscriber-photo.webp
wordpress/wp-content/themes/twentytwentyfive/assets/images/star-thristle-flower.webp
wordpress/wp-content/themes/twentytwentyfive/assets/images/typewriter.webp
wordpress/wp-content/themes/twentytwentyfive/assets/images/vash-gon-square.webp
wordpress/wp-content/themes/twentytwentyfive/assets/images/woman-splashing-water.webp
wordpress/wp-content/themes/twentytwentyfive/functions.php
wordpress/wp-content/themes/twentytwentyfive/parts/
wordpress/wp-content/themes/twentytwentyfive/parts/footer-columns.html
wordpress/wp-content/themes/twentytwentyfive/parts/footer-newsletter.html
wordpress/wp-content/themes/twentytwentyfive/parts/footer.html
wordpress/wp-content/themes/twentytwentyfive/parts/header-large-title.html
wordpress/wp-content/themes/twentytwentyfive/parts/header.html
wordpress/wp-content/themes/twentytwentyfive/parts/sidebar.html
wordpress/wp-content/themes/twentytwentyfive/parts/vertical-header.html
wordpress/wp-content/themes/twentytwentyfive/patterns/
wordpress/wp-content/themes/twentytwentyfive/patterns/banner-about-book.php
wordpress/wp-content/themes/twentytwentyfive/patterns/banner-cover-big-heading.php
wordpress/wp-content/themes/twentytwentyfive/patterns/banner-intro-image.php
wordpress/wp-content/themes/twentytwentyfive/patterns/banner-intro.php
wordpress/wp-content/themes/twentytwentyfive/patterns/banner-poster.php
wordpress/wp-content/themes/twentytwentyfive/patterns/banner-with-description-and-images-grid.php
wordpress/wp-content/themes/twentytwentyfive/patterns/binding-format.php
wordpress/wp-content/themes/twentytwentyfive/patterns/comments.php
wordpress/wp-content/themes/twentytwentyfive/patterns/contact-centered-social-link.php
wordpress/wp-content/themes/twentytwentyfive/patterns/contact-info-locations.php
wordpress/wp-content/themes/twentytwentyfive/patterns/contact-location-and-link.php
wordpress/wp-content/themes/twentytwentyfive/patterns/cta-book-links.php
wordpress/wp-content/themes/twentytwentyfive/patterns/cta-book-locations.php
wordpress/wp-content/themes/twentytwentyfive/patterns/cta-centered-heading.php
wordpress/wp-content/themes/twentytwentyfive/patterns/cta-events-list.php
wordpress/wp-content/themes/twentytwentyfive/patterns/cta-grid-products-link.php
wordpress/wp-content/themes/twentytwentyfive/patterns/cta-heading-search.php
wordpress/wp-content/themes/twentytwentyfive/patterns/cta-newsletter.php
wordpress/wp-content/themes/twentytwentyfive/patterns/event-3-col.php
wordpress/wp-content/themes/twentytwentyfive/patterns/event-rsvp.php
wordpress/wp-content/themes/twentytwentyfive/patterns/event-schedule.php
wordpress/wp-content/themes/twentytwentyfive/patterns/footer-centered.php
wordpress/wp-content/themes/twentytwentyfive/patterns/footer-columns.php
wordpress/wp-content/themes/twentytwentyfive/patterns/footer-newsletter.php
wordpress/wp-content/themes/twentytwentyfive/patterns/footer-social.php
wordpress/wp-content/themes/twentytwentyfive/patterns/footer.php
wordpress/wp-content/themes/twentytwentyfive/patterns/format-audio.php
wordpress/wp-content/themes/twentytwentyfive/patterns/format-link.php
wordpress/wp-content/themes/twentytwentyfive/patterns/grid-videos.php
wordpress/wp-content/themes/twentytwentyfive/patterns/grid-with-categories.php
wordpress/wp-content/themes/twentytwentyfive/patterns/header-centered.php
wordpress/wp-content/themes/twentytwentyfive/patterns/header-columns.php
wordpress/wp-content/themes/twentytwentyfive/patterns/header-large-title.php
wordpress/wp-content/themes/twentytwentyfive/patterns/header.php
wordpress/wp-content/themes/twentytwentyfive/patterns/heading-and-paragraph-with-image.php
wordpress/wp-content/themes/twentytwentyfive/patterns/hero-book.php
wordpress/wp-content/themes/twentytwentyfive/patterns/hero-full-width-image.php
wordpress/wp-content/themes/twentytwentyfive/patterns/hero-overlapped-book-cover-with-links.php
wordpress/wp-content/themes/twentytwentyfive/patterns/hero-podcast.php
wordpress/wp-content/themes/twentytwentyfive/patterns/hidden-404.php
wordpress/wp-content/themes/twentytwentyfive/patterns/hidden-blog-heading.php
wordpress/wp-content/themes/twentytwentyfive/patterns/hidden-search.php
wordpress/wp-content/themes/twentytwentyfive/patterns/hidden-sidebar.php
wordpress/wp-content/themes/twentytwentyfive/patterns/hidden-written-by.php
wordpress/wp-content/themes/twentytwentyfive/patterns/logos.php
wordpress/wp-content/themes/twentytwentyfive/patterns/media-instagram-grid.php
wordpress/wp-content/themes/twentytwentyfive/patterns/more-posts.php
wordpress/wp-content/themes/twentytwentyfive/patterns/overlapped-images.php
wordpress/wp-content/themes/twentytwentyfive/patterns/page-business-home.php
wordpress/wp-content/themes/twentytwentyfive/patterns/page-coming-soon.php
wordpress/wp-content/themes/twentytwentyfive/patterns/page-cv-bio.php
wordpress/wp-content/themes/twentytwentyfive/patterns/page-landing-book.php
wordpress/wp-content/themes/twentytwentyfive/patterns/page-landing-event.php
wordpress/wp-content/themes/twentytwentyfive/patterns/page-landing-podcast.php
wordpress/wp-content/themes/twentytwentyfive/patterns/page-link-in-bio-heading-paragraph-links-image.php
wordpress/wp-content/themes/twentytwentyfive/patterns/page-link-in-bio-wide-margins.php
wordpress/wp-content/themes/twentytwentyfive/patterns/page-link-in-bio-with-tight-margins.php
wordpress/wp-content/themes/twentytwentyfive/patterns/page-portfolio-home.php
wordpress/wp-content/themes/twentytwentyfive/patterns/page-shop-home.php
wordpress/wp-content/themes/twentytwentyfive/patterns/post-navigation.php
wordpress/wp-content/themes/twentytwentyfive/patterns/pricing-2-col.php
wordpress/wp-content/themes/twentytwentyfive/patterns/pricing-3-col.php
wordpress/wp-content/themes/twentytwentyfive/patterns/services-3-col.php
wordpress/wp-content/themes/twentytwentyfive/patterns/services-subscriber-only-section.php
wordpress/wp-content/themes/twentytwentyfive/patterns/services-team-photos.php
wordpress/wp-content/themes/twentytwentyfive/patterns/template-404-vertical-header-blog.php
wordpress/wp-content/themes/twentytwentyfive/patterns/template-archive-news-blog.php
wordpress/wp-content/themes/twentytwentyfive/patterns/template-archive-photo-blog.php
wordpress/wp-content/themes/twentytwentyfive/patterns/template-archive-text-blog.php
wordpress/wp-content/themes/twentytwentyfive/patterns/template-archive-vertical-header-blog.php
wordpress/wp-content/themes/twentytwentyfive/patterns/template-home-news-blog.php
wordpress/wp-content/themes/twentytwentyfive/patterns/template-home-photo-blog.php
wordpress/wp-content/themes/twentytwentyfive/patterns/template-home-posts-grid-news-blog.php
wordpress/wp-content/themes/twentytwentyfive/patterns/template-home-text-blog.php
wordpress/wp-content/themes/twentytwentyfive/patterns/template-home-vertical-header-blog.php
wordpress/wp-content/themes/twentytwentyfive/patterns/template-home-with-sidebar-news-blog.php
wordpress/wp-content/themes/twentytwentyfive/patterns/template-page-photo-blog.php
wordpress/wp-content/themes/twentytwentyfive/patterns/template-page-vertical-header-blog.php
wordpress/wp-content/themes/twentytwentyfive/patterns/template-query-loop-news-blog.php
wordpress/wp-content/themes/twentytwentyfive/patterns/template-query-loop-photo-blog.php
wordpress/wp-content/themes/twentytwentyfive/patterns/template-query-loop-text-blog.php
wordpress/wp-content/themes/twentytwentyfive/patterns/template-query-loop-vertical-header-blog.php
wordpress/wp-content/themes/twentytwentyfive/patterns/template-query-loop.php
wordpress/wp-content/themes/twentytwentyfive/patterns/template-search-news-blog.php
wordpress/wp-content/themes/twentytwentyfive/patterns/template-search-photo-blog.php
wordpress/wp-content/themes/twentytwentyfive/patterns/template-search-text-blog.php
wordpress/wp-content/themes/twentytwentyfive/patterns/template-search-vertical-header-blog.php
wordpress/wp-content/themes/twentytwentyfive/patterns/template-single-left-aligned-content.php
wordpress/wp-content/themes/twentytwentyfive/patterns/template-single-news-blog.php
wordpress/wp-content/themes/twentytwentyfive/patterns/template-single-offset.php
wordpress/wp-content/themes/twentytwentyfive/patterns/template-single-photo-blog.php
wordpress/wp-content/themes/twentytwentyfive/patterns/template-single-text-blog.php
wordpress/wp-content/themes/twentytwentyfive/patterns/template-single-vertical-header-blog.php
wordpress/wp-content/themes/twentytwentyfive/patterns/testimonials-2-col.php
wordpress/wp-content/themes/twentytwentyfive/patterns/testimonials-6-col.php
wordpress/wp-content/themes/twentytwentyfive/patterns/testimonials-large.php
wordpress/wp-content/themes/twentytwentyfive/patterns/text-faqs.php
wordpress/wp-content/themes/twentytwentyfive/patterns/vertical-header.php
wordpress/wp-content/themes/twentytwentyfive/readme.txt
wordpress/wp-content/themes/twentytwentyfive/screenshot.png
wordpress/wp-content/themes/twentytwentyfive/style.css
wordpress/wp-content/themes/twentytwentyfive/styles/
wordpress/wp-content/themes/twentytwentyfive/styles/01-evening.json
wordpress/wp-content/themes/twentytwentyfive/styles/02-noon.json
wordpress/wp-content/themes/twentytwentyfive/styles/03-dusk.json
wordpress/wp-content/themes/twentytwentyfive/styles/04-afternoon.json
wordpress/wp-content/themes/twentytwentyfive/styles/05-twilight.json
wordpress/wp-content/themes/twentytwentyfive/styles/06-morning.json
wordpress/wp-content/themes/twentytwentyfive/styles/07-sunrise.json
wordpress/wp-content/themes/twentytwentyfive/styles/08-midnight.json
wordpress/wp-content/themes/twentytwentyfive/styles/blocks/
wordpress/wp-content/themes/twentytwentyfive/styles/blocks/01-display.json
wordpress/wp-content/themes/twentytwentyfive/styles/blocks/02-subtitle.json
wordpress/wp-content/themes/twentytwentyfive/styles/blocks/03-annotation.json
wordpress/wp-content/themes/twentytwentyfive/styles/blocks/post-terms-1.json
wordpress/wp-content/themes/twentytwentyfive/styles/colors/
wordpress/wp-content/themes/twentytwentyfive/styles/colors/01-evening.json
wordpress/wp-content/themes/twentytwentyfive/styles/colors/02-noon.json
wordpress/wp-content/themes/twentytwentyfive/styles/colors/03-dusk.json
wordpress/wp-content/themes/twentytwentyfive/styles/colors/04-afternoon.json
wordpress/wp-content/themes/twentytwentyfive/styles/colors/05-twilight.json
wordpress/wp-content/themes/twentytwentyfive/styles/colors/06-morning.json
wordpress/wp-content/themes/twentytwentyfive/styles/colors/07-sunrise.json
wordpress/wp-content/themes/twentytwentyfive/styles/colors/08-midnight.json
wordpress/wp-content/themes/twentytwentyfive/styles/sections/
wordpress/wp-content/themes/twentytwentyfive/styles/sections/section-1.json
wordpress/wp-content/themes/twentytwentyfive/styles/sections/section-2.json
wordpress/wp-content/themes/twentytwentyfive/styles/sections/section-3.json
wordpress/wp-content/themes/twentytwentyfive/styles/sections/section-4.json
wordpress/wp-content/themes/twentytwentyfive/styles/sections/section-5.json
wordpress/wp-content/themes/twentytwentyfive/styles/typography/
wordpress/wp-content/themes/twentytwentyfive/styles/typography/typography-preset-1.json
wordpress/wp-content/themes/twentytwentyfive/styles/typography/typography-preset-2.json
wordpress/wp-content/themes/twentytwentyfive/styles/typography/typography-preset-3.json
wordpress/wp-content/themes/twentytwentyfive/styles/typography/typography-preset-4.json
wordpress/wp-content/themes/twentytwentyfive/styles/typography/typography-preset-5.json
wordpress/wp-content/themes/twentytwentyfive/styles/typography/typography-preset-6.json
wordpress/wp-content/themes/twentytwentyfive/styles/typography/typography-preset-7.json
wordpress/wp-content/themes/twentytwentyfive/templates/
wordpress/wp-content/themes/twentytwentyfive/templates/404.html
wordpress/wp-content/themes/twentytwentyfive/templates/archive.html
wordpress/wp-content/themes/twentytwentyfive/templates/home.html
wordpress/wp-content/themes/twentytwentyfive/templates/index.html
wordpress/wp-content/themes/twentytwentyfive/templates/page-no-title.html
wordpress/wp-content/themes/twentytwentyfive/templates/page.html
wordpress/wp-content/themes/twentytwentyfive/templates/search.html
wordpress/wp-content/themes/twentytwentyfive/templates/single.html
wordpress/wp-content/themes/twentytwentyfive/theme.json
wordpress/wp-content/themes/twentytwentyfour/
wordpress/wp-content/themes/twentytwentyfour/assets/
wordpress/wp-content/themes/twentytwentyfour/assets/css/
wordpress/wp-content/themes/twentytwentyfour/assets/css/button-outline.css
wordpress/wp-content/themes/twentytwentyfour/assets/fonts/
wordpress/wp-content/themes/twentytwentyfour/assets/fonts/cardo/
wordpress/wp-content/themes/twentytwentyfour/assets/fonts/cardo/LICENSE.txt
wordpress/wp-content/themes/twentytwentyfour/assets/fonts/cardo/cardo_italic_400.woff2
wordpress/wp-content/themes/twentytwentyfour/assets/fonts/cardo/cardo_normal_400.woff2
wordpress/wp-content/themes/twentytwentyfour/assets/fonts/cardo/cardo_normal_700.woff2
wordpress/wp-content/themes/twentytwentyfour/assets/fonts/instrument-sans/
wordpress/wp-content/themes/twentytwentyfour/assets/fonts/instrument-sans/InstrumentSans-Italic-VariableFont_wdth,wght.woff2
wordpress/wp-content/themes/twentytwentyfour/assets/fonts/instrument-sans/InstrumentSans-VariableFont_wdth,wght.woff2
wordpress/wp-content/themes/twentytwentyfour/assets/fonts/instrument-sans/OFL.txt
wordpress/wp-content/themes/twentytwentyfour/assets/fonts/inter/
wordpress/wp-content/themes/twentytwentyfour/assets/fonts/inter/Inter-VariableFont_slnt,wght.woff2
wordpress/wp-content/themes/twentytwentyfour/assets/fonts/inter/LICENSE.txt
wordpress/wp-content/themes/twentytwentyfour/assets/fonts/jost/
wordpress/wp-content/themes/twentytwentyfour/assets/fonts/jost/Jost-Italic-VariableFont_wght.woff2
wordpress/wp-content/themes/twentytwentyfour/assets/fonts/jost/Jost-VariableFont_wght.woff2
wordpress/wp-content/themes/twentytwentyfour/assets/fonts/jost/OFL.txt
wordpress/wp-content/themes/twentytwentyfour/assets/images/
wordpress/wp-content/themes/twentytwentyfour/assets/images/abstract-geometric-art.webp
wordpress/wp-content/themes/twentytwentyfour/assets/images/angular-roof.webp
wordpress/wp-content/themes/twentytwentyfour/assets/images/art-gallery.webp
wordpress/wp-content/themes/twentytwentyfour/assets/images/building-exterior.webp
wordpress/wp-content/themes/twentytwentyfour/assets/images/green-staircase.webp
wordpress/wp-content/themes/twentytwentyfour/assets/images/hotel-facade.webp
wordpress/wp-content/themes/twentytwentyfour/assets/images/icon-message.webp
wordpress/wp-content/themes/twentytwentyfour/assets/images/museum.webp
wordpress/wp-content/themes/twentytwentyfour/assets/images/tourist-and-building.webp
wordpress/wp-content/themes/twentytwentyfour/assets/images/windows.webp
wordpress/wp-content/themes/twentytwentyfour/functions.php
wordpress/wp-content/themes/twentytwentyfour/parts/
wordpress/wp-content/themes/twentytwentyfour/parts/footer.html
wordpress/wp-content/themes/twentytwentyfour/parts/header.html
wordpress/wp-content/themes/twentytwentyfour/parts/post-meta.html
wordpress/wp-content/themes/twentytwentyfour/parts/sidebar.html
wordpress/wp-content/themes/twentytwentyfour/patterns/
wordpress/wp-content/themes/twentytwentyfour/patterns/banner-hero.php
wordpress/wp-content/themes/twentytwentyfour/patterns/banner-project-description.php
wordpress/wp-content/themes/twentytwentyfour/patterns/cta-content-image-on-right.php
wordpress/wp-content/themes/twentytwentyfour/patterns/cta-pricing.php
wordpress/wp-content/themes/twentytwentyfour/patterns/cta-rsvp.php
wordpress/wp-content/themes/twentytwentyfour/patterns/cta-services-image-left.php
wordpress/wp-content/themes/twentytwentyfour/patterns/cta-subscribe-centered.php
wordpress/wp-content/themes/twentytwentyfour/patterns/footer-centered-logo-nav.php
wordpress/wp-content/themes/twentytwentyfour/patterns/footer-colophon-3-col.php
wordpress/wp-content/themes/twentytwentyfour/patterns/footer.php
wordpress/wp-content/themes/twentytwentyfour/patterns/gallery-full-screen-image.php
wordpress/wp-content/themes/twentytwentyfour/patterns/gallery-offset-images-grid-2-col.php
wordpress/wp-content/themes/twentytwentyfour/patterns/gallery-offset-images-grid-3-col.php
wordpress/wp-content/themes/twentytwentyfour/patterns/gallery-offset-images-grid-4-col.php
wordpress/wp-content/themes/twentytwentyfour/patterns/gallery-project-layout.php
wordpress/wp-content/themes/twentytwentyfour/patterns/hidden-404.php
wordpress/wp-content/themes/twentytwentyfour/patterns/hidden-comments.php
wordpress/wp-content/themes/twentytwentyfour/patterns/hidden-no-results.php
wordpress/wp-content/themes/twentytwentyfour/patterns/hidden-portfolio-hero.php
wordpress/wp-content/themes/twentytwentyfour/patterns/hidden-post-meta.php
wordpress/wp-content/themes/twentytwentyfour/patterns/hidden-post-navigation.php
wordpress/wp-content/themes/twentytwentyfour/patterns/hidden-posts-heading.php
wordpress/wp-content/themes/twentytwentyfour/patterns/hidden-search.php
wordpress/wp-content/themes/twentytwentyfour/patterns/hidden-sidebar.php
wordpress/wp-content/themes/twentytwentyfour/patterns/page-about-business.php
wordpress/wp-content/themes/twentytwentyfour/patterns/page-home-blogging.php
wordpress/wp-content/themes/twentytwentyfour/patterns/page-home-business.php
wordpress/wp-content/themes/twentytwentyfour/patterns/page-home-portfolio-gallery.php
wordpress/wp-content/themes/twentytwentyfour/patterns/page-home-portfolio.php
wordpress/wp-content/themes/twentytwentyfour/patterns/page-newsletter-landing.php
wordpress/wp-content/themes/twentytwentyfour/patterns/page-portfolio-overview.php
wordpress/wp-content/themes/twentytwentyfour/patterns/page-rsvp-landing.php
wordpress/wp-content/themes/twentytwentyfour/patterns/posts-1-col.php
wordpress/wp-content/themes/twentytwentyfour/patterns/posts-3-col.php
wordpress/wp-content/themes/twentytwentyfour/patterns/posts-grid-2-col.php
wordpress/wp-content/themes/twentytwentyfour/patterns/posts-images-only-3-col.php
wordpress/wp-content/themes/twentytwentyfour/patterns/posts-images-only-offset-4-col.php
wordpress/wp-content/themes/twentytwentyfour/patterns/posts-list.php
wordpress/wp-content/themes/twentytwentyfour/patterns/team-4-col.php
wordpress/wp-content/themes/twentytwentyfour/patterns/template-archive-blogging.php
wordpress/wp-content/themes/twentytwentyfour/patterns/template-archive-portfolio.php
wordpress/wp-content/themes/twentytwentyfour/patterns/template-home-blogging.php
wordpress/wp-content/themes/twentytwentyfour/patterns/template-home-business.php
wordpress/wp-content/themes/twentytwentyfour/patterns/template-home-portfolio.php
wordpress/wp-content/themes/twentytwentyfour/patterns/template-index-blogging.php
wordpress/wp-content/themes/twentytwentyfour/patterns/template-index-portfolio.php
wordpress/wp-content/themes/twentytwentyfour/patterns/template-search-blogging.php
wordpress/wp-content/themes/twentytwentyfour/patterns/template-search-portfolio.php
wordpress/wp-content/themes/twentytwentyfour/patterns/template-single-portfolio.php
wordpress/wp-content/themes/twentytwentyfour/patterns/testimonial-centered.php
wordpress/wp-content/themes/twentytwentyfour/patterns/text-alternating-images.php
wordpress/wp-content/themes/twentytwentyfour/patterns/text-centered-statement-small.php
wordpress/wp-content/themes/twentytwentyfour/patterns/text-centered-statement.php
wordpress/wp-content/themes/twentytwentyfour/patterns/text-faq.php
wordpress/wp-content/themes/twentytwentyfour/patterns/text-feature-grid-3-col.php
wordpress/wp-content/themes/twentytwentyfour/patterns/text-project-details.php
wordpress/wp-content/themes/twentytwentyfour/patterns/text-title-left-image-right.php
wordpress/wp-content/themes/twentytwentyfour/readme.txt
wordpress/wp-content/themes/twentytwentyfour/screenshot.png
wordpress/wp-content/themes/twentytwentyfour/style.css
wordpress/wp-content/themes/twentytwentyfour/styles/
wordpress/wp-content/themes/twentytwentyfour/styles/ember.json
wordpress/wp-content/themes/twentytwentyfour/styles/fossil.json
wordpress/wp-content/themes/twentytwentyfour/styles/ice.json
wordpress/wp-content/themes/twentytwentyfour/styles/maelstrom.json
wordpress/wp-content/themes/twentytwentyfour/styles/mint.json
wordpress/wp-content/themes/twentytwentyfour/styles/onyx.json
wordpress/wp-content/themes/twentytwentyfour/styles/rust.json
wordpress/wp-content/themes/twentytwentyfour/templates/
wordpress/wp-content/themes/twentytwentyfour/templates/404.html
wordpress/wp-content/themes/twentytwentyfour/templates/archive.html
wordpress/wp-content/themes/twentytwentyfour/templates/home.html
wordpress/wp-content/themes/twentytwentyfour/templates/index.html
wordpress/wp-content/themes/twentytwentyfour/templates/page-no-title.html
wordpress/wp-content/themes/twentytwentyfour/templates/page-wide.html
wordpress/wp-content/themes/twentytwentyfour/templates/page-with-sidebar.html
wordpress/wp-content/themes/twentytwentyfour/templates/page.html
wordpress/wp-content/themes/twentytwentyfour/templates/search.html
wordpress/wp-content/themes/twentytwentyfour/templates/single-with-sidebar.html
wordpress/wp-content/themes/twentytwentyfour/templates/single.html
wordpress/wp-content/themes/twentytwentyfour/theme.json
wordpress/wp-content/themes/twentytwentythree/
wordpress/wp-content/themes/twentytwentythree/assets/
wordpress/wp-content/themes/twentytwentythree/assets/fonts/
wordpress/wp-content/themes/twentytwentythree/assets/fonts/dm-sans/
wordpress/wp-content/themes/twentytwentythree/assets/fonts/dm-sans/DMSans-Bold-Italic.woff2
wordpress/wp-content/themes/twentytwentythree/assets/fonts/dm-sans/DMSans-Bold.woff2
wordpress/wp-content/themes/twentytwentythree/assets/fonts/dm-sans/DMSans-Regular-Italic.woff2
wordpress/wp-content/themes/twentytwentythree/assets/fonts/dm-sans/DMSans-Regular.woff2
wordpress/wp-content/themes/twentytwentythree/assets/fonts/dm-sans/LICENSE.txt
wordpress/wp-content/themes/twentytwentythree/assets/fonts/ibm-plex-mono/
wordpress/wp-content/themes/twentytwentythree/assets/fonts/ibm-plex-mono/IBMPlexMono-Bold.woff2
wordpress/wp-content/themes/twentytwentythree/assets/fonts/ibm-plex-mono/IBMPlexMono-Italic.woff2
wordpress/wp-content/themes/twentytwentythree/assets/fonts/ibm-plex-mono/IBMPlexMono-Light.woff2
wordpress/wp-content/themes/twentytwentythree/assets/fonts/ibm-plex-mono/IBMPlexMono-Regular.woff2
wordpress/wp-content/themes/twentytwentythree/assets/fonts/ibm-plex-mono/OFL.txt
wordpress/wp-content/themes/twentytwentythree/assets/fonts/inter/
wordpress/wp-content/themes/twentytwentythree/assets/fonts/inter/Inter-VariableFont_slnt,wght.ttf
wordpress/wp-content/themes/twentytwentythree/assets/fonts/inter/LICENSE.txt
wordpress/wp-content/themes/twentytwentythree/assets/fonts/source-serif-pro/
wordpress/wp-content/themes/twentytwentythree/assets/fonts/source-serif-pro/LICENSE.md
wordpress/wp-content/themes/twentytwentythree/assets/fonts/source-serif-pro/SourceSerif4Variable-Italic.otf.woff2
wordpress/wp-content/themes/twentytwentythree/assets/fonts/source-serif-pro/SourceSerif4Variable-Italic.ttf.woff2
wordpress/wp-content/themes/twentytwentythree/assets/fonts/source-serif-pro/SourceSerif4Variable-Roman.otf.woff2
wordpress/wp-content/themes/twentytwentythree/assets/fonts/source-serif-pro/SourceSerif4Variable-Roman.ttf.woff2
wordpress/wp-content/themes/twentytwentythree/parts/
wordpress/wp-content/themes/twentytwentythree/parts/comments.html
wordpress/wp-content/themes/twentytwentythree/parts/footer.html
wordpress/wp-content/themes/twentytwentythree/parts/header.html
wordpress/wp-content/themes/twentytwentythree/parts/post-meta.html
wordpress/wp-content/themes/twentytwentythree/patterns/
wordpress/wp-content/themes/twentytwentythree/patterns/call-to-action.php
wordpress/wp-content/themes/twentytwentythree/patterns/footer-default.php
wordpress/wp-content/themes/twentytwentythree/patterns/hidden-404.php
wordpress/wp-content/themes/twentytwentythree/patterns/hidden-comments.php
wordpress/wp-content/themes/twentytwentythree/patterns/hidden-heading.php
wordpress/wp-content/themes/twentytwentythree/patterns/hidden-no-results.php
wordpress/wp-content/themes/twentytwentythree/patterns/post-meta.php
wordpress/wp-content/themes/twentytwentythree/readme.txt
wordpress/wp-content/themes/twentytwentythree/screenshot.png
wordpress/wp-content/themes/twentytwentythree/style.css
wordpress/wp-content/themes/twentytwentythree/styles/
wordpress/wp-content/themes/twentytwentythree/styles/aubergine.json
wordpress/wp-content/themes/twentytwentythree/styles/block-out.json
wordpress/wp-content/themes/twentytwentythree/styles/canary.json
wordpress/wp-content/themes/twentytwentythree/styles/electric.json
wordpress/wp-content/themes/twentytwentythree/styles/grapes.json
wordpress/wp-content/themes/twentytwentythree/styles/marigold.json
wordpress/wp-content/themes/twentytwentythree/styles/pilgrimage.json
wordpress/wp-content/themes/twentytwentythree/styles/pitch.json
wordpress/wp-content/themes/twentytwentythree/styles/sherbet.json
wordpress/wp-content/themes/twentytwentythree/styles/whisper.json
wordpress/wp-content/themes/twentytwentythree/templates/
wordpress/wp-content/themes/twentytwentythree/templates/404.html
wordpress/wp-content/themes/twentytwentythree/templates/archive.html
wordpress/wp-content/themes/twentytwentythree/templates/blank.html
wordpress/wp-content/themes/twentytwentythree/templates/blog-alternative.html
wordpress/wp-content/themes/twentytwentythree/templates/home.html
wordpress/wp-content/themes/twentytwentythree/templates/index.html
wordpress/wp-content/themes/twentytwentythree/templates/page.html
wordpress/wp-content/themes/twentytwentythree/templates/search.html
wordpress/wp-content/themes/twentytwentythree/templates/single.html
wordpress/wp-content/themes/twentytwentythree/theme.json
wordpress/wp-cron.php
wordpress/wp-includes/
wordpress/wp-includes/ID3/
wordpress/wp-includes/ID3/getid3.lib.php
wordpress/wp-includes/ID3/getid3.php
wordpress/wp-includes/ID3/license.txt
wordpress/wp-includes/ID3/module.audio-video.asf.php
wordpress/wp-includes/ID3/module.audio-video.flv.php
wordpress/wp-includes/ID3/module.audio-video.matroska.php
wordpress/wp-includes/ID3/module.audio-video.quicktime.php
wordpress/wp-includes/ID3/module.audio-video.riff.php
wordpress/wp-includes/ID3/module.audio.ac3.php
wordpress/wp-includes/ID3/module.audio.dts.php
wordpress/wp-includes/ID3/module.audio.flac.php
wordpress/wp-includes/ID3/module.audio.mp3.php
wordpress/wp-includes/ID3/module.audio.ogg.php
wordpress/wp-includes/ID3/module.tag.apetag.php
wordpress/wp-includes/ID3/module.tag.id3v1.php
wordpress/wp-includes/ID3/module.tag.id3v2.php
wordpress/wp-includes/ID3/module.tag.lyrics3.php
wordpress/wp-includes/ID3/readme.txt
wordpress/wp-includes/IXR/
wordpress/wp-includes/IXR/class-IXR-base64.php
wordpress/wp-includes/IXR/class-IXR-client.php
wordpress/wp-includes/IXR/class-IXR-clientmulticall.php
wordpress/wp-includes/IXR/class-IXR-date.php
wordpress/wp-includes/IXR/class-IXR-error.php
wordpress/wp-includes/IXR/class-IXR-introspectionserver.php
wordpress/wp-includes/IXR/class-IXR-message.php
wordpress/wp-includes/IXR/class-IXR-request.php
wordpress/wp-includes/IXR/class-IXR-server.php
wordpress/wp-includes/IXR/class-IXR-value.php
wordpress/wp-includes/PHPMailer/
wordpress/wp-includes/PHPMailer/Exception.php
wordpress/wp-includes/PHPMailer/PHPMailer.php
wordpress/wp-includes/PHPMailer/SMTP.php
wordpress/wp-includes/Requests/
wordpress/wp-includes/Requests/library/
wordpress/wp-includes/Requests/library/Requests.php
wordpress/wp-includes/Requests/src/
wordpress/wp-includes/Requests/src/Auth/
wordpress/wp-includes/Requests/src/Auth/Basic.php
wordpress/wp-includes/Requests/src/Auth.php
wordpress/wp-includes/Requests/src/Autoload.php
wordpress/wp-includes/Requests/src/Capability.php
wordpress/wp-includes/Requests/src/Cookie/
wordpress/wp-includes/Requests/src/Cookie/Jar.php
wordpress/wp-includes/Requests/src/Cookie.php
wordpress/wp-includes/Requests/src/Exception/
wordpress/wp-includes/Requests/src/Exception/ArgumentCount.php
wordpress/wp-includes/Requests/src/Exception/Http/
wordpress/wp-includes/Requests/src/Exception/Http/Status304.php
wordpress/wp-includes/Requests/src/Exception/Http/Status305.php
wordpress/wp-includes/Requests/src/Exception/Http/Status306.php
wordpress/wp-includes/Requests/src/Exception/Http/Status400.php
wordpress/wp-includes/Requests/src/Exception/Http/Status401.php
wordpress/wp-includes/Requests/src/Exception/Http/Status402.php
wordpress/wp-includes/Requests/src/Exception/Http/Status403.php
wordpress/wp-includes/Requests/src/Exception/Http/Status404.php
wordpress/wp-includes/Requests/src/Exception/Http/Status405.php
wordpress/wp-includes/Requests/src/Exception/Http/Status406.php
wordpress/wp-includes/Requests/src/Exception/Http/Status407.php
wordpress/wp-includes/Requests/src/Exception/Http/Status408.php
wordpress/wp-includes/Requests/src/Exception/Http/Status409.php
wordpress/wp-includes/Requests/src/Exception/Http/Status410.php
wordpress/wp-includes/Requests/src/Exception/Http/Status411.php
wordpress/wp-includes/Requests/src/Exception/Http/Status412.php
wordpress/wp-includes/Requests/src/Exception/Http/Status413.php
wordpress/wp-includes/Requests/src/Exception/Http/Status414.php
wordpress/wp-includes/Requests/src/Exception/Http/Status415.php
wordpress/wp-includes/Requests/src/Exception/Http/Status416.php
wordpress/wp-includes/Requests/src/Exception/Http/Status417.php
wordpress/wp-includes/Requests/src/Exception/Http/Status418.php
wordpress/wp-includes/Requests/src/Exception/Http/Status428.php
wordpress/wp-includes/Requests/src/Exception/Http/Status429.php
wordpress/wp-includes/Requests/src/Exception/Http/Status431.php
wordpress/wp-includes/Requests/src/Exception/Http/Status500.php
wordpress/wp-includes/Requests/src/Exception/Http/Status501.php
wordpress/wp-includes/Requests/src/Exception/Http/Status502.php
wordpress/wp-includes/Requests/src/Exception/Http/Status503.php
wordpress/wp-includes/Requests/src/Exception/Http/Status504.php
wordpress/wp-includes/Requests/src/Exception/Http/Status505.php
wordpress/wp-includes/Requests/src/Exception/Http/Status511.php
wordpress/wp-includes/Requests/src/Exception/Http/StatusUnknown.php
wordpress/wp-includes/Requests/src/Exception/Http.php
wordpress/wp-includes/Requests/src/Exception/InvalidArgument.php
wordpress/wp-includes/Requests/src/Exception/Transport/
wordpress/wp-includes/Requests/src/Exception/Transport/Curl.php
wordpress/wp-includes/Requests/src/Exception/Transport.php
wordpress/wp-includes/Requests/src/Exception.php
wordpress/wp-includes/Requests/src/HookManager.php
wordpress/wp-includes/Requests/src/Hooks.php
wordpress/wp-includes/Requests/src/IdnaEncoder.php
wordpress/wp-includes/Requests/src/Ipv6.php
wordpress/wp-includes/Requests/src/Iri.php
wordpress/wp-includes/Requests/src/Port.php
wordpress/wp-includes/Requests/src/Proxy/
wordpress/wp-includes/Requests/src/Proxy/Http.php
wordpress/wp-includes/Requests/src/Proxy.php
wordpress/wp-includes/Requests/src/Requests.php
wordpress/wp-includes/Requests/src/Response/
wordpress/wp-includes/Requests/src/Response/Headers.php
wordpress/wp-includes/Requests/src/Response.php
wordpress/wp-includes/Requests/src/Session.php
wordpress/wp-includes/Requests/src/Ssl.php
wordpress/wp-includes/Requests/src/Transport/
wordpress/wp-includes/Requests/src/Transport/Curl.php
wordpress/wp-includes/Requests/src/Transport/Fsockopen.php
wordpress/wp-includes/Requests/src/Transport.php
wordpress/wp-includes/Requests/src/Utility/
wordpress/wp-includes/Requests/src/Utility/CaseInsensitiveDictionary.php
wordpress/wp-includes/Requests/src/Utility/FilteredIterator.php
wordpress/wp-includes/Requests/src/Utility/InputValidator.php
wordpress/wp-includes/SimplePie/
wordpress/wp-includes/SimplePie/autoloader.php
wordpress/wp-includes/SimplePie/library/
wordpress/wp-includes/SimplePie/library/SimplePie/
wordpress/wp-includes/SimplePie/library/SimplePie/Author.php
wordpress/wp-includes/SimplePie/library/SimplePie/Cache/
wordpress/wp-includes/SimplePie/library/SimplePie/Cache/Base.php
wordpress/wp-includes/SimplePie/library/SimplePie/Cache/DB.php
wordpress/wp-includes/SimplePie/library/SimplePie/Cache/File.php
wordpress/wp-includes/SimplePie/library/SimplePie/Cache/Memcache.php
wordpress/wp-includes/SimplePie/library/SimplePie/Cache/Memcached.php
wordpress/wp-includes/SimplePie/library/SimplePie/Cache/MySQL.php
wordpress/wp-includes/SimplePie/library/SimplePie/Cache/Redis.php
wordpress/wp-includes/SimplePie/library/SimplePie/Cache.php
wordpress/wp-includes/SimplePie/library/SimplePie/Caption.php
wordpress/wp-includes/SimplePie/library/SimplePie/Category.php
wordpress/wp-includes/SimplePie/library/SimplePie/Content/
wordpress/wp-includes/SimplePie/library/SimplePie/Content/Type/
wordpress/wp-includes/SimplePie/library/SimplePie/Content/Type/Sniffer.php
wordpress/wp-includes/SimplePie/library/SimplePie/Copyright.php
wordpress/wp-includes/SimplePie/library/SimplePie/Core.php
wordpress/wp-includes/SimplePie/library/SimplePie/Credit.php
wordpress/wp-includes/SimplePie/library/SimplePie/Decode/
wordpress/wp-includes/SimplePie/library/SimplePie/Decode/HTML/
wordpress/wp-includes/SimplePie/library/SimplePie/Decode/HTML/Entities.php
wordpress/wp-includes/SimplePie/library/SimplePie/Enclosure.php
wordpress/wp-includes/SimplePie/library/SimplePie/Exception.php
wordpress/wp-includes/SimplePie/library/SimplePie/File.php
wordpress/wp-includes/SimplePie/library/SimplePie/HTTP/
wordpress/wp-includes/SimplePie/library/SimplePie/HTTP/Parser.php
wordpress/wp-includes/SimplePie/library/SimplePie/IRI.php
wordpress/wp-includes/SimplePie/library/SimplePie/Item.php
wordpress/wp-includes/SimplePie/library/SimplePie/Locator.php
wordpress/wp-includes/SimplePie/library/SimplePie/Misc.php
wordpress/wp-includes/SimplePie/library/SimplePie/Net/
wordpress/wp-includes/SimplePie/library/SimplePie/Net/IPv6.php
wordpress/wp-includes/SimplePie/library/SimplePie/Parse/
wordpress/wp-includes/SimplePie/library/SimplePie/Parse/Date.php
wordpress/wp-includes/SimplePie/library/SimplePie/Parser.php
wordpress/wp-includes/SimplePie/library/SimplePie/Rating.php
wordpress/wp-includes/SimplePie/library/SimplePie/Registry.php
wordpress/wp-includes/SimplePie/library/SimplePie/Restriction.php
wordpress/wp-includes/SimplePie/library/SimplePie/Sanitize.php
wordpress/wp-includes/SimplePie/library/SimplePie/Source.php
wordpress/wp-includes/SimplePie/library/SimplePie/XML/
wordpress/wp-includes/SimplePie/library/SimplePie/XML/Declaration/
wordpress/wp-includes/SimplePie/library/SimplePie/XML/Declaration/Parser.php
wordpress/wp-includes/SimplePie/library/SimplePie/gzdecode.php
wordpress/wp-includes/SimplePie/library/SimplePie.php
wordpress/wp-includes/SimplePie/src/
wordpress/wp-includes/SimplePie/src/Author.php
wordpress/wp-includes/SimplePie/src/Cache/
wordpress/wp-includes/SimplePie/src/Cache/Base.php
wordpress/wp-includes/SimplePie/src/Cache/BaseDataCache.php
wordpress/wp-includes/SimplePie/src/Cache/CallableNameFilter.php
wordpress/wp-includes/SimplePie/src/Cache/DB.php
wordpress/wp-includes/SimplePie/src/Cache/DataCache.php
wordpress/wp-includes/SimplePie/src/Cache/File.php
wordpress/wp-includes/SimplePie/src/Cache/Memcache.php
wordpress/wp-includes/SimplePie/src/Cache/Memcached.php
wordpress/wp-includes/SimplePie/src/Cache/MySQL.php
wordpress/wp-includes/SimplePie/src/Cache/NameFilter.php
wordpress/wp-includes/SimplePie/src/Cache/Psr16.php
wordpress/wp-includes/SimplePie/src/Cache/Redis.php
wordpress/wp-includes/SimplePie/src/Cache.php
wordpress/wp-includes/SimplePie/src/Caption.php
wordpress/wp-includes/SimplePie/src/Category.php
wordpress/wp-includes/SimplePie/src/Content/
wordpress/wp-includes/SimplePie/src/Content/Type/
wordpress/wp-includes/SimplePie/src/Content/Type/Sniffer.php
wordpress/wp-includes/SimplePie/src/Copyright.php
wordpress/wp-includes/SimplePie/src/Core.php
wordpress/wp-includes/SimplePie/src/Credit.php
wordpress/wp-includes/SimplePie/src/Decode/
wordpress/wp-includes/SimplePie/src/Decode/HTML/
wordpress/wp-includes/SimplePie/src/Decode/HTML/Entities.php
wordpress/wp-includes/SimplePie/src/Enclosure.php
wordpress/wp-includes/SimplePie/src/Exception.php
wordpress/wp-includes/SimplePie/src/File.php
wordpress/wp-includes/SimplePie/src/Gzdecode.php
wordpress/wp-includes/SimplePie/src/HTTP/
wordpress/wp-includes/SimplePie/src/HTTP/Parser.php
wordpress/wp-includes/SimplePie/src/IRI.php
wordpress/wp-includes/SimplePie/src/Item.php
wordpress/wp-includes/SimplePie/src/Locator.php
wordpress/wp-includes/SimplePie/src/Misc.php
wordpress/wp-includes/SimplePie/src/Net/
wordpress/wp-includes/SimplePie/src/Net/IPv6.php
wordpress/wp-includes/SimplePie/src/Parse/
wordpress/wp-includes/SimplePie/src/Parse/Date.php
wordpress/wp-includes/SimplePie/src/Parser.php
wordpress/wp-includes/SimplePie/src/Rating.php
wordpress/wp-includes/SimplePie/src/Registry.php
wordpress/wp-includes/SimplePie/src/RegistryAware.php
wordpress/wp-includes/SimplePie/src/Restriction.php
wordpress/wp-includes/SimplePie/src/Sanitize.php
wordpress/wp-includes/SimplePie/src/SimplePie.php
wordpress/wp-includes/SimplePie/src/Source.php
wordpress/wp-includes/SimplePie/src/XML/
wordpress/wp-includes/SimplePie/src/XML/Declaration/
wordpress/wp-includes/SimplePie/src/XML/Declaration/Parser.php
wordpress/wp-includes/Text/
wordpress/wp-includes/Text/Diff/
wordpress/wp-includes/Text/Diff/Engine/
wordpress/wp-includes/Text/Diff/Engine/native.php
wordpress/wp-includes/Text/Diff/Engine/shell.php
wordpress/wp-includes/Text/Diff/Engine/string.php
wordpress/wp-includes/Text/Diff/Engine/xdiff.php
wordpress/wp-includes/Text/Diff/Renderer/
wordpress/wp-includes/Text/Diff/Renderer/inline.php
wordpress/wp-includes/Text/Diff/Renderer.php
wordpress/wp-includes/Text/Diff.php
wordpress/wp-includes/Text/Exception.php
wordpress/wp-includes/admin-bar.php
wordpress/wp-includes/assets/
wordpress/wp-includes/assets/script-loader-packages.min.php
wordpress/wp-includes/assets/script-loader-packages.php
wordpress/wp-includes/assets/script-loader-react-refresh-entry.min.php
wordpress/wp-includes/assets/script-loader-react-refresh-entry.php
wordpress/wp-includes/assets/script-loader-react-refresh-runtime.min.php
wordpress/wp-includes/assets/script-loader-react-refresh-runtime.php
wordpress/wp-includes/assets/script-modules-packages.min.php
wordpress/wp-includes/assets/script-modules-packages.php
wordpress/wp-includes/atomlib.php
wordpress/wp-includes/author-template.php
wordpress/wp-includes/block-bindings/
wordpress/wp-includes/block-bindings/pattern-overrides.php
wordpress/wp-includes/block-bindings/post-meta.php
wordpress/wp-includes/block-bindings.php
wordpress/wp-includes/block-editor.php
wordpress/wp-includes/block-i18n.json
wordpress/wp-includes/block-patterns/
wordpress/wp-includes/block-patterns/query-grid-posts.php
wordpress/wp-includes/block-patterns/query-large-title-posts.php
wordpress/wp-includes/block-patterns/query-medium-posts.php
wordpress/wp-includes/block-patterns/query-offset-posts.php
wordpress/wp-includes/block-patterns/query-small-posts.php
wordpress/wp-includes/block-patterns/query-standard-posts.php
wordpress/wp-includes/block-patterns/social-links-shared-background-color.php
wordpress/wp-includes/block-patterns.php
wordpress/wp-includes/block-supports/
wordpress/wp-includes/block-supports/align.php
wordpress/wp-includes/block-supports/background.php
wordpress/wp-includes/block-supports/block-style-variations.php
wordpress/wp-includes/block-supports/border.php
wordpress/wp-includes/block-supports/colors.php
wordpress/wp-includes/block-supports/custom-classname.php
wordpress/wp-includes/block-supports/dimensions.php
wordpress/wp-includes/block-supports/duotone.php
wordpress/wp-includes/block-supports/elements.php
wordpress/wp-includes/block-supports/generated-classname.php
wordpress/wp-includes/block-supports/layout.php
wordpress/wp-includes/block-supports/position.php
wordpress/wp-includes/block-supports/settings.php
wordpress/wp-includes/block-supports/shadow.php
wordpress/wp-includes/block-supports/spacing.php
wordpress/wp-includes/block-supports/typography.php
wordpress/wp-includes/block-supports/utils.php
wordpress/wp-includes/block-template-utils.php
wordpress/wp-includes/block-template.php
wordpress/wp-includes/blocks/
wordpress/wp-includes/blocks/archives/
wordpress/wp-includes/blocks/archives/block.json
wordpress/wp-includes/blocks/archives/editor-rtl.css
wordpress/wp-includes/blocks/archives/editor-rtl.min.css
wordpress/wp-includes/blocks/archives/editor.css
wordpress/wp-includes/blocks/archives/editor.min.css
wordpress/wp-includes/blocks/archives/style-rtl.css
wordpress/wp-includes/blocks/archives/style-rtl.min.css
wordpress/wp-includes/blocks/archives/style.css
wordpress/wp-includes/blocks/archives/style.min.css
wordpress/wp-includes/blocks/archives.php
wordpress/wp-includes/blocks/audio/
wordpress/wp-includes/blocks/audio/block.json
wordpress/wp-includes/blocks/audio/editor-rtl.css
wordpress/wp-includes/blocks/audio/editor-rtl.min.css
wordpress/wp-includes/blocks/audio/editor.css
wordpress/wp-includes/blocks/audio/editor.min.css
wordpress/wp-includes/blocks/audio/style-rtl.css
wordpress/wp-includes/blocks/audio/style-rtl.min.css
wordpress/wp-includes/blocks/audio/style.css
wordpress/wp-includes/blocks/audio/style.min.css
wordpress/wp-includes/blocks/audio/theme-rtl.css
wordpress/wp-includes/blocks/audio/theme-rtl.min.css
wordpress/wp-includes/blocks/audio/theme.css
wordpress/wp-includes/blocks/audio/theme.min.css
wordpress/wp-includes/blocks/avatar/
wordpress/wp-includes/blocks/avatar/block.json
wordpress/wp-includes/blocks/avatar/editor-rtl.css
wordpress/wp-includes/blocks/avatar/editor-rtl.min.css
wordpress/wp-includes/blocks/avatar/editor.css
wordpress/wp-includes/blocks/avatar/editor.min.css
wordpress/wp-includes/blocks/avatar/style-rtl.css
wordpress/wp-includes/blocks/avatar/style-rtl.min.css
wordpress/wp-includes/blocks/avatar/style.css
wordpress/wp-includes/blocks/avatar/style.min.css
wordpress/wp-includes/blocks/avatar.php
wordpress/wp-includes/blocks/block/
wordpress/wp-includes/blocks/block/block.json
wordpress/wp-includes/blocks/block.php
wordpress/wp-includes/blocks/blocks-json.php
wordpress/wp-includes/blocks/button/
wordpress/wp-includes/blocks/button/block.json
wordpress/wp-includes/blocks/button/editor-rtl.css
wordpress/wp-includes/blocks/button/editor-rtl.min.css
wordpress/wp-includes/blocks/button/editor.css
wordpress/wp-includes/blocks/button/editor.min.css
wordpress/wp-includes/blocks/button/style-rtl.css
wordpress/wp-includes/blocks/button/style-rtl.min.css
wordpress/wp-includes/blocks/button/style.css
wordpress/wp-includes/blocks/button/style.min.css
wordpress/wp-includes/blocks/button.php
wordpress/wp-includes/blocks/buttons/
wordpress/wp-includes/blocks/buttons/block.json
wordpress/wp-includes/blocks/buttons/editor-rtl.css
wordpress/wp-includes/blocks/buttons/editor-rtl.min.css
wordpress/wp-includes/blocks/buttons/editor.css
wordpress/wp-includes/blocks/buttons/editor.min.css
wordpress/wp-includes/blocks/buttons/style-rtl.css
wordpress/wp-includes/blocks/buttons/style-rtl.min.css
wordpress/wp-includes/blocks/buttons/style.css
wordpress/wp-includes/blocks/buttons/style.min.css
wordpress/wp-includes/blocks/calendar/
wordpress/wp-includes/blocks/calendar/block.json
wordpress/wp-includes/blocks/calendar/style-rtl.css
wordpress/wp-includes/blocks/calendar/style-rtl.min.css
wordpress/wp-includes/blocks/calendar/style.css
wordpress/wp-includes/blocks/calendar/style.min.css
wordpress/wp-includes/blocks/calendar.php
wordpress/wp-includes/blocks/categories/
wordpress/wp-includes/blocks/categories/block.json
wordpress/wp-includes/blocks/categories/editor-rtl.css
wordpress/wp-includes/blocks/categories/editor-rtl.min.css
wordpress/wp-includes/blocks/categories/editor.css
wordpress/wp-includes/blocks/categories/editor.min.css
wordpress/wp-includes/blocks/categories/style-rtl.css
wordpress/wp-includes/blocks/categories/style-rtl.min.css
wordpress/wp-includes/blocks/categories/style.css
wordpress/wp-includes/blocks/categories/style.min.css
wordpress/wp-includes/blocks/categories.php
wordpress/wp-includes/blocks/code/
wordpress/wp-includes/blocks/code/block.json
wordpress/wp-includes/blocks/code/editor-rtl.css
wordpress/wp-includes/blocks/code/editor-rtl.min.css
wordpress/wp-includes/blocks/code/editor.css
wordpress/wp-includes/blocks/code/editor.min.css
wordpress/wp-includes/blocks/code/style-rtl.css
wordpress/wp-includes/blocks/code/style-rtl.min.css
wordpress/wp-includes/blocks/code/style.css
wordpress/wp-includes/blocks/code/style.min.css
wordpress/wp-includes/blocks/code/theme-rtl.css
wordpress/wp-includes/blocks/code/theme-rtl.min.css
wordpress/wp-includes/blocks/code/theme.css
wordpress/wp-includes/blocks/code/theme.min.css
wordpress/wp-includes/blocks/column/
wordpress/wp-includes/blocks/column/block.json
wordpress/wp-includes/blocks/columns/
wordpress/wp-includes/blocks/columns/block.json
wordpress/wp-includes/blocks/columns/editor-rtl.css
wordpress/wp-includes/blocks/columns/editor-rtl.min.css
wordpress/wp-includes/blocks/columns/editor.css
wordpress/wp-includes/blocks/columns/editor.min.css
wordpress/wp-includes/blocks/columns/style-rtl.css
wordpress/wp-includes/blocks/columns/style-rtl.min.css
wordpress/wp-includes/blocks/columns/style.css
wordpress/wp-includes/blocks/columns/style.min.css
wordpress/wp-includes/blocks/comment-author-name/
wordpress/wp-includes/blocks/comment-author-name/block.json
wordpress/wp-includes/blocks/comment-author-name/style-rtl.css
wordpress/wp-includes/blocks/comment-author-name/style-rtl.min.css
wordpress/wp-includes/blocks/comment-author-name/style.css
wordpress/wp-includes/blocks/comment-author-name/style.min.css
wordpress/wp-includes/blocks/comment-author-name.php
wordpress/wp-includes/blocks/comment-content/
wordpress/wp-includes/blocks/comment-content/block.json
wordpress/wp-includes/blocks/comment-content/style-rtl.css
wordpress/wp-includes/blocks/comment-content/style-rtl.min.css
wordpress/wp-includes/blocks/comment-content/style.css
wordpress/wp-includes/blocks/comment-content/style.min.css
wordpress/wp-includes/blocks/comment-content.php
wordpress/wp-includes/blocks/comment-date/
wordpress/wp-includes/blocks/comment-date/block.json
wordpress/wp-includes/blocks/comment-date/style-rtl.css
wordpress/wp-includes/blocks/comment-date/style-rtl.min.css
wordpress/wp-includes/js/tinymce/plugins/wpeditimage/plugin.min.js
wordpress/wp-includes/js/tinymce/plugins/wpemoji/
wordpress/wp-includes/js/tinymce/plugins/wpemoji/plugin.js
wordpress/wp-includes/js/tinymce/plugins/wpemoji/plugin.min.js
wordpress/wp-includes/js/tinymce/plugins/wpgallery/
wordpress/wp-includes/js/tinymce/plugins/wpgallery/plugin.js
wordpress/wp-includes/js/tinymce/plugins/wpgallery/plugin.min.js
wordpress/wp-includes/js/tinymce/plugins/wplink/
wordpress/wp-includes/js/tinymce/plugins/wplink/plugin.js
wordpress/wp-includes/js/tinymce/plugins/wplink/plugin.min.js
wordpress/wp-includes/js/tinymce/plugins/wptextpattern/
wordpress/wp-includes/js/tinymce/plugins/wptextpattern/plugin.js
wordpress/wp-includes/js/tinymce/plugins/wptextpattern/plugin.min.js
wordpress/wp-includes/js/tinymce/plugins/wpview/
wordpress/wp-includes/js/tinymce/plugins/wpview/plugin.js
wordpress/wp-includes/js/tinymce/plugins/wpview/plugin.min.js
wordpress/wp-includes/js/tinymce/skins/
wordpress/wp-includes/js/tinymce/skins/lightgray/
wordpress/wp-includes/js/tinymce/skins/lightgray/content.inline.min.css
wordpress/wp-includes/js/tinymce/skins/lightgray/content.min.css
wordpress/wp-includes/js/tinymce/skins/lightgray/fonts/
wordpress/wp-includes/js/tinymce/skins/lightgray/fonts/tinymce-small.eot
wordpress/wp-includes/js/tinymce/skins/lightgray/fonts/tinymce-small.svg
wordpress/wp-includes/js/tinymce/skins/lightgray/fonts/tinymce-small.ttf
wordpress/wp-includes/js/tinymce/skins/lightgray/fonts/tinymce-small.woff
wordpress/wp-includes/js/tinymce/skins/lightgray/fonts/tinymce.eot
wordpress/wp-includes/js/tinymce/skins/lightgray/fonts/tinymce.svg
wordpress/wp-includes/js/tinymce/skins/lightgray/fonts/tinymce.ttf
wordpress/wp-includes/js/tinymce/skins/lightgray/fonts/tinymce.woff
wordpress/wp-includes/js/tinymce/skins/lightgray/img/
wordpress/wp-includes/js/tinymce/skins/lightgray/img/anchor.gif
wordpress/wp-includes/js/tinymce/skins/lightgray/img/loader.gif
wordpress/wp-includes/js/tinymce/skins/lightgray/img/object.gif
wordpress/wp-includes/js/tinymce/skins/lightgray/img/trans.gif
wordpress/wp-includes/js/tinymce/skins/lightgray/skin.min.css
wordpress/wp-includes/js/tinymce/skins/wordpress/
wordpress/wp-includes/js/tinymce/skins/wordpress/images/
wordpress/wp-includes/js/tinymce/skins/wordpress/images/audio.png
wordpress/wp-includes/js/tinymce/skins/wordpress/images/dashicon-edit.png
wordpress/wp-includes/js/tinymce/skins/wordpress/images/dashicon-no.png
wordpress/wp-includes/js/tinymce/skins/wordpress/images/embedded.png
wordpress/wp-includes/js/tinymce/skins/wordpress/images/gallery-2x.png
wordpress/wp-includes/js/tinymce/skins/wordpress/images/gallery.png
wordpress/wp-includes/js/tinymce/skins/wordpress/images/more-2x.png
wordpress/wp-includes/js/tinymce/skins/wordpress/images/more.png
wordpress/wp-includes/js/tinymce/skins/wordpress/images/pagebreak-2x.png
wordpress/wp-includes/js/tinymce/skins/wordpress/images/pagebreak.png
wordpress/wp-includes/js/tinymce/skins/wordpress/images/playlist-audio.png
wordpress/wp-includes/js/tinymce/skins/wordpress/images/playlist-video.png
wordpress/wp-includes/js/tinymce/skins/wordpress/images/video.png
wordpress/wp-includes/js/tinymce/skins/wordpress/wp-content.css
wordpress/wp-includes/js/tinymce/themes/
wordpress/wp-includes/js/tinymce/themes/inlite/
wordpress/wp-includes/js/tinymce/themes/inlite/theme.js
wordpress/wp-includes/js/tinymce/themes/inlite/theme.min.js
wordpress/wp-includes/js/tinymce/themes/modern/
wordpress/wp-includes/js/tinymce/themes/modern/theme.js
wordpress/wp-includes/js/tinymce/themes/modern/theme.min.js
wordpress/wp-includes/js/tinymce/tiny_mce_popup.js
wordpress/wp-includes/js/tinymce/tinymce.min.js
wordpress/wp-includes/js/tinymce/utils/
wordpress/wp-includes/js/tinymce/utils/editable_selects.js
wordpress/wp-includes/js/tinymce/utils/form_utils.js
wordpress/wp-includes/js/tinymce/utils/mctabs.js
wordpress/wp-includes/js/tinymce/utils/validate.js
wordpress/wp-includes/js/tinymce/wp-tinymce.js
wordpress/wp-includes/js/tinymce/wp-tinymce.php
wordpress/wp-includes/js/tw-sack.js
wordpress/wp-includes/js/tw-sack.min.js
wordpress/wp-includes/js/twemoji.js
wordpress/wp-includes/js/twemoji.min.js
wordpress/wp-includes/js/underscore.js
wordpress/wp-includes/js/underscore.min.js
wordpress/wp-includes/js/utils.js
wordpress/wp-includes/js/utils.min.js
wordpress/wp-includes/js/wp-ajax-response.js
wordpress/wp-includes/js/wp-ajax-response.min.js
wordpress/wp-includes/js/wp-api.js
wordpress/wp-includes/js/wp-api.min.js
wordpress/wp-includes/js/wp-auth-check.js
wordpress/wp-includes/js/wp-auth-check.min.js
wordpress/wp-includes/js/wp-backbone.js
wordpress/wp-includes/js/wp-backbone.min.js
wordpress/wp-includes/js/wp-custom-header.js
wordpress/wp-includes/js/wp-custom-header.min.js
wordpress/wp-includes/js/wp-embed-template.js
wordpress/wp-includes/js/wp-embed-template.min.js
wordpress/wp-includes/js/wp-embed.js
wordpress/wp-includes/js/wp-embed.min.js
wordpress/wp-includes/js/wp-emoji-loader.js
wordpress/wp-includes/js/wp-emoji-loader.min.js
wordpress/wp-includes/js/wp-emoji-release.min.js
wordpress/wp-includes/js/wp-emoji.js
wordpress/wp-includes/js/wp-emoji.min.js
wordpress/wp-includes/js/wp-list-revisions.js
wordpress/wp-includes/js/wp-list-revisions.min.js
wordpress/wp-includes/js/wp-lists.js
wordpress/wp-includes/js/wp-lists.min.js
wordpress/wp-includes/js/wp-pointer.js
wordpress/wp-includes/js/wp-pointer.min.js
wordpress/wp-includes/js/wp-sanitize.js
wordpress/wp-includes/js/wp-sanitize.min.js
wordpress/wp-includes/js/wp-util.js
wordpress/wp-includes/js/wp-util.min.js
wordpress/wp-includes/js/wpdialog.js
wordpress/wp-includes/js/wpdialog.min.js
wordpress/wp-includes/js/wplink.js
wordpress/wp-includes/js/wplink.min.js
wordpress/wp-includes/js/zxcvbn-async.js
wordpress/wp-includes/js/zxcvbn-async.min.js
wordpress/wp-includes/js/zxcvbn.min.js
wordpress/wp-includes/kses.php
wordpress/wp-includes/l10n/
wordpress/wp-includes/l10n/class-wp-translation-controller.php
wordpress/wp-includes/l10n/class-wp-translation-file-mo.php
wordpress/wp-includes/l10n/class-wp-translation-file-php.php
wordpress/wp-includes/l10n/class-wp-translation-file.php
wordpress/wp-includes/l10n/class-wp-translations.php
wordpress/wp-includes/l10n.php
wordpress/wp-includes/link-template.php
wordpress/wp-includes/load.php
wordpress/wp-includes/locale.php
wordpress/wp-includes/media-template.php
wordpress/wp-includes/media.php
wordpress/wp-includes/meta.php
wordpress/wp-includes/ms-blogs.php
wordpress/wp-includes/ms-default-constants.php
wordpress/wp-includes/ms-default-filters.php
wordpress/wp-includes/ms-deprecated.php
wordpress/wp-includes/ms-files.php
wordpress/wp-includes/ms-functions.php
wordpress/wp-includes/ms-load.php
wordpress/wp-includes/ms-network.php
wordpress/wp-includes/ms-settings.php
wordpress/wp-includes/ms-site.php
wordpress/wp-includes/nav-menu-template.php
wordpress/wp-includes/nav-menu.php
wordpress/wp-includes/option.php
wordpress/wp-includes/php-compat/
wordpress/wp-includes/php-compat/readonly.php
wordpress/wp-includes/pluggable-deprecated.php
wordpress/wp-includes/pluggable.php
wordpress/wp-includes/plugin.php
wordpress/wp-includes/pomo/
wordpress/wp-includes/pomo/entry.php
wordpress/wp-includes/pomo/mo.php
wordpress/wp-includes/pomo/plural-forms.php
wordpress/wp-includes/pomo/po.php
wordpress/wp-includes/pomo/streams.php
wordpress/wp-includes/pomo/translations.php
wordpress/wp-includes/post-formats.php
wordpress/wp-includes/post-template.php
wordpress/wp-includes/post-thumbnail-template.php
wordpress/wp-includes/post.php
wordpress/wp-includes/query.php
wordpress/wp-includes/registration-functions.php
wordpress/wp-includes/registration.php
wordpress/wp-includes/rest-api/
wordpress/wp-includes/rest-api/class-wp-rest-request.php
wordpress/wp-includes/rest-api/class-wp-rest-response.php
wordpress/wp-includes/rest-api/class-wp-rest-server.php
wordpress/wp-includes/rest-api/endpoints/
wordpress/wp-includes/rest-api/endpoints/class-wp-rest-application-passwords-controller.php
wordpress/wp-includes/rest-api/endpoints/class-wp-rest-attachments-controller.php
wordpress/wp-includes/rest-api/endpoints/class-wp-rest-autosaves-controller.php
wordpress/wp-includes/rest-api/endpoints/class-wp-rest-block-directory-controller.php
wordpress/wp-includes/rest-api/endpoints/class-wp-rest-block-pattern-categories-controller.php
wordpress/wp-includes/rest-api/endpoints/class-wp-rest-block-patterns-controller.php
wordpress/wp-includes/rest-api/endpoints/class-wp-rest-block-renderer-controller.php
wordpress/wp-includes/rest-api/endpoints/class-wp-rest-block-types-controller.php
wordpress/wp-includes/rest-api/endpoints/class-wp-rest-blocks-controller.php
wordpress/wp-includes/rest-api/endpoints/class-wp-rest-comments-controller.php
wordpress/wp-includes/rest-api/endpoints/class-wp-rest-controller.php
wordpress/wp-includes/rest-api/endpoints/class-wp-rest-edit-site-export-controller.php
wordpress/wp-includes/rest-api/endpoints/class-wp-rest-font-collections-controller.php
wordpress/wp-includes/rest-api/endpoints/class-wp-rest-font-faces-controller.php
wordpress/wp-includes/rest-api/endpoints/class-wp-rest-font-families-controller.php
wordpress/wp-includes/rest-api/endpoints/class-wp-rest-global-styles-controller.php
wordpress/wp-includes/rest-api/endpoints/class-wp-rest-global-styles-revisions-controller.php
wordpress/wp-includes/rest-api/endpoints/class-wp-rest-menu-items-controller.php
wordpress/wp-includes/rest-api/endpoints/class-wp-rest-menu-locations-controller.php
wordpress/wp-includes/rest-api/endpoints/class-wp-rest-menus-controller.php
wordpress/wp-includes/rest-api/endpoints/class-wp-rest-navigation-fallback-controller.php
wordpress/wp-includes/rest-api/endpoints/class-wp-rest-pattern-directory-controller.php
wordpress/wp-includes/rest-api/endpoints/class-wp-rest-plugins-controller.php
wordpress/wp-includes/rest-api/endpoints/class-wp-rest-post-statuses-controller.php
wordpress/wp-includes/rest-api/endpoints/class-wp-rest-post-types-controller.php
wordpress/wp-includes/rest-api/endpoints/class-wp-rest-posts-controller.php
wordpress/wp-includes/rest-api/endpoints/class-wp-rest-revisions-controller.php
wordpress/wp-includes/rest-api/endpoints/class-wp-rest-search-controller.php
wordpress/wp-includes/rest-api/endpoints/class-wp-rest-settings-controller.php
wordpress/wp-includes/rest-api/endpoints/class-wp-rest-sidebars-controller.php
wordpress/wp-includes/rest-api/endpoints/class-wp-rest-site-health-controller.php
wordpress/wp-includes/rest-api/endpoints/class-wp-rest-taxonomies-controller.php
wordpress/wp-includes/rest-api/endpoints/class-wp-rest-template-autosaves-controller.php
wordpress/wp-includes/rest-api/endpoints/class-wp-rest-template-revisions-controller.php
wordpress/wp-includes/rest-api/endpoints/class-wp-rest-templates-controller.php
wordpress/wp-includes/rest-api/endpoints/class-wp-rest-terms-controller.php
wordpress/wp-includes/rest-api/endpoints/class-wp-rest-themes-controller.php
wordpress/wp-includes/rest-api/endpoints/class-wp-rest-url-details-controller.php
wordpress/wp-includes/rest-api/endpoints/class-wp-rest-users-controller.php
wordpress/wp-includes/rest-api/endpoints/class-wp-rest-widget-types-controller.php
wordpress/wp-includes/rest-api/endpoints/class-wp-rest-widgets-controller.php
wordpress/wp-includes/rest-api/fields/
wordpress/wp-includes/rest-api/fields/class-wp-rest-comment-meta-fields.php
wordpress/wp-includes/rest-api/fields/class-wp-rest-meta-fields.php
wordpress/wp-includes/rest-api/fields/class-wp-rest-post-meta-fields.php
wordpress/wp-includes/rest-api/fields/class-wp-rest-term-meta-fields.php
wordpress/wp-includes/rest-api/fields/class-wp-rest-user-meta-fields.php
wordpress/wp-includes/rest-api/search/
wordpress/wp-includes/rest-api/search/class-wp-rest-post-format-search-handler.php
wordpress/wp-includes/rest-api/search/class-wp-rest-post-search-handler.php
wordpress/wp-includes/rest-api/search/class-wp-rest-search-handler.php
wordpress/wp-includes/rest-api/search/class-wp-rest-term-search-handler.php
wordpress/wp-includes/rest-api.php
wordpress/wp-includes/revision.php
wordpress/wp-includes/rewrite.php
wordpress/wp-includes/robots-template.php
wordpress/wp-includes/rss-functions.php
wordpress/wp-includes/rss.php
wordpress/wp-includes/script-loader.php
wordpress/wp-includes/script-modules.php
wordpress/wp-includes/session.php
wordpress/wp-includes/shortcodes.php
wordpress/wp-includes/sitemaps/
wordpress/wp-includes/sitemaps/class-wp-sitemaps-index.php
wordpress/wp-includes/sitemaps/class-wp-sitemaps-provider.php
wordpress/wp-includes/sitemaps/class-wp-sitemaps-registry.php
wordpress/wp-includes/sitemaps/class-wp-sitemaps-renderer.php
wordpress/wp-includes/sitemaps/class-wp-sitemaps-stylesheet.php
wordpress/wp-includes/sitemaps/class-wp-sitemaps.php
wordpress/wp-includes/sitemaps/providers/
wordpress/wp-includes/sitemaps/providers/class-wp-sitemaps-posts.php
wordpress/wp-includes/sitemaps/providers/class-wp-sitemaps-taxonomies.php
wordpress/wp-includes/sitemaps/providers/class-wp-sitemaps-users.php
wordpress/wp-includes/sitemaps.php
wordpress/wp-includes/sodium_compat/
wordpress/wp-includes/sodium_compat/LICENSE
wordpress/wp-includes/sodium_compat/autoload-php7.php
wordpress/wp-includes/sodium_compat/autoload.php
wordpress/wp-includes/sodium_compat/composer.json
wordpress/wp-includes/sodium_compat/lib/
wordpress/wp-includes/sodium_compat/lib/constants.php
wordpress/wp-includes/sodium_compat/lib/namespaced.php
wordpress/wp-includes/sodium_compat/lib/php72compat.php
wordpress/wp-includes/sodium_compat/lib/php72compat_const.php
wordpress/wp-includes/sodium_compat/lib/php84compat.php
wordpress/wp-includes/sodium_compat/lib/php84compat_const.php
wordpress/wp-includes/sodium_compat/lib/ristretto255.php
wordpress/wp-includes/sodium_compat/lib/sodium_compat.php
wordpress/wp-includes/sodium_compat/lib/stream-xchacha20.php
wordpress/wp-includes/sodium_compat/namespaced/
wordpress/wp-includes/sodium_compat/namespaced/Compat.php
wordpress/wp-includes/sodium_compat/namespaced/Core/
wordpress/wp-includes/sodium_compat/namespaced/Core/BLAKE2b.php
wordpress/wp-includes/sodium_compat/namespaced/Core/ChaCha20/
wordpress/wp-includes/sodium_compat/namespaced/Core/ChaCha20/Ctx.php
wordpress/wp-includes/sodium_compat/namespaced/Core/ChaCha20/IetfCtx.php
wordpress/wp-includes/sodium_compat/namespaced/Core/ChaCha20.php
wordpress/wp-includes/sodium_compat/namespaced/Core/Curve25519/
wordpress/wp-includes/sodium_compat/namespaced/Core/Curve25519/Fe.php
wordpress/wp-includes/sodium_compat/namespaced/Core/Curve25519/Ge/
wordpress/wp-includes/sodium_compat/namespaced/Core/Curve25519/Ge/Cached.php
wordpress/wp-includes/sodium_compat/namespaced/Core/Curve25519/Ge/P1p1.php
wordpress/wp-includes/sodium_compat/namespaced/Core/Curve25519/Ge/P2.php
wordpress/wp-includes/sodium_compat/namespaced/Core/Curve25519/Ge/P3.php
wordpress/wp-includes/sodium_compat/namespaced/Core/Curve25519/Ge/Precomp.php
wordpress/wp-includes/sodium_compat/namespaced/Core/Curve25519/H.php
wordpress/wp-includes/sodium_compat/namespaced/Core/Curve25519.php
wordpress/wp-includes/sodium_compat/namespaced/Core/Ed25519.php
wordpress/wp-includes/sodium_compat/namespaced/Core/HChaCha20.php
wordpress/wp-includes/sodium_compat/namespaced/Core/HSalsa20.php
wordpress/wp-includes/sodium_compat/namespaced/Core/Poly1305/
wordpress/wp-includes/sodium_compat/namespaced/Core/Poly1305/State.php
wordpress/wp-includes/sodium_compat/namespaced/Core/Poly1305.php
wordpress/wp-includes/sodium_compat/namespaced/Core/Salsa20.php
wordpress/wp-includes/sodium_compat/namespaced/Core/SipHash.php
wordpress/wp-includes/sodium_compat/namespaced/Core/Util.php
wordpress/wp-includes/sodium_compat/namespaced/Core/X25519.php
wordpress/wp-includes/sodium_compat/namespaced/Core/XChaCha20.php
wordpress/wp-includes/sodium_compat/namespaced/Core/Xsalsa20.php
wordpress/wp-includes/sodium_compat/namespaced/Crypto.php
wordpress/wp-includes/sodium_compat/namespaced/File.php
wordpress/wp-includes/sodium_compat/src/
wordpress/wp-includes/sodium_compat/src/Compat.php
wordpress/wp-includes/sodium_compat/src/Core/
wordpress/wp-includes/sodium_compat/src/Core/AEGIS/
wordpress/wp-includes/sodium_compat/src/Core/AEGIS/State128L.php
wordpress/wp-includes/sodium_compat/src/Core/AEGIS/State256.php
wordpress/wp-includes/sodium_compat/src/Core/AEGIS128L.php
wordpress/wp-includes/sodium_compat/src/Core/AEGIS256.php
wordpress/wp-includes/sodium_compat/src/Core/AES/
wordpress/wp-includes/sodium_compat/src/Core/AES/Block.php
wordpress/wp-includes/sodium_compat/src/Core/AES/Expanded.php
wordpress/wp-includes/sodium_compat/src/Core/AES/KeySchedule.php
wordpress/wp-includes/sodium_compat/src/Core/AES.php
wordpress/wp-includes/sodium_compat/src/Core/BLAKE2b.php
wordpress/wp-includes/sodium_compat/src/Core/Base64/
wordpress/wp-includes/sodium_compat/src/Core/Base64/Original.php
wordpress/wp-includes/sodium_compat/src/Core/Base64/UrlSafe.php
wordpress/wp-includes/sodium_compat/src/Core/ChaCha20/
wordpress/wp-includes/sodium_compat/src/Core/ChaCha20/Ctx.php
wordpress/wp-includes/sodium_compat/src/Core/ChaCha20/IetfCtx.php
wordpress/wp-includes/sodium_compat/src/Core/ChaCha20.php
wordpress/wp-includes/sodium_compat/src/Core/Curve25519/
wordpress/wp-includes/sodium_compat/src/Core/Curve25519/Fe.php
wordpress/wp-includes/sodium_compat/src/Core/Curve25519/Ge/
wordpress/wp-includes/sodium_compat/src/Core/Curve25519/Ge/Cached.php
wordpress/wp-includes/sodium_compat/src/Core/Curve25519/Ge/P1p1.php
wordpress/wp-includes/sodium_compat/src/Core/Curve25519/Ge/P2.php
wordpress/wp-includes/sodium_compat/src/Core/Curve25519/Ge/P3.php
wordpress/wp-includes/sodium_compat/src/Core/Curve25519/Ge/Precomp.php
wordpress/wp-includes/sodium_compat/src/Core/Curve25519/H.php
wordpress/wp-includes/sodium_compat/src/Core/Curve25519/README.md
wordpress/wp-includes/sodium_compat/src/Core/Curve25519.php
wordpress/wp-includes/sodium_compat/src/Core/Ed25519.php
wordpress/wp-includes/sodium_compat/src/Core/HChaCha20.php
wordpress/wp-includes/sodium_compat/src/Core/HSalsa20.php
wordpress/wp-includes/sodium_compat/src/Core/Poly1305/
wordpress/wp-includes/sodium_compat/src/Core/Poly1305/State.php
wordpress/wp-includes/sodium_compat/src/Core/Poly1305.php
wordpress/wp-includes/sodium_compat/src/Core/Ristretto255.php
wordpress/wp-includes/sodium_compat/src/Core/Salsa20.php
wordpress/wp-includes/sodium_compat/src/Core/SecretStream/
wordpress/wp-includes/sodium_compat/src/Core/SecretStream/State.php
wordpress/wp-includes/sodium_compat/src/Core/SipHash.php
wordpress/wp-includes/sodium_compat/src/Core/Util.php
wordpress/wp-includes/sodium_compat/src/Core/X25519.php
wordpress/wp-includes/sodium_compat/src/Core/XChaCha20.php
wordpress/wp-includes/sodium_compat/src/Core/XSalsa20.php
wordpress/wp-includes/sodium_compat/src/Core32/
wordpress/wp-includes/sodium_compat/src/Core32/BLAKE2b.php
wordpress/wp-includes/sodium_compat/src/Core32/ChaCha20/
wordpress/wp-includes/sodium_compat/src/Core32/ChaCha20/Ctx.php
wordpress/wp-includes/sodium_compat/src/Core32/ChaCha20/IetfCtx.php
wordpress/wp-includes/sodium_compat/src/Core32/ChaCha20.php
wordpress/wp-includes/sodium_compat/src/Core32/Curve25519/
wordpress/wp-includes/sodium_compat/src/Core32/Curve25519/Fe.php
wordpress/wp-includes/sodium_compat/src/Core32/Curve25519/Ge/
wordpress/wp-includes/sodium_compat/src/Core32/Curve25519/Ge/Cached.php
wordpress/wp-includes/sodium_compat/src/Core32/Curve25519/Ge/P1p1.php
wordpress/wp-includes/sodium_compat/src/Core32/Curve25519/Ge/P2.php
wordpress/wp-includes/sodium_compat/src/Core32/Curve25519/Ge/P3.php
wordpress/wp-includes/sodium_compat/src/Core32/Curve25519/Ge/Precomp.php
wordpress/wp-includes/sodium_compat/src/Core32/Curve25519/H.php
wordpress/wp-includes/sodium_compat/src/Core32/Curve25519/README.md
wordpress/wp-includes/sodium_compat/src/Core32/Curve25519.php
wordpress/wp-includes/sodium_compat/src/Core32/Ed25519.php
wordpress/wp-includes/sodium_compat/src/Core32/HChaCha20.php
wordpress/wp-includes/sodium_compat/src/Core32/HSalsa20.php
wordpress/wp-includes/sodium_compat/src/Core32/Int32.php
wordpress/wp-includes/sodium_compat/src/Core32/Int64.php
wordpress/wp-includes/sodium_compat/src/Core32/Poly1305/
wordpress/wp-includes/sodium_compat/src/Core32/Poly1305/State.php
wordpress/wp-includes/sodium_compat/src/Core32/Poly1305.php
wordpress/wp-includes/sodium_compat/src/Core32/Salsa20.php
wordpress/wp-includes/sodium_compat/src/Core32/SecretStream/
wordpress/wp-includes/sodium_compat/src/Core32/SecretStream/State.php
wordpress/wp-includes/sodium_compat/src/Core32/SipHash.php
wordpress/wp-includes/sodium_compat/src/Core32/Util.php
wordpress/wp-includes/sodium_compat/src/Core32/X25519.php
wordpress/wp-includes/sodium_compat/src/Core32/XChaCha20.php
wordpress/wp-includes/sodium_compat/src/Core32/XSalsa20.php
wordpress/wp-includes/sodium_compat/src/Crypto.php
wordpress/wp-includes/sodium_compat/src/Crypto32.php
wordpress/wp-includes/sodium_compat/src/File.php
wordpress/wp-includes/sodium_compat/src/PHP52/
wordpress/wp-includes/sodium_compat/src/PHP52/SplFixedArray.php
wordpress/wp-includes/sodium_compat/src/SodiumException.php
wordpress/wp-includes/spl-autoload-compat.php
wordpress/wp-includes/style-engine/
wordpress/wp-includes/style-engine/class-wp-style-engine-css-declarations.php
wordpress/wp-includes/style-engine/class-wp-style-engine-css-rule.php
wordpress/wp-includes/style-engine/class-wp-style-engine-css-rules-store.php
wordpress/wp-includes/style-engine/class-wp-style-engine-processor.php
wordpress/wp-includes/style-engine/class-wp-style-engine.php
wordpress/wp-includes/style-engine.php
wordpress/wp-includes/taxonomy.php
wordpress/wp-includes/template-canvas.php
wordpress/wp-includes/template-loader.php
wordpress/wp-includes/template.php
wordpress/wp-includes/theme-compat/
wordpress/wp-includes/theme-compat/comments.php
wordpress/wp-includes/theme-compat/embed-404.php
wordpress/wp-includes/theme-compat/embed-content.php
wordpress/wp-includes/theme-compat/embed.php
wordpress/wp-includes/theme-compat/footer-embed.php
wordpress/wp-includes/theme-compat/footer.php
wordpress/wp-includes/theme-compat/header-embed.php
wordpress/wp-includes/theme-compat/header.php
wordpress/wp-includes/theme-compat/sidebar.php
wordpress/wp-includes/theme-i18n.json
wordpress/wp-includes/theme-previews.php
wordpress/wp-includes/theme-templates.php
wordpress/wp-includes/theme.json
wordpress/wp-includes/theme.php
wordpress/wp-includes/update.php
wordpress/wp-includes/user.php
wordpress/wp-includes/vars.php
wordpress/wp-includes/version.php
wordpress/wp-includes/widgets/
wordpress/wp-includes/widgets/class-wp-nav-menu-widget.php
wordpress/wp-includes/widgets/class-wp-widget-archives.php
wordpress/wp-includes/widgets/class-wp-widget-block.php
wordpress/wp-includes/widgets/class-wp-widget-calendar.php
wordpress/wp-includes/widgets/class-wp-widget-categories.php
wordpress/wp-includes/widgets/class-wp-widget-custom-html.php
wordpress/wp-includes/widgets/class-wp-widget-links.php
wordpress/wp-includes/widgets/class-wp-widget-media-audio.php
wordpress/wp-includes/widgets/class-wp-widget-media-gallery.php
wordpress/wp-includes/widgets/class-wp-widget-media-image.php
wordpress/wp-includes/widgets/class-wp-widget-media-video.php
wordpress/wp-includes/widgets/class-wp-widget-media.php
wordpress/wp-includes/widgets/class-wp-widget-meta.php
wordpress/wp-includes/widgets/class-wp-widget-pages.php
wordpress/wp-includes/widgets/class-wp-widget-recent-comments.php
wordpress/wp-includes/widgets/class-wp-widget-recent-posts.php
wordpress/wp-includes/widgets/class-wp-widget-rss.php
wordpress/wp-includes/widgets/class-wp-widget-search.php
wordpress/wp-includes/widgets/class-wp-widget-tag-cloud.php
wordpress/wp-includes/widgets/class-wp-widget-text.php
wordpress/wp-includes/widgets.php
wordpress/wp-includes/wp-db.php
wordpress/wp-includes/wp-diff.php
wordpress/wp-links-opml.php
wordpress/wp-load.php
wordpress/wp-login.php
wordpress/wp-mail.php
wordpress/wp-settings.php
wordpress/wp-signup.php
wordpress/wp-trackback.php
wordpress/xmlrpc.php
[zincheis@localhost html]$ sudo chown -R apache:apache /var/www/html/wordpress
[zincheis@localhost html]$


[zincheis@localhost html]$ sudo cp /var/www/html/wordpress/wp-config-sample.php /var/www/html/wordpress/wp-config.php
[zincheis@localhost html]$ sudo nano /var/www/html/wordpress/wp-config.php
[zincheis@localhost html]$ sudo cat /var/www/html/wordpress/wp-config.php
<?php
/**
 * The base configuration for WordPress
 *
 * The wp-config.php creation script uses this file during the installation.
 * You don't have to use the website, you can copy this file to "wp-config.php"
 * and fill in the values.
 *
 * This file contains the following configurations:
 *
 * * Database settings
 * * Secret keys
 * * Database table prefix
 * * ABSPATH
 *
 * @link https://developer.wordpress.org/advanced-administration/wordpress/wp-config/
 *
 * @package WordPress
 */

// ** Database settings - You can get this info from your web host ** //
/** The name of the database for WordPress */
define( 'DB_NAME', 'wordpress' );

/** Database username */
define( 'DB_USER', 'wp_user' );

/** Database password */
define( 'DB_PASSWORD', 'password' );

/** Database hostname */
define( 'DB_HOST', 'localhost' );

/** Database charset to use in creating database tables. */
define( 'DB_CHARSET', 'utf8' );

/** The database collate type. Don't change this if in doubt. */
define( 'DB_COLLATE', '' );

/**#@+
 * Authentication unique keys and salts.
 *
 * Change these to different unique phrases! You can generate these using
 * the {@link https://api.wordpress.org/secret-key/1.1/salt/ WordPress.org secret-key service}.
 *
 * You can change these at any point in time to invalidate all existing cookies.
 * This will force all users to have to log in again.
 *
 * @since 2.6.0
 */
define( 'AUTH_KEY',         'put your unique phrase here' );
define( 'SECURE_AUTH_KEY',  'put your unique phrase here' );
define( 'LOGGED_IN_KEY',    'put your unique phrase here' );
define( 'NONCE_KEY',        'put your unique phrase here' );
define( 'AUTH_SALT',        'put your unique phrase here' );
define( 'SECURE_AUTH_SALT', 'put your unique phrase here' );
define( 'LOGGED_IN_SALT',   'put your unique phrase here' );
define( 'NONCE_SALT',       'put your unique phrase here' );

/**#@-*/

/**
 * WordPress database table prefix.
 *
 * You can have multiple installations in one database if you give each
 * a unique prefix. Only numbers, letters, and underscores please!
 *
 * At the installation time, database tables are created with the specified prefix.
 * Changing this value after WordPress is installed will make your site think
 * it has not been installed.
 *
 * @link https://developer.wordpress.org/advanced-administration/wordpress/wp-config/#table-prefix
 */
$table_prefix = 'wp_';

/**
 * For developers: WordPress debugging mode.
 *
 * Change this to true to enable the display of notices during development.
 * It is strongly recommended that plugin and theme developers use WP_DEBUG
 * in their development environments.
 *
 * For information on other constants that can be used for debugging,
 * visit the documentation.
 *
 * @link https://developer.wordpress.org/advanced-administration/debug/debug-wordpress/
 */
define( 'WP_DEBUG', false );

/* Add any custom values between this line and the "stop editing" line. */



/* That's all, stop editing! Happy publishing. */

/** Absolute path to the WordPress directory. */
if ( ! defined( 'ABSPATH' ) ) {
        define( 'ABSPATH', __DIR__ . '/' );
}

/** Sets up WordPress vars and included files. */
require_once ABSPATH . 'wp-settings.php';
[zincheis@localhost html]$




[zincheis@localhost html]$ sudo nano /etc/httpd/conf.d/wordpress.conf
[zincheis@localhost html]$ sudo cat  /etc/httpd/conf.d/wordpress.conf
<VirtualHost *:80>
    ServerAdmin webmaster@localhost
    DocumentRoot /var/www/html/wordpress
    ServerName 192.168.0.9

    <Directory /var/www/html/wordpress>
        AllowOverride All
        Require all granted
        Options FollowSymLinks
    </Directory>

    ErrorLog /var/log/httpd/error_log
    CustomLog /var/log/httpd/access_log combined
</VirtualHost>
[zincheis@localhost html]$ sudo systemctl restart httpd
[zincheis@localhost html]$ sudo apachectl configtest
AH00558: httpd: Could not reliably determine the server's fully qualified domain name, using localhost.localdomain. Set the 'ServerName' directive globally to suppress this message
Syntax OK
[zincheis@localhost html]$ sudo nano /etc/httpd/conf/httpd.conf
[zincheis@localhost html]$ sudo systemctl restart httpd
[zincheis@localhost html]$ sudo apachectl configtest
Syntax OK
[zincheis@localhost html]$

[zincheis@localhost html]$ sudo firewall-cmd --list-all
public (active)
  target: default
  icmp-block-inversion: no
  interfaces: enp0s3
  sources:
  services: cockpit dhcpv6-client ssh
  ports:
  protocols:
  forward: yes
  masquerade: no
  forward-ports:
  source-ports:
  icmp-blocks:
  rich rules:
[zincheis@localhost html]$ sudo firewall-cmd --add-service=http --permanent
success
[zincheis@localhost html]$ sudo firewall-cmd --reload
success
[zincheis@localhost html]$
