#Check the status of the network interface. Use atop, htop, and btop utilities to display running processes on your OS

bison@Ubuntu24:~$ atop -u


#Ping the localhost with a set of 10 packets, each with a size of 1500 bytes.

bison@Ubuntu24:~$ ping -c 10 -s 1500 127.0.0.1
PING 127.0.0.1 (127.0.0.1) 1500(1528) bytes of data.
1508 bytes from 127.0.0.1: icmp_seq=1 ttl=64 time=0.086 ms
1508 bytes from 127.0.0.1: icmp_seq=2 ttl=64 time=0.232 ms
1508 bytes from 127.0.0.1: icmp_seq=3 ttl=64 time=0.039 ms
1508 bytes from 127.0.0.1: icmp_seq=4 ttl=64 time=0.049 ms
1508 bytes from 127.0.0.1: icmp_seq=5 ttl=64 time=0.037 ms
1508 bytes from 127.0.0.1: icmp_seq=6 ttl=64 time=0.036 ms
1508 bytes from 127.0.0.1: icmp_seq=7 ttl=64 time=0.038 ms
1508 bytes from 127.0.0.1: icmp_seq=8 ttl=64 time=0.044 ms
1508 bytes from 127.0.0.1: icmp_seq=9 ttl=64 time=0.036 ms
1508 bytes from 127.0.0.1: icmp_seq=10 ttl=64 time=0.037 ms

--- 127.0.0.1 ping statistics ---
10 packets transmitted, 10 received, 0% packet loss, time 9196ms
rtt min/avg/max/mdev = 0.036/0.063/0.232/0.058 ms



#Ping an external host by its name and obtain its IP address. Trace the route to the external host (e.g., softerveinc.com).

bison@Ubuntu24:~$ nslookup softserve.com
Server:         127.0.0.53
Address:        127.0.0.53#53

Non-authoritative answer:
Name:   softserve.com
Address: 15.197.225.128
Name:   softserve.com
Address: 3.33.251.168

bison@Ubuntu24:~$ traceroute softserveinc.com
traceroute to softserveinc.com (45.60.69.61), 30 hops max, 60 byte packets
 1  _gateway (10.0.2.2)  0.744 ms  0.577 ms  0.742 ms
 2  _gateway (10.0.2.2)  2.740 ms  2.550 ms  2.430 ms

 #chenged type connection bridge mode
 
bison@Ubuntu24:~$ ip a
1: lo: <LOOPBACK,UP,LOWER_UP> mtu 65536 qdisc noqueue state UNKNOWN group default qlen 1000
    link/loopback 00:00:00:00:00:00 brd 00:00:00:00:00:00
    inet 127.0.0.1/8 scope host lo
       valid_lft forever preferred_lft forever
    inet6 ::1/128 scope host noprefixroute
       valid_lft forever preferred_lft forever
2: enp0s3: <BROADCAST,MULTICAST,UP,LOWER_UP> mtu 1500 qdisc fq_codel state UP group default qlen 1000
    link/ether 08:00:27:b2:fd:2e brd ff:ff:ff:ff:ff:ff
    inet 192.168.0.142/24 brd 192.168.0.255 scope global dynamic noprefixroute enp0s3
       valid_lft 7019sec preferred_lft 7019sec
    inet6 fe80::a00:27ff:feb2:fd2e/64 scope link
       valid_lft forever preferred_lft forever
3: docker0: <NO-CARRIER,BROADCAST,MULTICAST,UP> mtu 1500 qdisc noqueue state DOWN group default
    link/ether 52:d5:f1:9c:ce:b8 brd ff:ff:ff:ff:ff:ff
    inet 172.17.0.1/16 brd 172.17.255.255 scope global docker0
       valid_lft forever preferred_lft forever
4: br-7272866133a9: <NO-CARRIER,BROADCAST,MULTICAST,UP> mtu 1500 qdisc noqueue state DOWN group default
    link/ether 02:42:42:34:b8:6a brd ff:ff:ff:ff:ff:ff
    inet 172.18.0.1/16 brd 172.18.255.255 scope global br-7272866133a9
       valid_lft forever preferred_lft forever

bison@Ubuntu24:~$ sudo traceroute -I softserveinc.com
[sudo] password for bison:
traceroute to softserveinc.com (45.60.63.61), 30 hops max, 60 byte packets
 1  _gateway (192.168.0.1)  1.718 ms  2.630 ms  5.305 ms
 2  10.1.64.254 (10.1.64.254)  5.225 ms  5.146 ms  5.066 ms
 3  172.30.98.11 (172.30.98.11)  4.985 ms  5.749 ms *
 4  172.30.101.1 (172.30.101.1)  5.424 ms * *
 5  * * *
 6  * * *
 7  port-channel22.core3.nyc4.he.net (184.104.188.100)  106.234 ms  108.058 ms *
 8  * * *
 9  131.125.129.79 (131.125.129.79)  101.219 ms  101.874 ms  101.739 ms
10  45.60.63.61 (45.60.63.61)  101.246 ms  101.764 ms  102.194 ms

bison@Ubuntu24:~$ cat /etc/resolv.conf

nameserver 127.0.0.53
options edns0 trust-ad
search .

bison@Ubuntu24:~$ dig softserveinc.com

; <<>> DiG 9.18.30-0ubuntu0.24.04.2-Ubuntu <<>> softserveinc.com
;; global options: +cmd
;; Got answer:
;; ->>HEADER<<- opcode: QUERY, status: NOERROR, id: 28684
;; flags: qr rd ra; QUERY: 1, ANSWER: 2, AUTHORITY: 0, ADDITIONAL: 1

;; OPT PSEUDOSECTION:
; EDNS: version: 0, flags:; udp: 65494
;; QUESTION SECTION:
;softserveinc.com.              IN      A

;; ANSWER SECTION:
softserveinc.com.       3158    IN      A       45.60.63.61
softserveinc.com.       3158    IN      A       45.60.69.61

;; Query time: 1 msec
;; SERVER: 127.0.0.53#53(127.0.0.53) (UDP)
;; WHEN: Sun Mar 09 14:31:52 UTC 2025
;; MSG SIZE  rcvd: 77




#Check your DNS configuration.

bison@Ubuntu24:~$ sudo ufw status
Status: active

To                         Action      From
--                         ------      ----
3306/tcp                   ALLOW       Anywhere
22/tcp                     ALLOW       Anywhere
3306/tcp (v6)              ALLOW       Anywhere (v6)
22/tcp (v6)                ALLOW       Anywhere (v6)




#Review the firewall rules (iptables or ufw). List the open ports on your system using netstat and ss.

bison@Ubuntu24:~$
bison@Ubuntu24:~$ ss -tuln
Netid      State       Recv-Q      Send-Q           Local Address:Port            Peer Address:Port     Process
udp        UNCONN      0           0                   127.0.0.54:53                   0.0.0.0:*
udp        UNCONN      0           0                127.0.0.53%lo:53                   0.0.0.0:*
udp        UNCONN      0           0                      0.0.0.0:37082                0.0.0.0:*
udp        UNCONN      0           0                      0.0.0.0:5353                 0.0.0.0:*
udp        UNCONN      0           0                         [::]:5353                    [::]:*
udp        UNCONN      0           0                         [::]:46678                   [::]:*
tcp        LISTEN      0           4096                 127.0.0.1:631                  0.0.0.0:*
tcp        LISTEN      0           511                    0.0.0.0:80                   0.0.0.0:*
tcp        LISTEN      0           4096                127.0.0.54:53                   0.0.0.0:*
tcp        LISTEN      0           4096             127.0.0.53%lo:53                   0.0.0.0:*
tcp        LISTEN      0           511                       [::]:80                      [::]:*
tcp        LISTEN      0           4096                         *:22                         *:*
tcp        LISTEN      0           4096                     [::1]:631                     [::]:*
bison@Ubuntu24:~$





# If you are using DHCP, verify that your system is obtaining an IP address correctly. 

#Change the IP address using the dhclient command. Show the results.
#Unfortunately, I never managed to change the IP address via dhclient. 
#The address can only be changed by changing the MAC. I tried changing the MAC by writing the configuration via netplan.




#Check the network configuration files. Add a static IP address to an existing interface. Apply the changes and verify correct operation.

bison@Ubuntu24:/etc/netplan$ ls -l
total 4
-rw------- 1 root root 438 Mar  9 16:54 50-cloud-init.yaml
bison@Ubuntu24:/etc/netplan$ ls -a
.  ..  50-cloud-init.yaml
bison@Ubuntu24:/etc/netplan$ cat 50-cloud-init.yaml
cat: 50-cloud-init.yaml: Permission denied
bison@Ubuntu24:/etc/netplan$ sudo cat 50-cloud-init.yaml
[sudo] password for bison:

network:
    ethernets:
        enp0s3:
            dhcp4: true
            macaddress: 08:00:27:6B:9E:80
    version: 2

bison@Ubuntu24:/etc/netplan$ sudo nano 50-cloud-init.yaml
bison@Ubuntu24:/etc/netplan$ sudo cat 50-cloud-init.yaml
[sudo] password for bison:

network:
    ethernets:
        enp0s3:
            dhcp4: no
            macaddress: 08:00:27:6B:9E:80
            addresses:
              - 192.168.0.220/24
            routes:
              - to: 0.0.0.0/0
                via: 192.168.0.1
            nameservers:
              addresses:
                - 8.8.8.8
                - 8.8.4.4

    version: 2



#Restart network services to apply any changes made during troubleshooting. Check the firewall status on your system.

bison@Ubuntu24:/etc/netplan$ sudo systemctl restart systemd-networkd
bison@Ubuntu24:/etc/netplan$ ip a
1: lo: <LOOPBACK,UP,LOWER_UP> mtu 65536 qdisc noqueue state UNKNOWN group default qlen 1000
    link/loopback 00:00:00:00:00:00 brd 00:00:00:00:00:00
    inet 127.0.0.1/8 scope host lo
       valid_lft forever preferred_lft forever
    inet6 ::1/128 scope host noprefixroute
       valid_lft forever preferred_lft forever
2: enp0s3: <BROADCAST,MULTICAST,UP,LOWER_UP> mtu 1500 qdisc fq_codel state UP group default qlen 1000
    link/ether 08:00:27:6b:9e:80 brd ff:ff:ff:ff:ff:ff
    inet 192.168.0.220/24 brd 192.168.0.255 scope global noprefixroute enp0s3
       valid_lft forever preferred_lft forever
    inet6 fe80::a00:27ff:fe6b:9e80/64 scope link
       valid_lft forever preferred_lft forever
3: docker0: <NO-CARRIER,BROADCAST,MULTICAST,UP> mtu 1500 qdisc noqueue state DOWN group default
    link/ether b2:ef:bc:a8:58:51 brd ff:ff:ff:ff:ff:ff
    inet 172.17.0.1/16 brd 172.17.255.255 scope global docker0
       valid_lft forever preferred_lft forever
4: br-7272866133a9: <NO-CARRIER,BROADCAST,MULTICAST,UP> mtu 1500 qdisc noqueue state DOWN group default
    link/ether 02:42:ac:43:02:ec brd ff:ff:ff:ff:ff:ff
    inet 172.18.0.1/16 brd 172.18.255.255 scope global br-7272866133a9
       valid_lft forever preferred_lft forever


bison@Ubuntu24:/etc/netplan$ sudo ufw status
Status: inactive
bison@Ubuntu24:/etc/netplan$ sudo ufw enable
Command may disrupt existing ssh connections. Proceed with operation (y|n)? y
Firewall is active and enabled on system startup
bison@Ubuntu24:/etc/netplan$ sudo ufw status
Status: active

To                         Action      From
--                         ------      ----
3306/tcp                   ALLOW       Anywhere
22/tcp                     ALLOW       Anywhere
3306/tcp (v6)              ALLOW       Anywhere (v6)
22/tcp (v6)                ALLOW       Anywhere (v6)



#Use the tcpdump utility to display traffic through the Ethernet port, including IP addresses and port numbers.

bison@Ubuntu24:/etc/netplan$ sudo tcpdump -D
1.enp0s3 [Up, Running, Connected]
2.any (Pseudo-device that captures on all interfaces) [Up, Running]
3.lo [Up, Running, Loopback]
4.docker0 [Up, Disconnected]
5.br-7272866133a9 [Up, Disconnected]
6.bluetooth-monitor (Bluetooth Linux Monitor) [Wireless]
7.nflog (Linux netfilter log (NFLOG) interface) [none]
8.nfqueue (Linux netfilter queue (NFQUEUE) interface) [none]
9.dbus-system (D-Bus system bus) [none]
10.dbus-session (D-Bus session bus) [none]
bison@Ubuntu24:/etc/netplan$ sudo tcpdump -i enp0s3 -n
tcpdump: verbose output suppressed, use -v[v]... for full protocol decode
listening on enp0s3, link-type EN10MB (Ethernet), snapshot length 262144 bytes
17:48:03.823204 IP 192.168.0.21.61671 > 192.168.0.220.22: Flags [.], ack 3385628348, win 512, length 0
17:48:03.826373 IP 192.168.0.220.22 > 192.168.0.21.61671: Flags [P.], seq 1:209, ack 0, win 519, length 208
17:48:03.827072 IP 185.192.251.207.443 > 192.168.0.21.62086: UDP, length 1246
17:48:03.827073 IP 185.192.251.207.443 > 192.168.0.21.62086: UDP, length 1246
17:48:03.827073 IP 185.192.251.207.443 > 192.168.0.21.62086: UDP, length 1250
17:48:03.827073 IP 185.192.251.207.443 > 192.168.0.21.62086: UDP, length 1250
17:48:03.827560 IP 192.168.0.21.62086 > 185.192.251.207.443: UDP, length 34
17:48:03.827561 IP 192.168.0.21.62086 > 185.192.251.207.443: UDP, length 34
17:48:03.827561 IP 192.168.0.21.62086 > 185.192.251.207.443: UDP, length 34
17:48:03.827561 IP 185.192.251.207.443 > 192.168.0.21.62086: UDP, length 1250
17:48:03.827562 IP 185.192.251.207.443 > 192.168.0.21.62086: UDP, length 1250
17:48:03.827562 IP 185.192.251.207.443 > 192.168.0.21.62086: UDP, length 1250
17:48:03.827562 IP 185.192.251.207.443 > 192.168.0.21.62086: UDP, length 1250
17:48:03.827562 IP 185.192.251.207.443 > 192.168.0.21.62086: UDP, length 1250
17:48:03.828210 IP 185.192.251.207.443 > 192.168.0.21.62086: UDP, length 1250
17:48:03.828956 IP 185.192.251.207.443 > 192.168.0.21.62086: UDP, length 1250
17:48:03.828956 IP 185.192.251.207.443 > 192.168.0.21.62086: UDP, length 1250
17:48:03.828956 IP 192.168.0.21.62086 > 185.192.251.207.443: UDP, length 34
17:48:03.828957 IP 185.192.251.207.443 > 192.168.0.21.62086: UDP, length 1250
17:48:03.828957 IP 185.192.251.207.443 > 192.168.0.21.62086: UDP, length 1250
17:48:03.829641 IP 185.192.251.207.443 > 192.168.0.21.62086: UDP, length 1250
17:48:03.829642 IP 185.192.251.207.443 > 192.168.0.21.62086: UDP, length 1250
17:48:03.829642 IP 192.168.0.21.62086 > 185.192.251.207.443: UDP, length 34
17:48:03.829642 IP 185.192.251.207.443 > 192.168.0.21.62086: UDP, length 1250
17:48:03.829643 IP 185.192.251.207.443 > 192.168.0.21.62086: UDP, length 1250
17:48:03.829643 IP 185.192.251.207.443 > 192.168.0.21.62086: UDP, length 1250
17:48:03.829644 IP 185.192.251.207.443 > 192.168.0.21.62086: UDP, length 1250
17:48:03.831016 IP 185.192.251.207.443 > 192.168.0.21.62086: UDP, length 1250
17:48:03.831017 IP 185.192.251.207.443 > 192.168.0.21.62086: UDP, length 1250
17:48:03.831017 IP 185.192.251.207.443 > 192.168.0.21.62086: UDP, length 1250
...




#Check system logs for network-related errors. Common logs include syslog, messages, access, and network.log.

 sudo cat /var/log/syslog | grep -i "network"
2025-03-09T16:16:08.954957+00:00 Ubuntu24 systemd[1245]: Closed dirmngr.socket - GnuPG network certificate management daemon.
2025-03-09T16:33:04.593716+00:00 Ubuntu24 systemd[1]: Reached target network-pre.target - Preparation for Network.
2025-03-09T16:33:04.596639+00:00 Ubuntu24 kernel: drop_monitor: Initializing network drop monitor service
2025-03-09T16:33:04.596852+00:00 Ubuntu24 kernel: e1000: Intel(R) PRO/1000 Network Driver
2025-03-09T16:33:04.596862+00:00 Ubuntu24 kernel: e1000 0000:00:03.0 eth0: Intel(R) PRO/1000 Network Connection
2025-03-09T16:33:04.605232+00:00 Ubuntu24 systemd[1]: Starting systemd-resolved.service - Network Name Resolution...
2025-03-09T16:33:04.605837+00:00 Ubuntu24 systemd[1]: Started systemd-resolved.service - Network Name Resolution.
2025-03-09T16:33:04.605844+00:00 Ubuntu24 systemd[1]: Reached target nss-lookup.target - Host and Network Name Lookups.
2025-03-09T16:33:04.621804+00:00 Ubuntu24 systemd[1]: networkd-dispatcher.service - Dispatcher daemon for systemd-networkd was skipped because no trigger condition checks were met.
2025-03-09T16:33:04.622275+00:00 Ubuntu24 systemd[1]: Starting NetworkManager.service - Network Manager...
2025-03-09T16:33:04.622466+00:00 Ubuntu24 avahi-daemon[702]: Network interface enumeration completed.
...

bison@Ubuntu24:/var/log$ sudo cat /var/log/dmesg | grep -i "network"
[    1.679577] kernel: drop_monitor: Initializing network drop monitor service
[    2.607797] kernel: e1000: Intel(R) PRO/1000 Network Driver
[    3.904894] kernel: e1000 0000:00:03.0 eth0: Intel(R) PRO/1000 Network Connection

bison@Ubuntu24:/var/log$ sudo cat /var/log/nginx/access.log
#empty
bison@Ubuntu24:/var/log$
