zincheis@server:~$ sudo apt update
[sudo] password for zincheis:
Hit:1 http://ua.archive.ubuntu.com/ubuntu jammy InRelease
Hit:2 http://ua.archive.ubuntu.com/ubuntu jammy-updates InRelease
Hit:3 http://ua.archive.ubuntu.com/ubuntu jammy-backports InRelease
Hit:4 http://ua.archive.ubuntu.com/ubuntu jammy-security InRelease
Reading package lists... Done
Building dependency tree... Done
Reading state information... Done
118 packages can be upgraded. Run 'apt list --upgradable' to see them.

zincheis@server:~$ sudo mkdir -p /etc/apt/keyrings
curl -fsSL https://pgp.mongodb.com/server-6.0.asc | sudo tee /etc/apt/keyrings/mongodb.asc
-----BEGIN PGP PUBLIC KEY BLOCK-----
Version: GnuPG v1.4.11 (GNU/Linux)

mQINBGIWTroBEADgSBs1z1MC5Hog5yd2wYHskzPE0SOl9LGB35Xhw1894hrKsswp
AS7JnViltXE71iJMoAqepJBvfmZLOyQO0rXcLlHXExK/IctnosRqGQeyLxNZKS0h
*********
*********
*********
********
v5pHEXxXiARNe44GsS8r+1DYQypDUAh5Tw9mQRagWuC5Dsaaqob5vCdcFEAgiK5W
a/coP3B6WzUoQE8NKa8qnKDvX5RU0dxG5oUre+PuOwiHpom9G+375YYkwIL9a6pE
RRM5efxf1F532A==
=Cc71
-----END PGP PUBLIC KEY BLOCK-----


zincheis@server:~$ echo "deb [signed-by=/etc/apt/keyrings/mongodb.asc] https://repo.mongodb.org/apt/ubuntu jammy/mongodb-org/6.0 multiverse" | sudo tee /etc/apt/sources.list.d/mongodb-org-6.0.list
deb [signed-by=/etc/apt/keyrings/mongodb.asc] https://repo.mongodb.org/apt/ubuntu jammy/mongodb-org/6.0 multiverse


zincheis@server:~$ sudo apt update
Hit:1 http://ua.archive.ubuntu.com/ubuntu jammy InRelease
Hit:2 http://ua.archive.ubuntu.com/ubuntu jammy-updates InRelease
Hit:3 http://ua.archive.ubuntu.com/ubuntu jammy-backports InRelease
Hit:4 http://ua.archive.ubuntu.com/ubuntu jammy-security InRelease
Get:5 https://repo.mongodb.org/apt/ubuntu jammy/mongodb-org/6.0 InRelease [4,009 B]
Get:6 https://repo.mongodb.org/apt/ubuntu jammy/mongodb-org/6.0/multiverse amd64 Packages [86.5 kB]
Fetched 90.5 kB in 1s (110 kB/s)
Reading package lists... Done
Building dependency tree... Done
Reading state information... Done
All packages are up to date.
zincheis@server:~$

zincheis@server:~$ sudo apt install -y mongodb-org
Reading package lists... Done
Building dependency tree... Done
Reading state information... Done
The following packages were automatically installed and are no longer required:
  libflashrom1 libftdi1-2
Use 'sudo apt autoremove' to remove them.
The following additional packages will be installed:
  mongodb-database-tools mongodb-mongosh mongodb-org-database mongodb-org-database-tools-extra mongodb-org-mongos mongodb-org-server mongodb-org-shell mongodb-org-tools
The following NEW packages will be installed:
  mongodb-database-tools mongodb-mongosh mongodb-org mongodb-org-database mongodb-org-database-tools-extra mongodb-org-mongos mongodb-org-server mongodb-org-shell mongodb-org-tools
0 upgraded, 9 newly installed, 0 to remove and 0 not upgraded.
Need to get 165 MB of archives.
After this operation, 513 MB of additional disk space will be used.
Get:1 https://repo.mongodb.org/apt/ubuntu jammy/mongodb-org/6.0/multiverse amd64 mongodb-database-tools amd64 100.11.0 [55.7 MB]
Get:2 https://repo.mongodb.org/apt/ubuntu jammy/mongodb-org/6.0/multiverse amd64 mongodb-mongosh amd64 2.4.2 [54.5 MB]
Get:3 https://repo.mongodb.org/apt/ubuntu jammy/mongodb-org/6.0/multiverse amd64 mongodb-org-shell amd64 6.0.20 [2,984 B]
Get:4 https://repo.mongodb.org/apt/ubuntu jammy/mongodb-org/6.0/multiverse amd64 mongodb-org-server amd64 6.0.20 [31.7 MB]
Get:5 https://repo.mongodb.org/apt/ubuntu jammy/mongodb-org/6.0/multiverse amd64 mongodb-org-mongos amd64 6.0.20 [22.6 MB]
Get:6 https://repo.mongodb.org/apt/ubuntu jammy/mongodb-org/6.0/multiverse amd64 mongodb-org-database-tools-extra amd64 6.0.20 [7,782 B]
Get:7 https://repo.mongodb.org/apt/ubuntu jammy/mongodb-org/6.0/multiverse amd64 mongodb-org-database amd64 6.0.20 [3,422 B]
Get:8 https://repo.mongodb.org/apt/ubuntu jammy/mongodb-org/6.0/multiverse amd64 mongodb-org-tools amd64 6.0.20 [2,772 B]
Get:9 https://repo.mongodb.org/apt/ubuntu jammy/mongodb-org/6.0/multiverse amd64 mongodb-org amd64 6.0.20 [2,806 B]
Fetched 165 MB in 4s (38.9 MB/s)
Selecting previously unselected package mongodb-database-tools.
(Reading database ... 111398 files and directories currently installed.)
Preparing to unpack .../0-mongodb-database-tools_100.11.0_amd64.deb ...
Unpacking mongodb-database-tools (100.11.0) ...
Selecting previously unselected package mongodb-mongosh.
Preparing to unpack .../1-mongodb-mongosh_2.4.2_amd64.deb ...
Unpacking mongodb-mongosh (2.4.2) ...
Selecting previously unselected package mongodb-org-shell.
Preparing to unpack .../2-mongodb-org-shell_6.0.20_amd64.deb ...
Unpacking mongodb-org-shell (6.0.20) ...
Selecting previously unselected package mongodb-org-server.
Preparing to unpack .../3-mongodb-org-server_6.0.20_amd64.deb ...
Unpacking mongodb-org-server (6.0.20) ...
Selecting previously unselected package mongodb-org-mongos.
Preparing to unpack .../4-mongodb-org-mongos_6.0.20_amd64.deb ...
Unpacking mongodb-org-mongos (6.0.20) ...
Selecting previously unselected package mongodb-org-database-tools-extra.
Preparing to unpack .../5-mongodb-org-database-tools-extra_6.0.20_amd64.deb ...
Unpacking mongodb-org-database-tools-extra (6.0.20) ...
Selecting previously unselected package mongodb-org-database.
Preparing to unpack .../6-mongodb-org-database_6.0.20_amd64.deb ...
Unpacking mongodb-org-database (6.0.20) ...
Selecting previously unselected package mongodb-org-tools.
Preparing to unpack .../7-mongodb-org-tools_6.0.20_amd64.deb ...
Unpacking mongodb-org-tools (6.0.20) ...
Selecting previously unselected package mongodb-org.
Preparing to unpack .../8-mongodb-org_6.0.20_amd64.deb ...
Unpacking mongodb-org (6.0.20) ...
Setting up mongodb-mongosh (2.4.2) ...
Setting up mongodb-org-server (6.0.20) ...
Adding system user `mongodb' (UID 115) ...
Adding new user `mongodb' (UID 115) with group `nogroup' ...
Not creating home directory `/home/mongodb'.
Adding group `mongodb' (GID 120) ...
Done.
Adding user `mongodb' to group `mongodb' ...
Adding user mongodb to group mongodb
Done.
Setting up mongodb-org-shell (6.0.20) ...
Setting up mongodb-database-tools (100.11.0) ...
Setting up mongodb-org-mongos (6.0.20) ...
Setting up mongodb-org-database-tools-extra (6.0.20) ...
Setting up mongodb-org-database (6.0.20) ...
Setting up mongodb-org-tools (6.0.20) ...
Setting up mongodb-org (6.0.20) ...
Processing triggers for man-db (2.10.2-1) ...
Scanning processes...
Scanning candidates...
Scanning linux images...

Running kernel seems to be up-to-date.

Restarting services...
Service restarts being deferred:
 /etc/needrestart/restart.d/dbus.service
 systemctl restart networkd-dispatcher.service
 systemctl restart systemd-logind.service
 systemctl restart unattended-upgrades.service
 systemctl restart user@1000.service

No containers need to be restarted.

No user sessions are running outdated binaries.

No VM guests are running outdated hypervisor (qemu) binaries on this host.
zincheis@server:~$
zincheis@server:~$ sudo systemctl start mongod
zincheis@server:~$ sudo systemctl status mongod
● mongod.service - MongoDB Database Server
     Loaded: loaded (/lib/systemd/system/mongod.service; disabled; vendor preset: enabled)
     Active: active (running) since Fri 2025-03-14 13:17:26 UTC; 4s ago
       Docs: https://docs.mongodb.org/manual
   Main PID: 22302 (mongod)
     Memory: 68.5M
        CPU: 190ms
     CGroup: /system.slice/mongod.service
             └─22302 /usr/bin/mongod --config /etc/mongod.conf

Mar 14 13:17:26 server systemd[1]: Started MongoDB Database Server.
Mar 14 13:17:26 server mongod[22302]: {"t":{"$date":"2025-03-14T13:17:26.408Z"},"s":"I",  "c":"CONTROL",  "id":7484500, "ctx":"-","msg":"Environment variable MONGODB_CONFIG_OVERRIDE_NOFORK == 1, overriding \"process>
lines 1-12/12 (END)

zincheis@server:~$ sudo systemctl enable mongod
Created symlink /etc/systemd/system/multi-user.target.wants/mongod.service → /lib/systemd/system/mongod.service.
zincheis@server:~$ mongosh
Current Mongosh Log ID: 67d42c9a9d326d08796b140a
Connecting to:          mongodb://127.0.0.1:27017/?directConnection=true&serverSelectionTimeoutMS=2000&appName=mongosh+2.4.2
Using MongoDB:          6.0.20
Using Mongosh:          2.4.2

For mongosh info see: https://www.mongodb.com/docs/mongodb-shell/


To help improve our products, anonymous usage data is collected and sent to MongoDB periodically (https://www.mongodb.com/legal/privacy-policy).
You can opt-out by running the disableTelemetry() command.

------
   The server generated these startup warnings when booting
   2025-03-14T13:17:26.588+00:00: Using the XFS filesystem is strongly recommended with the WiredTiger storage engine. See http://dochub.mongodb.org/core/prodnotes-filesystem
   2025-03-14T13:17:26.713+00:00: Access control is not enabled for the database. Read and write access to data and configuration is unrestricted
   2025-03-14T13:17:26.713+00:00: vm.max_map_count is too low
------

test>

test> show databases
admin   40.00 KiB
config  92.00 KiB
local   40.00 KiB
test> use ihor_zinchenko
switched to db ihor_zinchenko
ihor_zinchenko> db.books.insertOne({title: 'MongoDB DBA Guru Notebook', description: 'A funny customized lined notebook journal for a busy MongoDB DBA employee and team member.', author: 'Glen S. Howoff', publisher: 'Independently published', pages: '102', year: '2021', tags: ['mongodb', 'database', 'NoSQL'], copies: 10 })
{
  acknowledged: true,
  insertedId: ObjectId('67d42f26813c92961a6b140b')
}
ihor_zinchenko>  db.books.insertOne({title: 'The Phoenix Project', descriprion: 'A Novel about IT, DevOps, and Helping Your Business Win', author: 'Gene Kim', year: '2013', pages: '345',  copies: 700000})
...
{
  acknowledged: true,
  insertedId: ObjectId('67d42f48813c92961a6b140c')
}
ihor_zinchenko> db.books.insertMany ([{title: 'Inferno', descriprion: 'The novel blends history, art, literature, and science into a fast-paced adventure through iconic locations in Italy and beyond.', author: 'Dan Brown',  year: '2013', pages: '624',  copies: 1400000}, {title: 'All Quiet on the Western Front', descriprion: 'is a novel about a German veteran of World War I', author: 'Erich Maria Remarque', year: '2016', pages: '146',  copies:30000} ])
{
  acknowledged: true,
  insertedIds: {
    '0': ObjectId('67d42f65813c92961a6b140d'),
    '1': ObjectId('67d42f65813c92961a6b140e')
  }
}
ihor_zinchenko>

ihor_zinchenko> db.books.find()
[
  {
    _id: ObjectId('67d42f26813c92961a6b140b'),
    title: 'MongoDB DBA Guru Notebook',
    description: 'A funny customized lined notebook journal for a busy MongoDB DBA employee and team member.',
    author: 'Glen S. Howoff',
    publisher: 'Independently published',
    pages: '102',
    year: '2021',
    tags: [ 'mongodb', 'database', 'NoSQL' ],
    copies: 10
  },
  {
    _id: ObjectId('67d42f48813c92961a6b140c'),
    title: 'The Phoenix Project',
    descriprion: 'A Novel about IT, DevOps, and Helping Your Business Win',
    author: 'Gene Kim',
    year: '2013',
    pages: '345',
    copies: 700000
  },
  {
    _id: ObjectId('67d42f65813c92961a6b140d'),
    title: 'Inferno',
    descriprion: 'The novel blends history, art, literature, and science into a fast-paced adventure through iconic locations in Italy and beyond.',
    author: 'Dan Brown',
    year: '2013',
    pages: '624',
    copies: 1400000
  },
  {
    _id: ObjectId('67d42f65813c92961a6b140e'),
    title: 'All Quiet on the Western Front',
    descriprion: 'is a novel about a German veteran of World War I',
    author: 'Erich Maria Remarque',
    year: '2016',
    pages: '146',
    copies: 30000
  }
]


ihor_zinchenko> db.books.updateOne({ title: 'Inferno' },{ $set: { copies: 500000 } })
{
  acknowledged: true,
  insertedId: null,
  matchedCount: 1,
  modifiedCount: 1,
  upsertedCount: 0
}
ihor_zinchenko> db.books.find()
[
  {
    _id: ObjectId('67d42f26813c92961a6b140b'),
    title: 'MongoDB DBA Guru Notebook',
    description: 'A funny customized lined notebook journal for a busy MongoDB DBA employee and team member.',
    author: 'Glen S. Howoff',
    publisher: 'Independently published',
    pages: '102',
    year: '2021',
    tags: [ 'mongodb', 'database', 'NoSQL' ],
    copies: 10
  },
  {
    _id: ObjectId('67d42f48813c92961a6b140c'),
    title: 'The Phoenix Project',
    descriprion: 'A Novel about IT, DevOps, and Helping Your Business Win',
    author: 'Gene Kim',
    year: '2013',
    pages: '345',
    copies: 700000
  },
  {
    _id: ObjectId('67d42f65813c92961a6b140d'),
    title: 'Inferno',
    descriprion: 'The novel blends history, art, literature, and science into a fast-paced adventure through iconic locations in Italy and beyond.',
    author: 'Dan Brown',
    year: '2013',
    pages: '624',
    copies: 500000
  },
  {
    _id: ObjectId('67d42f65813c92961a6b140e'),
    title: 'All Quiet on the Western Front',
    descriprion: 'is a novel about a German veteran of World War I',
    author: 'Erich Maria Remarque',
    year: '2016',
    pages: '146',
    copies: 30000
  }
]
ihor_zinchenko>

ihor_zinchenko> db.books.aggregate([{$group: {_id: "$year", books: {$push: "$title"}, count: {$sum: 1}}}, {$match: {count: {$gt: 1}}}, {$lookup: {from: "books", localField: "_id", foreignField: "year", as: "bookDetai                               ls"}}, {$unwind: "$bookDetails"}, {$replaceRoot: {newRoot: "$bookDetails"}}]);
[
  {
    _id: ObjectId('67d42f48813c92961a6b140c'),
    title: 'The Phoenix Project',
    descriprion: 'A Novel about IT, DevOps, and Helping Your Business Win',
    author: 'Gene Kim',
    year: '2013',
    pages: '345',
    copies: 700000
  },
  {
    _id: ObjectId('67d42f65813c92961a6b140d'),
    title: 'Inferno',
    descriprion: 'The novel blends history, art, literature, and science into a fast-paced adventure through iconic locations in Italy and beyond.',
    author: 'Dan Brown',
    year: '2013',
    pages: '624',
    copies: 500000
  }
]
ihor_zinchenko>



zincheis@server:~$ mongodump --db ihor_zinchenko --out /home/zincheis/devops_2025/
2025-03-14T13:45:54.822+0000    writing ihor_zinchenko.books to /home/zincheis/devops_2025/ihor_zinchenko/books.bson
2025-03-14T13:45:54.822+0000    done dumping ihor_zinchenko.books (4 documents)
zincheis@server:~$ cd /home/zincheis/devops_2025/
zincheis@server:~/devops_2025$ ll
total 28
drwxrwxr-x  5 zincheis zincheis 4096 Mar 14 13:45 ./
drwxr-x---  9 zincheis zincheis 4096 Mar 14 13:18 ../
drwxrwxr-x  8 zincheis zincheis 4096 Mar 14 11:24 .git/
-rw-rw-r--  1 zincheis zincheis   26 Feb 17 15:42 .gitignore
drwxrwxr-x  2 zincheis zincheis 4096 Mar 14 13:45 ihor_zinchenko/
-rw-rw-r--  1 zincheis zincheis   13 Feb 13 12:07 README.md
drwxrwxr-x 11 zincheis zincheis 4096 Mar 14 11:24 zinchenko_ihor/
zincheis@server:~/devops_2025$ cd ihor_zinchenko/
zincheis@server:~/devops_2025/ihor_zinchenko$ ll
total 16
drwxrwxr-x 2 zincheis zincheis 4096 Mar 14 13:45 ./
drwxrwxr-x 5 zincheis zincheis 4096 Mar 14 13:45 ../
-rw-rw-r-- 1 zincheis zincheis  975 Mar 14 13:45 books.bson
-rw-rw-r-- 1 zincheis zincheis  172 Mar 14 13:45 books.metadata.json
zincheis@server:~/devops_2025/ihor_zinchenko$
zincheis@server:~/devops_2025/ihor_zinchenko$ mongorestore --db ihor_zinchenko_new /home/zincheis/devops_2025/ihor_zinchenko/
2025-03-14T13:50:03.150+0000    The --db and --collection flags are deprecated for this use-case; please use --nsInclude instead, i.e. with --nsInclude=${DATABASE}.${COLLECTION}
2025-03-14T13:50:03.150+0000    building a list of collections to restore from /home/zincheis/devops_2025/ihor_zinchenko dir
2025-03-14T13:50:03.151+0000    reading metadata for ihor_zinchenko_new.books from /home/zincheis/devops_2025/ihor_zinchenko/books.metadata.json
2025-03-14T13:50:03.164+0000    restoring ihor_zinchenko_new.books from /home/zincheis/devops_2025/ihor_zinchenko/books.bson
2025-03-14T13:50:03.175+0000    finished restoring ihor_zinchenko_new.books (4 documents, 0 failures)
2025-03-14T13:50:03.175+0000    no indexes to restore for collection ihor_zinchenko_new.books
2025-03-14T13:50:03.175+0000    4 document(s) restored successfully. 0 document(s) failed to restore.
zincheis@server:~/devops_2025/ihor_zinchenko$ mongosh
Current Mongosh Log ID: 67d4341e2f873efc3c6b140a
Connecting to:          mongodb://127.0.0.1:27017/?directConnection=true&serverSelectionTimeoutMS=2000&appName=mongosh+2.4.2
Using MongoDB:          6.0.20
Using Mongosh:          2.4.2

For mongosh info see: https://www.mongodb.com/docs/mongodb-shell/

------
   The server generated these startup warnings when booting
   2025-03-14T13:17:26.588+00:00: Using the XFS filesystem is strongly recommended with the WiredTiger storage engine. See http://dochub.mongodb.org/core/prodnotes-filesystem
   2025-03-14T13:17:26.713+00:00: Access control is not enabled for the database. Read and write access to data and configuration is unrestricted
   2025-03-14T13:17:26.713+00:00: vm.max_map_count is too low
------

test> show databases
admin               40.00 KiB
config              72.00 KiB
ihor_zinchenko      72.00 KiB
ihor_zinchenko_new  40.00 KiB
local               40.00 KiB
test> use ihor_zinchenko_new
switched to db ihor_zinchenko_new
ihor_zinchenko_new> db.books.find()
[
  {
    _id: ObjectId('67d42f26813c92961a6b140b'),
    title: 'MongoDB DBA Guru Notebook',
    description: 'A funny customized lined notebook journal for a busy MongoDB DBA employee and team member.',
    author: 'Glen S. Howoff',
    publisher: 'Independently published',
    pages: '102',
    year: '2021',
    tags: [ 'mongodb', 'database', 'NoSQL' ],
    copies: 10
  },
  {
    _id: ObjectId('67d42f48813c92961a6b140c'),
    title: 'The Phoenix Project',
    descriprion: 'A Novel about IT, DevOps, and Helping Your Business Win',
    author: 'Gene Kim',
    year: '2013',
    pages: '345',
    copies: 700000
  },
  {
    _id: ObjectId('67d42f65813c92961a6b140d'),
    title: 'Inferno',
    descriprion: 'The novel blends history, art, literature, and science into a fast-paced adventure through iconic locations in Italy and beyond.',
    author: 'Dan Brown',
    year: '2013',
    pages: '624',
    copies: 500000
  },
  {
    _id: ObjectId('67d42f65813c92961a6b140e'),
    title: 'All Quiet on the Western Front',
    descriprion: 'is a novel about a German veteran of World War I',
    author: 'Erich Maria Remarque',
    year: '2016',
    pages: '146',
    copies: 30000
  }
]
ihor_zinchenko_new>
