$ ping -c 10 -s 1500 127.0.0.1
PING 127.0.0.1 (127.0.0.1) 1500(1528) bytes of data.
1508 bytes from 127.0.0.1: icmp_seq=1 ttl=64 time=0.076 ms
1508 bytes from 127.0.0.1: icmp_seq=2 ttl=64 time=0.051 ms
1508 bytes from 127.0.0.1: icmp_seq=3 ttl=64 time=0.068 ms
1508 bytes from 127.0.0.1: icmp_seq=4 ttl=64 time=0.057 ms
1508 bytes from 127.0.0.1: icmp_seq=5 ttl=64 time=0.030 ms
1508 bytes from 127.0.0.1: icmp_seq=6 ttl=64 time=0.052 ms
1508 bytes from 127.0.0.1: icmp_seq=7 ttl=64 time=0.049 ms
1508 bytes from 127.0.0.1: icmp_seq=8 ttl=64 time=0.050 ms
1508 bytes from 127.0.0.1: icmp_seq=9 ttl=64 time=0.025 ms
1508 bytes from 127.0.0.1: icmp_seq=10 ttl=64 time=0.030 ms

--- 127.0.0.1 ping statistics ---
10 packets transmitted, 10 received, 0% packet loss, time 9236ms
rtt min/avg/max/mdev = 0.025/0.048/0.076/0.015 ms


$ ping -c 5 softserve.academy
PING softserve.academy (45.60.65.61) 56(84) bytes of data.
64 bytes from 45.60.65.61 (45.60.65.61): icmp_seq=1 ttl=56 time=243 ms
64 bytes from 45.60.65.61 (45.60.65.61): icmp_seq=2 ttl=56 time=266 ms
64 bytes from 45.60.65.61 (45.60.65.61): icmp_seq=3 ttl=56 time=288 ms
64 bytes from 45.60.65.61 (45.60.65.61): icmp_seq=4 ttl=56 time=310 ms
64 bytes from 45.60.65.61 (45.60.65.61): icmp_seq=5 ttl=56 time=241 ms

--- softserve.academy ping statistics ---
5 packets transmitted, 5 received, 0% packet loss, time 4006ms
rtt min/avg/max/mdev = 241.085/269.480/310.260/26.561 ms

$ nslookup softserve.academy
Server:		100.64.100.1
Address:	100.64.100.1#53

Non-authoritative answer:
Name:	softserve.academy
Address: 45.60.72.61
Name:	softserve.academy
Address: 45.60.65.61

$ dig softserve.academy +short
45.60.65.61
45.60.72.61

$ traceroute softserve.academy
traceroute to softserve.academy (45.60.72.61), 30 hops max, 60 byte packets
 1  _gateway (192.168.21.1)  1.198 ms  1.912 ms  1.887 ms
 2  192.168.20.1 (192.168.20.1)  1.868 ms  1.844 ms  1.822 ms
 3  192.168.1.1 (192.168.1.1)  2.374 ms  2.766 ms  3.137 ms
 4  100.64.0.1 (100.64.0.1)  47.102 ms  56.216 ms  59.640 ms
 5  172.16.250.46 (172.16.250.46)  47.039 ms  56.153 ms  59.577 ms
 6  undefined.hostname.localhost (206.224.71.58)  47.318 ms undefined.hostname.localhost (206.224.71.46)  78.951 ms *
 7  undefined.hostname.localhost (206.224.71.32)  162.132 ms undefined.hostname.localhost (206.224.71.34)  162.101 ms undefined.hostname.localhost (206.224.71.36)  162.077 ms
 8  war-b3-link.ip.twelve99.net (62.115.176.74)  166.192 ms  162.030 ms  166.450 ms
 9  * ffm-bb1-link.ip.twelve99.net (62.115.117.224)  176.922 ms ffm-bb2-link.ip.twelve99.net (62.115.120.20)  187.860 ms
10  ffm-b14-link.ip.twelve99.net (62.115.132.211)  187.895 ms ffm-b14-link.ip.twelve99.net (62.115.132.209)  198.839 ms  187.845 ms
11  imperva-ic-377658.ip.twelve99-cust.net (213.248.92.147)  198.746 ms  187.783 ms  175.896 ms
12  * * *
13  * * *
14  * * *
15  * * *
16  * * *
17  * * *
18  * * *
19  * * *
20  * * *
21  * * *
22  * * *
23  * * *
24  * * *
25  * * *
26  * * *
27  * * *
28  * * *
29  * * *
30  * * *

$ tracepath softserve.academy
 1?: [LOCALHOST]                      pmtu 1500
 1:  _gateway                                              1.110ms 
 1:  _gateway                                              1.065ms 
 2:  ???                                                   1.451ms 
 3:  ???                                                   3.348ms 
 4:  ???                                                  86.121ms asymm  5 
 5:  ???                                                 148.092ms 
 6:  undefined.hostname.localhost                        289.814ms (This broken router returned corrupted payload) asymm  9 
 7:  undefined.hostname.localhost                         41.803ms 
 8:  war-b3-link.ip.twelve99.net                          90.191ms 
 9:  ffm-bb1-link.ip.twelve99.net                         75.335ms asymm 12 
10:  ffm-b14-link.ip.twelve99.net                        220.658ms 
11:  imperva-ic-377658.ip.twelve99-cust.net              204.981ms 
12:  no reply
13:  no reply
14:  no reply
15:  no reply
16:  no reply
17:  no reply
18:  no reply
19:  no reply
20:  no reply
21:  no reply
22:  no reply
23:  no reply
24:  no reply
25:  no reply
26:  no reply
27:  no reply
28:  no reply
29:  no reply
30:  no reply
     Too many hops: pmtu 1500
     Resume: pmtu 1500 


$ host -t AAAA google.com
google.com has IPv6 address 2a00:1450:401b:80d::200e

$ host -t A google.com
google.com has address 142.250.203.206

$ host 8.8.8.8
8.8.8.8.in-addr.arpa domain name pointer dns.google.


$ resolvectl status
Link 2 (enp2s0)
Current Scopes: none
     Protocols: -DefaultRoute +LLMNR -mDNS -DNSOverTLS DNSSEC=no/unsupported

Link 3 (wlp0s20f3)
    Current Scopes: DNS
         Protocols: +DefaultRoute +LLMNR -mDNS -DNSOverTLS
                    DNSSEC=no/unsupported
Current DNS Server: 1.1.1.1
       DNS Servers: 1.1.1.1 8.8.8.8

Link 4 (br-c5db3e431191)
Current Scopes: none
     Protocols: -DefaultRoute +LLMNR -mDNS -DNSOverTLS DNSSEC=no/unsupported

Link 5 (docker0)
Current Scopes: none
     Protocols: -DefaultRoute +LLMNR -mDNS -DNSOverTLS DNSSEC=no/unsupported

$ nslookup google.com
Server:		127.0.0.53
Address:	127.0.0.53#53

Non-authoritative answer:
Name:	google.com
Address: 216.58.209.14
Name:	google.com
Address: 2a00:1450:401b:80d::200e

$ sudo netstat -tulnp
Active Internet connections (only servers)
Proto Recv-Q Send-Q Local Address           Foreign Address         State       PID/Program name    
tcp        0      0 127.0.0.53:53           0.0.0.0:*               LISTEN      514/systemd-resolve 
tcp        0      0 127.0.0.1:33060         0.0.0.0:*               LISTEN      746/mysqld          
tcp        0      0 127.0.0.1:631           0.0.0.0:*               LISTEN      661/cupsd           
tcp        0      0 127.0.0.1:44491         0.0.0.0:*               LISTEN      2718/expressvpn-age 
tcp        0      0 127.0.0.1:3306          0.0.0.0:*               LISTEN      746/mysqld          
tcp6       0      0 ::1:631                 :::*                    LISTEN      661/cupsd           
udp        0      0 127.0.0.53:53           0.0.0.0:*                           514/systemd-resolve 
udp        0      0 0.0.0.0:37365           0.0.0.0:*                           565/avahi-daemon: r 
udp        0      0 224.0.0.251:5353        0.0.0.0:*                           3207/chrome --type= 
udp        0      0 0.0.0.0:5353            0.0.0.0:*                           565/avahi-daemon: r 
udp6       0      0 :::5353                 :::*                                565/avahi-daemon: r 
udp6       0      0 :::46626                :::*                                565/avahi-daemon: r 

$ sudo ss -tulnp
Netid    State     Recv-Q    Send-Q        Local Address:Port          Peer Address:Port    Process                                                                                     
udp      UNCONN    0         0             127.0.0.53%lo:53                 0.0.0.0:*        users:(("systemd-resolve",pid=514,fd=13))                                                  
udp      UNCONN    0         0                   0.0.0.0:37365              0.0.0.0:*        users:(("avahi-daemon",pid=565,fd=14))                                                     
udp      UNCONN    0         0               224.0.0.251:5353               0.0.0.0:*        users:(("chrome",pid=3207,fd=40))                                                          
udp      UNCONN    0         0                   0.0.0.0:5353               0.0.0.0:*        users:(("avahi-daemon",pid=565,fd=12))                                                     
udp      UNCONN    0         0                      [::]:5353                  [::]:*        users:(("avahi-daemon",pid=565,fd=13))                                                     
udp      UNCONN    0         0                      [::]:46626                 [::]:*        users:(("avahi-daemon",pid=565,fd=15))                                                     
tcp      LISTEN    0         4096              127.0.0.1:46147              0.0.0.0:*        users:(("expressvpn-brow",pid=3368,fd=7))                                                  
tcp      LISTEN    0         4096          127.0.0.53%lo:53                 0.0.0.0:*        users:(("systemd-resolve",pid=514,fd=14))                                                  
tcp      LISTEN    0         70                127.0.0.1:33060              0.0.0.0:*        users:(("mysqld",pid=746,fd=21))                                                           
tcp      LISTEN    0         128               127.0.0.1:631                0.0.0.0:*        users:(("cupsd",pid=661,fd=8))                                                             
tcp      LISTEN    0         151               127.0.0.1:3306               0.0.0.0:*        users:(("mysqld",pid=746,fd=23))                                                           
tcp      LISTEN    0         128                   [::1]:631                   [::]:*        users:(("cupsd",pid=661,fd=7))  


$ ip a show
3: wlp0s20f3: <BROADCAST,MULTICAST,UP,LOWER_UP> mtu 1500 qdisc noqueue state UP group default qlen 1000
    link/ether ac:74:b1:97:bc:fb brd ff:ff:ff:ff:ff:ff
    inet 192.168.21.192/24 brd 192.168.21.255 scope global dynamic wlp0s20f3
       valid_lft 1412sec preferred_lft 1412sec
    inet6 fe80::d005:90ad:5a5a:6af5/64 scope link noprefixroute 
       valid_lft forever preferred_lft forever

 $ sudo dhclient -r
Killed old client process

$ ip a show
3: wlp0s20f3: <BROADCAST,MULTICAST,UP,LOWER_UP> mtu 1500 qdisc noqueue state UP group default qlen 1000
    link/ether ac:74:b1:97:bc:fb brd ff:ff:ff:ff:ff:ff
    inet6 fe80::d005:90ad:5a5a:6af5/64 scope link noprefixroute 
       valid_lft forever preferred_lft forever

$ sudo dhclient
$ ip a show

$ ip a show
3: wlp0s20f3: <BROADCAST,MULTICAST,UP,LOWER_UP> mtu 1500 qdisc noqueue state UP group default qlen 1000
    link/ether ac:74:b1:97:bc:fb brd ff:ff:ff:ff:ff:ff
    inet 192.168.21.192/24 brd 192.168.21.255 scope global dynamic wlp0s20f3
       valid_lft 1314sec preferred_lft 1314sec
    inet6 fe80::d005:90ad:5a5a:6af5/64 scope link noprefixroute 
       valid_lft forever preferred_lft forever


$ sudo tcpdump -i wlp0s20f3 host 104.18.21.57 -n -v
tcpdump: listening on wlp0s20f3, link-type EN10MB (Ethernet), snapshot length 262144 bytes
11:01:27.628251 IP (tos 0x0, ttl 64, id 55964, offset 0, flags [DF], proto TCP (6), length 133)
    192.168.21.192.35608 > 104.18.21.57.443: Flags [P.], cksum 0x542b (incorrect -> 0xe881), seq 3640941555:3640941636, ack 4250137246, win 9798, options [nop,nop,TS val 2812795077 ecr 805398795], length 81
11:01:27.630095 IP (tos 0x0, ttl 64, id 55965, offset 0, flags [DF], proto TCP (6), length 91)
    192.168.21.192.35608 > 104.18.21.57.443: Flags [P.], cksum 0x5401 (incorrect -> 0x8f0e), seq 81:120, ack 1, win 9798, options [nop,nop,TS val 2812795079 ecr 805398795], length 39
11:01:27.656101 IP (tos 0x88, ttl 55, id 59814, offset 0, flags [DF], proto TCP (6), length 52)
    104.18.21.57.443 > 192.168.21.192.35608: Flags [.], cksum 0x2894 (correct), ack 81, win 10, options [nop,nop,TS val 805410797 ecr 2812795077], length 0
11:01:27.656560 IP (tos 0x88, ttl 55, id 59815, offset 0, flags [DF], proto TCP (6), length 52)
    104.18.21.57.443 > 192.168.21.192.35608: Flags [.], cksum 0x286b (correct), ack 120, win 10, options [nop,nop,TS val 805410797 ecr 2812795079], length 0
11:01:27.656561 IP (tos 0x88, ttl 55, id 59816, offset 0, flags [DF], proto TCP (6), length 91)
    104.18.21.57.443 > 192.168.21.192.35608: Flags [P.], cksum 0x8b6e (correct), seq 1:40, ack 120, win 10, options [nop,nop,TS val 805410797 ecr 2812795079], length 39
11:01:27.697094 IP (tos 0x0, ttl 64, id 55966, offset 0, flags [DF], proto TCP (6), length 52)
    192.168.21.192.35608 > 104.18.21.57.443: Flags [.], cksum 0x53da (incorrect -> 0x01c5), ack 40, win 9798, options [nop,nop,TS val 2812795146 ecr 805410797], length 0
11:01:27.720772 IP (tos 0x88, ttl 55, id 59817, offset 0, flags [DF], proto TCP (6), length 315)
    104.18.21.57.443 > 192.168.21.192.35608: Flags [P.], cksum 0xd313 (correct), seq 40:303, ack 120, win 10, options [nop,nop,TS val 805410857 ecr 2812795079], length 263
11:01:27.720776 IP (tos 0x88, ttl 55, id 59818, offset 0, flags [DF], proto TCP (6), length 1500)
    104.18.21.57.443 > 192.168.21.192.35608: Flags [.], cksum 0x7124 (correct), seq 303:1751, ack 120, win 10, options [nop,nop,TS val 805410857 ecr 2812795079], length 1448
11:01:27.720839 IP (tos 0x0, ttl 64, id 55967, offset 0, flags [DF], proto TCP (6), length 52)
    192.168.21.192.35608 > 104.18.21.57.443: Flags [.], cksum 0x53da (incorrect -> 0x006d), ack 303, win 9796, options [nop,nop,TS val 2812795169 ecr 805410857], length 0
11:01:27.720883 IP (tos 0x0, ttl 64, id 55968, offset 0, flags [DF], proto TCP (6), length 52)
    192.168.21.192.35608 > 104.18.21.57.443: Flags [.], cksum 0x53da (incorrect -> 0xfacf), ack 1751, win 9785, options [nop,nop,TS val 2812795169 ecr 805410857], length 0
11:01:27.721083 IP (tos 0x88, ttl 55, id 59819, offset 0, flags [DF], proto TCP (6), length 1500)
    104.18.21.57.443 > 192.168.21.192.35608: Flags [.], cksum 0x4efd (correct), seq 1751:3199, ack 120, win 10, options [nop,nop,TS val 805410857 ecr 2812795079], length 1448
11:01:27.721098 IP (tos 0x0, ttl 64, id 55969, offset 0, flags [DF], proto TCP (6), length 52)
    192.168.21.192.35608 > 104.18.21.57.443: Flags [.], cksum 0x53da (incorrect -> 0xf524), ack 3199, win 9787, options [nop,nop,TS val 2812795170 ecr 805410857], length 0
11:01:27.721803 IP (tos 0x88, ttl 55, id 59820, offset 0, flags [DF], proto TCP (6), length 2948)
    104.18.21.57.443 > 192.168.21.192.35608: Flags [.], cksum 0x5f2a (incorrect -> 0x9ee0), seq 3199:6095, ack 120, win 10, options [nop,nop,TS val 805410857 ecr 2812795079], length 2896
11:01:27.721827 IP (tos 0x0, ttl 64, id 55970, offset 0, flags [DF], proto TCP (6), length 52)
    192.168.21.192.35608 > 104.18.21.57.443: Flags [.], cksum 0x53da (incorrect -> 0xe9de), ack 6095, win 9777, options [nop,nop,TS val 2812795170 ecr 805410857], length 0
11:01:27.722231 IP (tos 0x88, ttl 55, id 59822, offset 0, flags [DF], proto TCP (6), length 3922)
    104.18.21.57.443 > 192.168.21.192.35608: Flags [P.], cksum 0x62f8 (incorrect -> 0xb9d1), seq 6095:9965, ack 120, win 10, options [nop,nop,TS val 805410857 ecr 2812795079], length 3870



$ sudo grep -i "network" /var/log/syslog
Mar 19 10:49:09 MIKE--V14 NetworkManager[574]: <info>  [1742374149.0001] device (docker0): state change: unavailable -> disconnected (reason 'connection-assumed', sys-iface-state: 'external')
Mar 19 10:49:09 MIKE--V14 NetworkManager[574]: <info>  [1742374149.0009] device (docker0): Activation: starting connection 'docker0' (703ef220-6f4f-458b-a02c-bd5cbe7fa14f)
Mar 19 10:49:09 MIKE--V14 NetworkManager[574]: <info>  [1742374149.0017] device (docker0): state change: disconnected -> prepare (reason 'none', sys-iface-state: 'external')
Mar 19 10:49:09 MIKE--V14 NetworkManager[574]: <info>  [1742374149.0018] device (docker0): state change: prepare -> config (reason 'none', sys-iface-state: 'external')
Mar 19 10:49:09 MIKE--V14 NetworkManager[574]: <info>  [1742374149.0020] device (docker0): state change: config -> ip-config (reason 'none', sys-iface-state: 'external')
Mar 19 10:49:09 MIKE--V14 NetworkManager[574]: <info>  [1742374149.0029] device (docker0): state change: ip-config -> ip-check (reason 'none', sys-iface-state: 'external')
Mar 19 10:49:09 MIKE--V14 NetworkManager[574]: <info>  [1742374149.0074] device (docker0): state change: ip-check -> secondaries (reason 'none', sys-iface-state: 'external')
Mar 19 10:49:09 MIKE--V14 NetworkManager[574]: <info>  [1742374149.0075] device (docker0): state change: secondaries -> activated (reason 'none', sys-iface-state: 'external')
Mar 19 10:49:09 MIKE--V14 NetworkManager[574]: <info>  [1742374149.0079] device (docker0): Activation: successful, device activated.
Mar 19 10:49:19 MIKE--V14 systemd[1]: NetworkManager-dispatcher.service: Deactivated successfully.
Mar 19 11:06:55 MIKE--V14 NetworkManager[574]: <info>  [1742375215.2470] dhcp4 (wlp0s20f3): state changed new lease, address=192.168.21.192
